<html>
<body>
<pre>
<h1>礦ision Build Log</h1>
<h2>Tool Versions:</h2>
IDE-Version: μVision V5.20.0.0
Copyright (C) 2016 ARM Ltd and ARM Germany GmbH. All rights reserved.
License Information: z zz, NJUPT, LIC=AK1EV-PIX8W-4AYDE-5T3IA-6PJ1T-5FZ3Z
 
Tool Versions:
Toolchain:       MDK-ARM Professional  Version: 5.20
Toolchain Path:  D:\MDK5.12\ARM\ARMCC\Bin
C Compiler:      Armcc.exe V5.06 update 2 (build 183)
Assembler:       Armasm.exe V5.06 update 2 (build 183)
Linker/Locator:  ArmLink.exe V5.06 update 2 (build 183)
Library Manager: ArmAr.exe V5.06 update 2 (build 183)
Hex Converter:   FromElf.exe V5.06 update 2 (build 183)
CPU DLL:         SARMCM3.DLL V5.20
Dialog DLL:      DCM.DLL V1.13.7.0
Target DLL:      STLink\ST-LINKIII-KEIL_SWO.dll V2.0.18.0
Dialog DLL:      TCM.DLL V1.14.9.0
 
<h2>Project:</h2>
E:\嵌入式\STM32\CODE\STM32F4CODE\Freertos\STITP各模块\文件部分\MDK-ARM\Freertos_mode.uvprojx
Project File Date:  10/15/2017

<h2>Output:</h2>
*** Using Compiler 'V5.06 update 2 (build 183)', folder: 'D:\MDK5.12\ARM\ARMCC\Bin'
Build target 'Freertos_mode'
compiling croutine.c...
compiling queue.c...
compiling list.c...
compiling heap_4.c...
compiling cmsis_os.c...
compiling timers.c...
compiling tasks.c...
compiling event_groups.c...
compiling port.c...
compiling stm32f4xx_hal_pwr_ex.c...
compiling stm32f4xx_hal.c...
compiling stm32f4xx_hal_flash_ex.c...
compiling stm32f4xx_hal_flash.c...
compiling stm32f4xx_hal_rcc_ex.c...
compiling stm32f4xx_hal_tim.c...
compiling stm32f4xx_hal_cortex.c...
compiling stm32f4xx_hal_gpio.c...
compiling stm32f4xx_hal_dma.c...
compiling stm32f4xx_hal_uart.c...
compiling stm32f4xx_hal_tim_ex.c...
compiling stm32f4xx_hal_pwr.c...
compiling stm32f4xx_hal_flash_ramfunc.c...
compiling stm32f4xx_hal_rcc.c...
compiling stm32f4xx_hal_dma_ex.c...
compiling stm32f4xx_hal_sram.c...
compiling stm32f4xx_ll_fmc.c...
compiling stm32f4xx_ll_fsmc.c...
compiling stm32f4xx_ll_sdmmc.c...
compiling system_stm32f4xx.c...
compiling stm32f4xx_hal_sd.c...
compiling stm32f4xx_hal_msp.c...
compiling freertos.c...
../Src/freertos.c(229): warning:  #177-D: variable "t" was declared but never referenced
    u8 t=0;	
../Src/freertos.c: 1 warning, 0 errors
compiling stm32f4xx_it.c...
compiling main.c...
compiling stm32f4xx_hal_timebase_TIM.c...
compiling gpio.c...
compiling usart.c...
compiling fsmc.c...
compiling dma.c...
compiling sdio.c...
compiling key.c...
compiling bsp_driver_sd.c...
compiling fatfs.c...
compiling delay.c...
compiling sys.c...
compiling usrt.c...
compiling sd.c...
compiling lcd.c...
compiling sram.c...
compiling SD_TEST.c...
compiling malloc.c...
compiling sd_diskio.c...
compiling diskio.c...
compiling ff.c...
compiling ff_gen_drv.c...
compiling cc936.c...
compiling syscall.c...
linking...
Program Size: Code=33856 RO-data=6724 RW-data=188 ZI-data=1236836  
"Freertos_mode\Freertos_mode.axf" - 0 Error(s), 1 Warning(s).

<h2>Software Packages used:</h2>

Package Vendor: ARM
                http://www.keil.com/pack/ARM.CMSIS.4.5.0.pack
                ARM::CMSIS:CORE:4.3.0
                CMSIS (Cortex Microcontroller Software Interface Standard)
   * Component: CORE Version: 4.3.0

<h2>Collection of Component include folders:</h2>
  E:\嵌入式\STM32\CODE\STM32F4CODE\Freertos\STITP各模块\文件部分\MDK-ARM\RTE
  D:\MDK5.12\ARM\PACK\ARM\CMSIS\4.5.0\CMSIS\Include
  D:\MDK5.12\ARM\PACK\Keil\STM32F4xx_DFP\2.11.0\Drivers\CMSIS\Device\ST\STM32F4xx\Include

<h2>Collection of Component Files used:</h2>

   * Component: ARM::CMSIS:CORE:4.3.0
Build Time Elapsed:  00:01:13
</pre>
</body>
</html>
