Component: ARM Compiler 5.06 update 2 (build 183) Tool: armlink [4d35b7]

==============================================================================

Section Cross References

    cmsis_os.o(i.osDelay) refers to tasks.o(i.vTaskDelay) for vTaskDelay
    cmsis_os.o(i.osKernelRunning) refers to tasks.o(i.xTaskGetSchedulerState) for xTaskGetSchedulerState
    cmsis_os.o(i.osKernelStart) refers to tasks.o(i.vTaskStartScheduler) for vTaskStartScheduler
    cmsis_os.o(i.osKernelSysTick) refers to cmsis_os.o(i.inHandlerMode) for inHandlerMode
    cmsis_os.o(i.osKernelSysTick) refers to tasks.o(i.xTaskGetTickCountFromISR) for xTaskGetTickCountFromISR
    cmsis_os.o(i.osKernelSysTick) refers to tasks.o(i.xTaskGetTickCount) for xTaskGetTickCount
    cmsis_os.o(i.osMailAlloc) refers to cmsis_os.o(i.osPoolAlloc) for osPoolAlloc
    cmsis_os.o(i.osMailCAlloc) refers to cmsis_os.o(i.osMailAlloc) for osMailAlloc
    cmsis_os.o(i.osMailCreate) refers to heap_4.o(i.pvPortMalloc) for pvPortMalloc
    cmsis_os.o(i.osMailCreate) refers to queue.o(i.xQueueGenericCreate) for xQueueGenericCreate
    cmsis_os.o(i.osMailCreate) refers to cmsis_os.o(i.osPoolCreate) for osPoolCreate
    cmsis_os.o(i.osMailCreate) refers to heap_4.o(i.vPortFree) for vPortFree
    cmsis_os.o(i.osMailFree) refers to cmsis_os.o(i.osPoolFree) for osPoolFree
    cmsis_os.o(i.osMailGet) refers to cmsis_os.o(i.inHandlerMode) for inHandlerMode
    cmsis_os.o(i.osMailGet) refers to queue.o(i.xQueueReceiveFromISR) for xQueueReceiveFromISR
    cmsis_os.o(i.osMailGet) refers to queue.o(i.xQueueGenericReceive) for xQueueGenericReceive
    cmsis_os.o(i.osMailPut) refers to cmsis_os.o(i.inHandlerMode) for inHandlerMode
    cmsis_os.o(i.osMailPut) refers to queue.o(i.xQueueGenericSendFromISR) for xQueueGenericSendFromISR
    cmsis_os.o(i.osMailPut) refers to queue.o(i.xQueueGenericSend) for xQueueGenericSend
    cmsis_os.o(i.osMessageCreate) refers to queue.o(i.xQueueGenericCreate) for xQueueGenericCreate
    cmsis_os.o(i.osMessageGet) refers to cmsis_os.o(i.inHandlerMode) for inHandlerMode
    cmsis_os.o(i.osMessageGet) refers to queue.o(i.xQueueReceiveFromISR) for xQueueReceiveFromISR
    cmsis_os.o(i.osMessageGet) refers to queue.o(i.xQueueGenericReceive) for xQueueGenericReceive
    cmsis_os.o(i.osMessagePeek) refers to queue.o(i.xQueueGenericReceive) for xQueueGenericReceive
    cmsis_os.o(i.osMessagePut) refers to cmsis_os.o(i.inHandlerMode) for inHandlerMode
    cmsis_os.o(i.osMessagePut) refers to queue.o(i.xQueueGenericSendFromISR) for xQueueGenericSendFromISR
    cmsis_os.o(i.osMessagePut) refers to queue.o(i.xQueueGenericSend) for xQueueGenericSend
    cmsis_os.o(i.osMutexCreate) refers to queue.o(i.xQueueCreateMutex) for xQueueCreateMutex
    cmsis_os.o(i.osMutexDelete) refers to cmsis_os.o(i.inHandlerMode) for inHandlerMode
    cmsis_os.o(i.osMutexDelete) refers to queue.o(i.vQueueDelete) for vQueueDelete
    cmsis_os.o(i.osMutexRelease) refers to cmsis_os.o(i.inHandlerMode) for inHandlerMode
    cmsis_os.o(i.osMutexRelease) refers to queue.o(i.xQueueGiveFromISR) for xQueueGiveFromISR
    cmsis_os.o(i.osMutexRelease) refers to queue.o(i.xQueueGenericSend) for xQueueGenericSend
    cmsis_os.o(i.osMutexWait) refers to cmsis_os.o(i.inHandlerMode) for inHandlerMode
    cmsis_os.o(i.osMutexWait) refers to queue.o(i.xQueueReceiveFromISR) for xQueueReceiveFromISR
    cmsis_os.o(i.osMutexWait) refers to queue.o(i.xQueueGenericReceive) for xQueueGenericReceive
    cmsis_os.o(i.osPoolAlloc) refers to cmsis_os.o(i.inHandlerMode) for inHandlerMode
    cmsis_os.o(i.osPoolAlloc) refers to port.o(i.vPortEnterCritical) for vPortEnterCritical
    cmsis_os.o(i.osPoolAlloc) refers to port.o(i.vPortExitCritical) for vPortExitCritical
    cmsis_os.o(i.osPoolCAlloc) refers to cmsis_os.o(i.osPoolAlloc) for osPoolAlloc
    cmsis_os.o(i.osPoolCreate) refers to heap_4.o(i.pvPortMalloc) for pvPortMalloc
    cmsis_os.o(i.osPoolCreate) refers to heap_4.o(i.vPortFree) for vPortFree
    cmsis_os.o(i.osSemaphoreCreate) refers to queue.o(i.xQueueGenericCreate) for xQueueGenericCreate
    cmsis_os.o(i.osSemaphoreCreate) refers to queue.o(i.xQueueGenericSend) for xQueueGenericSend
    cmsis_os.o(i.osSemaphoreDelete) refers to cmsis_os.o(i.inHandlerMode) for inHandlerMode
    cmsis_os.o(i.osSemaphoreDelete) refers to queue.o(i.vQueueDelete) for vQueueDelete
    cmsis_os.o(i.osSemaphoreRelease) refers to cmsis_os.o(i.inHandlerMode) for inHandlerMode
    cmsis_os.o(i.osSemaphoreRelease) refers to queue.o(i.xQueueGiveFromISR) for xQueueGiveFromISR
    cmsis_os.o(i.osSemaphoreRelease) refers to queue.o(i.xQueueGenericSend) for xQueueGenericSend
    cmsis_os.o(i.osSemaphoreWait) refers to cmsis_os.o(i.inHandlerMode) for inHandlerMode
    cmsis_os.o(i.osSemaphoreWait) refers to queue.o(i.xQueueReceiveFromISR) for xQueueReceiveFromISR
    cmsis_os.o(i.osSemaphoreWait) refers to queue.o(i.xQueueGenericReceive) for xQueueGenericReceive
[...]
    Removing stm32f4xx_hal_sd.o(i.HAL_SD_ReadBlocks_DMA), (240 bytes).
    Removing stm32f4xx_hal_sd.o(i.HAL_SD_SendSDStatus), (296 bytes).
    Removing stm32f4xx_hal_sd.o(i.HAL_SD_StopTransfer), (44 bytes).
    Removing stm32f4xx_hal_sd.o(i.HAL_SD_WriteBlocks), (472 bytes).
    Removing stm32f4xx_hal_sd.o(i.HAL_SD_WriteBlocks_DMA), (244 bytes).
    Removing stm32f4xx_hal_sd.o(i.SD_DMA_RxCplt), (26 bytes).
    Removing stm32f4xx_hal_sd.o(i.SD_DMA_RxError), (12 bytes).
    Removing stm32f4xx_hal_sd.o(i.SD_DMA_TxCplt), (26 bytes).
    Removing stm32f4xx_hal_sd.o(i.SD_DMA_TxError), (12 bytes).
    Removing stm32f4xx_hal_sd.o(i.SD_IsCardProgramming), (316 bytes).
    Removing startup_stm32f407xx.o(HEAP), (512 bytes).
    Removing system_stm32f4xx.o(.rev16_text), (4 bytes).
    Removing system_stm32f4xx.o(.revsh_text), (4 bytes).
    Removing system_stm32f4xx.o(.rrx_text), (6 bytes).
    Removing system_stm32f4xx.o(i.SystemCoreClockUpdate), (120 bytes).
    Removing system_stm32f4xx.o(.constdata), (16 bytes).
    Removing stm32f4xx_hal_msp.o(.rev16_text), (4 bytes).
    Removing stm32f4xx_hal_msp.o(.revsh_text), (4 bytes).
    Removing stm32f4xx_hal_msp.o(.rrx_text), (6 bytes).
    Removing freertos.o(.rev16_text), (4 bytes).
    Removing freertos.o(.revsh_text), (4 bytes).
    Removing freertos.o(.data), (4 bytes).
    Removing freertos.o(.data), (4 bytes).
    Removing stm32f4xx_it.o(.rev16_text), (4 bytes).
    Removing stm32f4xx_it.o(.revsh_text), (4 bytes).
    Removing stm32f4xx_it.o(.rrx_text), (6 bytes).
    Removing main.o(.rev16_text), (4 bytes).
    Removing main.o(.revsh_text), (4 bytes).
    Removing main.o(.rrx_text), (6 bytes).
    Removing stm32f4xx_hal_timebase_tim.o(.rev16_text), (4 bytes).
    Removing stm32f4xx_hal_timebase_tim.o(.revsh_text), (4 bytes).
    Removing stm32f4xx_hal_timebase_tim.o(.rrx_text), (6 bytes).
    Removing stm32f4xx_hal_timebase_tim.o(i.HAL_ResumeTick), (20 bytes).
    Removing stm32f4xx_hal_timebase_tim.o(i.HAL_SuspendTick), (20 bytes).
    Removing stm32f4xx_hal_timebase_tim.o(.data), (4 bytes).
    Removing gpio.o(.rev16_text), (4 bytes).
    Removing gpio.o(.revsh_text), (4 bytes).
    Removing gpio.o(.rrx_text), (6 bytes).
    Removing usart.o(.rev16_text), (4 bytes).
    Removing usart.o(.revsh_text), (4 bytes).
    Removing usart.o(.rrx_text), (6 bytes).
    Removing usart.o(i.HAL_UART_MspDeInit), (56 bytes).
    Removing sdio.o(.rev16_text), (4 bytes).
    Removing sdio.o(.revsh_text), (4 bytes).
    Removing sdio.o(.rrx_text), (6 bytes).
    Removing sdio.o(i.HAL_SD_MspDeInit), (76 bytes).
    Removing dma.o(.rev16_text), (4 bytes).
    Removing dma.o(.revsh_text), (4 bytes).
    Removing dma.o(.rrx_text), (6 bytes).
    Removing delay.o(.rev16_text), (4 bytes).
    Removing delay.o(.revsh_text), (4 bytes).
    Removing delay.o(.rrx_text), (6 bytes).
    Removing delay.o(i.delay_init), (20 bytes).
    Removing delay.o(i.delay_ms), (26 bytes).
    Removing delay.o(i.delay_us), (52 bytes).
    Removing delay.o(.data), (4 bytes).
    Removing sys.o(.rev16_text), (4 bytes).
    Removing sys.o(.revsh_text), (4 bytes).
    Removing sys.o(.rrx_text), (6 bytes).
    Removing sys.o(.emb_text), (16 bytes).
    Removing usrt.o(.rev16_text), (4 bytes).
    Removing usrt.o(.revsh_text), (4 bytes).
    Removing usrt.o(.rrx_text), (6 bytes).
    Removing usrt.o(i._sys_exit), (2 bytes).
    Removing usrt.o(i.uart_init), (36 bytes).
    Removing usrt.o(.data), (1 bytes).
    Removing sd.o(.rev16_text), (4 bytes).
    Removing sd.o(.revsh_text), (4 bytes).
    Removing sd.o(.rrx_text), (6 bytes).
    Removing sd.o(i.SD_GetCardInfo), (12 bytes).
    Removing sd.o(i.SD_ReadBlocks_DMA), (44 bytes).
    Removing sd.o(i.SD_ReadDisk), (120 bytes).
    Removing sd.o(i.SD_WriteBlocks_DMA), (44 bytes).
    Removing sd.o(i.SD_WriteDisk), (112 bytes).
    Removing sd.o(.bss), (512 bytes).
    Removing dadd.o(.text), (334 bytes).
    Removing dmul.o(.text), (228 bytes).
    Removing ddiv.o(.text), (222 bytes).
    Removing dfixul.o(.text), (48 bytes).
    Removing cdrcmple.o(.text), (48 bytes).
    Removing depilogue.o(.text), (186 bytes).

536 unused section(s) (total 34493 bytes) removed from the image.

==============================================================================

Image Symbol Table

    Local Symbols

    Symbol Name                              Value     Ov Type        Size  Object(Section)

    ../Drivers/CMSIS//Device/ST/STM32F4xx/Source/Templates/system_stm32f4xx.c 0x00000000   Number         0  system_stm32f4xx.o ABSOLUTE
    ../Drivers/STM32F4xx_HAL_Driver/Src/stm32f4xx_hal.c 0x00000000   Number         0  stm32f4xx_hal.o ABSOLUTE
    ../Drivers/STM32F4xx_HAL_Driver/Src/stm32f4xx_hal_cortex.c 0x00000000   Number         0  stm32f4xx_hal_cortex.o ABSOLUTE
    ../Drivers/STM32F4xx_HAL_Driver/Src/stm32f4xx_hal_dma.c 0x00000000   Number         0  stm32f4xx_hal_dma.o ABSOLUTE
    ../Drivers/STM32F4xx_HAL_Driver/Src/stm32f4xx_hal_dma_ex.c 0x00000000   Number         0  stm32f4xx_hal_dma_ex.o ABSOLUTE
    ../Drivers/STM32F4xx_HAL_Driver/Src/stm32f4xx_hal_flash.c 0x00000000   Number         0  stm32f4xx_hal_flash.o ABSOLUTE
    ../Drivers/STM32F4xx_HAL_Driver/Src/stm32f4xx_hal_flash_ex.c 0x00000000   Number         0  stm32f4xx_hal_flash_ex.o ABSOLUTE
    ../Drivers/STM32F4xx_HAL_Driver/Src/stm32f4xx_hal_flash_ramfunc.c 0x00000000   Number         0  stm32f4xx_hal_flash_ramfunc.o ABSOLUTE
    ../Drivers/STM32F4xx_HAL_Driver/Src/stm32f4xx_hal_gpio.c 0x00000000   Number         0  stm32f4xx_hal_gpio.o ABSOLUTE
    ../Drivers/STM32F4xx_HAL_Driver/Src/stm32f4xx_hal_pwr.c 0x00000000   Number         0  stm32f4xx_hal_pwr.o ABSOLUTE
    ../Drivers/STM32F4xx_HAL_Driver/Src/stm32f4xx_hal_pwr_ex.c 0x00000000   Number         0  stm32f4xx_hal_pwr_ex.o ABSOLUTE
    ../Drivers/STM32F4xx_HAL_Driver/Src/stm32f4xx_hal_rcc.c 0x00000000   Number         0  stm32f4xx_hal_rcc.o ABSOLUTE
    ../Drivers/STM32F4xx_HAL_Driver/Src/stm32f4xx_hal_rcc_ex.c 0x00000000   Number         0  stm32f4xx_hal_rcc_ex.o ABSOLUTE
    ../Drivers/STM32F4xx_HAL_Driver/Src/stm32f4xx_hal_sd.c 0x00000000   Number         0  stm32f4xx_hal_sd.o ABSOLUTE
    ../Drivers/STM32F4xx_HAL_Driver/Src/stm32f4xx_hal_tim.c 0x00000000   Number         0  stm32f4xx_hal_tim.o ABSOLUTE
    ../Drivers/STM32F4xx_HAL_Driver/Src/stm32f4xx_hal_tim_ex.c 0x00000000   Number         0  stm32f4xx_hal_tim_ex.o ABSOLUTE
    ../Drivers/STM32F4xx_HAL_Driver/Src/stm32f4xx_hal_uart.c 0x00000000   Number         0  stm32f4xx_hal_uart.o ABSOLUTE
    ../Drivers/STM32F4xx_HAL_Driver/Src/stm32f4xx_ll_sdmmc.c 0x00000000   Number         0  stm32f4xx_ll_sdmmc.o ABSOLUTE
    ../Middlewares/Third_Party/FreeRTOS/Source/CMSIS_RTOS/cmsis_os.c 0x00000000   Number         0  cmsis_os.o ABSOLUTE
    ../Middlewares/Third_Party/FreeRTOS/Source/croutine.c 0x00000000   Number         0  croutine.o ABSOLUTE
    ../Middlewares/Third_Party/FreeRTOS/Source/event_groups.c 0x00000000   Number         0  event_groups.o ABSOLUTE
    ../Middlewares/Third_Party/FreeRTOS/Source/list.c 0x00000000   Number         0  list.o ABSOLUTE
    ../Middlewares/Third_Party/FreeRTOS/Source/portable/MemMang/heap_4.c 0x00000000   Number         0  heap_4.o ABSOLUTE
    ../Middlewares/Third_Party/FreeRTOS/Source/portable/RVDS/ARM_CM4F/port.c 0x00000000   Number         0  port.o ABSOLUTE
    ../Middlewares/Third_Party/FreeRTOS/Source/queue.c 0x00000000   Number         0  queue.o ABSOLUTE
    ../Middlewares/Third_Party/FreeRTOS/Source/tasks.c 0x00000000   Number         0  tasks.o ABSOLUTE
    ../Middlewares/Third_Party/FreeRTOS/Source/timers.c 0x00000000   Number         0  timers.o ABSOLUTE
    ../Src/dma.c                             0x00000000   Number         0  dma.o ABSOLUTE
    ../Src/freertos.c                        0x00000000   Number         0  freertos.o ABSOLUTE
    ../Src/gpio.c                            0x00000000   Number         0  gpio.o ABSOLUTE
    ../Src/main.c                            0x00000000   Number         0  main.o ABSOLUTE
    ../Src/sdio.c                            0x00000000   Number         0  sdio.o ABSOLUTE
    ../Src/stm32f4xx_hal_msp.c               0x00000000   Number         0  stm32f4xx_hal_msp.o ABSOLUTE
    ../Src/stm32f4xx_hal_timebase_TIM.c      0x00000000   Number         0  stm32f4xx_hal_timebase_tim.o ABSOLUTE
    ../Src/stm32f4xx_it.c                    0x00000000   Number         0  stm32f4xx_it.o ABSOLUTE
    ../Src/usart.c                           0x00000000   Number         0  usart.o ABSOLUTE
    ../clib/microlib/division.c              0x00000000   Number         0  uldiv.o ABSOLUTE
    ../clib/microlib/division.c              0x00000000   Number         0  uidiv.o ABSOLUTE
    ../clib/microlib/init/entry.s            0x00000000   Number         0  entry7b.o ABSOLUTE
    ../clib/microlib/init/entry.s            0x00000000   Number         0  entry9a.o ABSOLUTE
    ../clib/microlib/init/entry.s            0x00000000   Number         0  entry8b.o ABSOLUTE
    ../clib/microlib/init/entry.s            0x00000000   Number         0  entry11a.o ABSOLUTE
    ../clib/microlib/init/entry.s            0x00000000   Number         0  entry5.o ABSOLUTE
    ../clib/microlib/init/entry.s            0x00000000   Number         0  entry10b.o ABSOLUTE
    ../clib/microlib/init/entry.s            0x00000000   Number         0  entry8a.o ABSOLUTE
    ../clib/microlib/init/entry.s            0x00000000   Number         0  entry9b.o ABSOLUTE
    ../clib/microlib/init/entry.s            0x00000000   Number         0  entry7a.o ABSOLUTE
    ../clib/microlib/init/entry.s            0x00000000   Number         0  entry2.o ABSOLUTE
    ../clib/microlib/init/entry.s            0x00000000   Number         0  entry.o ABSOLUTE
    ../clib/microlib/init/entry.s            0x00000000   Number         0  entry11b.o ABSOLUTE
    ../clib/microlib/init/entry.s            0x00000000   Number         0  entry10a.o ABSOLUTE
    ../clib/microlib/longlong.c              0x00000000   Number         0  llsshr.o ABSOLUTE
    ../clib/microlib/longlong.c              0x00000000   Number         0  llushr.o ABSOLUTE
    ../clib/microlib/longlong.c              0x00000000   Number         0  llshl.o ABSOLUTE
    ../clib/microlib/printf/printf.c         0x00000000   Number         0  printf7.o ABSOLUTE
    ../clib/microlib/printf/printf.c         0x00000000   Number         0  printf6.o ABSOLUTE
    ../clib/microlib/printf/printf.c         0x00000000   Number         0  printf4.o ABSOLUTE
    ../clib/microlib/printf/printf.c         0x00000000   Number         0  printf3.o ABSOLUTE
    ../clib/microlib/printf/printf.c         0x00000000   Number         0  printf1.o ABSOLUTE
    ../clib/microlib/printf/printf.c         0x00000000   Number         0  printf0.o ABSOLUTE
    ../clib/microlib/printf/printf.c         0x00000000   Number         0  printfb.o ABSOLUTE
    ../clib/microlib/printf/printf.c         0x00000000   Number         0  printfa.o ABSOLUTE
    ../clib/microlib/printf/printf.c         0x00000000   Number         0  printf2.o ABSOLUTE
    ../clib/microlib/printf/printf.c         0x00000000   Number         0  printf5.o ABSOLUTE
    ../clib/microlib/printf/printf.c         0x00000000   Number         0  printf8.o ABSOLUTE
    ../clib/microlib/string/memcpy.c         0x00000000   Number         0  memcpyb.o ABSOLUTE
    ../clib/microlib/string/memcpy.c         0x00000000   Number         0  memcpya.o ABSOLUTE
    ../clib/microlib/string/memset.c         0x00000000   Number         0  memseta.o ABSOLUTE
    ../clib/microlib/stubs.s                 0x00000000   Number         0  useno.o ABSOLUTE
    ../clib/microlib/stubs.s                 0x00000000   Number         0  iusefp.o ABSOLUTE
    ../fplib/microlib/fpadd.c                0x00000000   Number         0  dadd.o ABSOLUTE
    ../fplib/microlib/fpdiv.c                0x00000000   Number         0  ddiv.o ABSOLUTE
    ../fplib/microlib/fpepilogue.c           0x00000000   Number         0  depilogue.o ABSOLUTE
    ../fplib/microlib/fpfix.c                0x00000000   Number         0  dfixul.o ABSOLUTE
    ../fplib/microlib/fpmul.c                0x00000000   Number         0  dmul.o ABSOLUTE
    ..\Drivers\CMSIS\\Device\ST\STM32F4xx\Source\Templates\system_stm32f4xx.c 0x00000000   Number         0  system_stm32f4xx.o ABSOLUTE
    ..\Drivers\STM32F4xx_HAL_Driver\Src\stm32f4xx_hal.c 0x00000000   Number         0  stm32f4xx_hal.o ABSOLUTE
    ..\Drivers\STM32F4xx_HAL_Driver\Src\stm32f4xx_hal_cortex.c 0x00000000   Number         0  stm32f4xx_hal_cortex.o ABSOLUTE
    ..\Drivers\STM32F4xx_HAL_Driver\Src\stm32f4xx_hal_dma.c 0x00000000   Number         0  stm32f4xx_hal_dma.o ABSOLUTE
    ..\Drivers\STM32F4xx_HAL_Driver\Src\stm32f4xx_hal_dma_ex.c 0x00000000   Number         0  stm32f4xx_hal_dma_ex.o ABSOLUTE
    ..\Drivers\STM32F4xx_HAL_Driver\Src\stm32f4xx_hal_flash.c 0x00000000   Number         0  stm32f4xx_hal_flash.o ABSOLUTE
    ..\Drivers\STM32F4xx_HAL_Driver\Src\stm32f4xx_hal_flash_ex.c 0x00000000   Number         0  stm32f4xx_hal_flash_ex.o ABSOLUTE
    ..\Drivers\STM32F4xx_HAL_Driver\Src\stm32f4xx_hal_flash_ramfunc.c 0x00000000   Number         0  stm32f4xx_hal_flash_ramfunc.o ABSOLUTE
    ..\Drivers\STM32F4xx_HAL_Driver\Src\stm32f4xx_hal_gpio.c 0x00000000   Number         0  stm32f4xx_hal_gpio.o ABSOLUTE
    ..\Drivers\STM32F4xx_HAL_Driver\Src\stm32f4xx_hal_pwr.c 0x00000000   Number         0  stm32f4xx_hal_pwr.o ABSOLUTE
    ..\Drivers\STM32F4xx_HAL_Driver\Src\stm32f4xx_hal_pwr_ex.c 0x00000000   Number         0  stm32f4xx_hal_pwr_ex.o ABSOLUTE
    ..\Drivers\STM32F4xx_HAL_Driver\Src\stm32f4xx_hal_rcc.c 0x00000000   Number         0  stm32f4xx_hal_rcc.o ABSOLUTE
    ..\Drivers\STM32F4xx_HAL_Driver\Src\stm32f4xx_hal_rcc_ex.c 0x00000000   Number         0  stm32f4xx_hal_rcc_ex.o ABSOLUTE
    ..\Drivers\STM32F4xx_HAL_Driver\Src\stm32f4xx_hal_sd.c 0x00000000   Number         0  stm32f4xx_hal_sd.o ABSOLUTE
    ..\Drivers\STM32F4xx_HAL_Driver\Src\stm32f4xx_hal_tim.c 0x00000000   Number         0  stm32f4xx_hal_tim.o ABSOLUTE
    ..\Drivers\STM32F4xx_HAL_Driver\Src\stm32f4xx_hal_tim_ex.c 0x00000000   Number         0  stm32f4xx_hal_tim_ex.o ABSOLUTE
    ..\Drivers\STM32F4xx_HAL_Driver\Src\stm32f4xx_hal_uart.c 0x00000000   Number         0  stm32f4xx_hal_uart.o ABSOLUTE
    ..\Drivers\STM32F4xx_HAL_Driver\Src\stm32f4xx_ll_sdmmc.c 0x00000000   Number         0  stm32f4xx_ll_sdmmc.o ABSOLUTE
    ..\HARDWARE\sd.c                         0x00000000   Number         0  sd.o ABSOLUTE
    ..\Middlewares\Third_Party\FreeRTOS\Source\CMSIS_RTOS\cmsis_os.c 0x00000000   Number         0  cmsis_os.o ABSOLUTE
    ..\Middlewares\Third_Party\FreeRTOS\Source\portable\RVDS\ARM_CM4F\port.c 0x00000000   Number         0  port.o ABSOLUTE
    ..\SYSTEM\delay.c                        0x00000000   Number         0  delay.o ABSOLUTE
    ..\SYSTEM\sys.c                          0x00000000   Number         0  sys.o ABSOLUTE
    ..\SYSTEM\usrt.c                         0x00000000   Number         0  usrt.o ABSOLUTE
    ..\Src\dma.c                             0x00000000   Number         0  dma.o ABSOLUTE
    ..\Src\freertos.c                        0x00000000   Number         0  freertos.o ABSOLUTE
    ..\Src\gpio.c                            0x00000000   Number         0  gpio.o ABSOLUTE
    ..\Src\main.c                            0x00000000   Number         0  main.o ABSOLUTE
    ..\Src\sdio.c                            0x00000000   Number         0  sdio.o ABSOLUTE
    ..\Src\stm32f4xx_hal_msp.c               0x00000000   Number         0  stm32f4xx_hal_msp.o ABSOLUTE
    ..\Src\stm32f4xx_hal_timebase_TIM.c      0x00000000   Number         0  stm32f4xx_hal_timebase_tim.o ABSOLUTE
    ..\Src\stm32f4xx_it.c                    0x00000000   Number         0  stm32f4xx_it.o ABSOLUTE
    ..\Src\usart.c                           0x00000000   Number         0  usart.o ABSOLUTE
    ..\\HARDWARE\\sd.c                       0x00000000   Number         0  sd.o ABSOLUTE
    ..\\SYSTEM\\delay.c                      0x00000000   Number         0  delay.o ABSOLUTE
    ..\\SYSTEM\\sys.c                        0x00000000   Number         0  sys.o ABSOLUTE
    ..\\SYSTEM\\usrt.c                       0x00000000   Number         0  usrt.o ABSOLUTE
    cdrcmple.s                               0x00000000   Number         0  cdrcmple.o ABSOLUTE
    dc.s                                     0x00000000   Number         0  dc.o ABSOLUTE
    handlers.s                               0x00000000   Number         0  handlers.o ABSOLUTE
    init.s                                   0x00000000   Number         0  init.o ABSOLUTE
    startup_stm32f407xx.s                    0x00000000   Number         0  startup_stm32f407xx.o ABSOLUTE
    RESET                                    0x08000000   Section      392  startup_stm32f407xx.o(RESET)
    .ARM.Collect$$$$00000000                 0x08000188   Section        0  entry.o(.ARM.Collect$$$$00000000)
    .ARM.Collect$$$$00000001                 0x08000188   Section        4  entry2.o(.ARM.Collect$$$$00000001)
    .ARM.Collect$$$$00000004                 0x0800018c   Section        4  entry5.o(.ARM.Collect$$$$00000004)
    .ARM.Collect$$$$00000008                 0x08000190   Section        0  entry7b.o(.ARM.Collect$$$$00000008)
    .ARM.Collect$$$$0000000A                 0x08000190   Section        0  entry8b.o(.ARM.Collect$$$$0000000A)
    .ARM.Collect$$$$0000000B                 0x08000190   Section        8  entry9a.o(.ARM.Collect$$$$0000000B)
    .ARM.Collect$$$$0000000D                 0x08000198   Section        0  entry10a.o(.ARM.Collect$$$$0000000D)
    .ARM.Collect$$$$0000000F                 0x08000198   Section        0  entry11a.o(.ARM.Collect$$$$0000000F)
    .ARM.Collect$$$$00002712                 0x08000198   Section        4  entry2.o(.ARM.Collect$$$$00002712)
    __lit__00000000                          0x08000198   Data           4  entry2.o(.ARM.Collect$$$$00002712)
    .emb_text                                0x0800019c   Section      186  port.o(.emb_text)
    $v0                                      0x0800019c   Number         0  port.o(.emb_text)
    .text                                    0x08000258   Section       36  startup_stm32f407xx.o(.text)
    $v0                                      0x08000258   Number         0  startup_stm32f407xx.o(.text)
    .text                                    0x0800027c   Section        0  memcpya.o(.text)
    .text                                    0x080002a0   Section        0  memseta.o(.text)
    .text                                    0x080002c4   Section       36  init.o(.text)
    i.BusFault_Handler                       0x080002e8   Section        0  stm32f4xx_it.o(i.BusFault_Handler)
    i.DMA2_Stream3_IRQHandler                0x080002ec   Section        0  stm32f4xx_it.o(i.DMA2_Stream3_IRQHandler)
    i.DMA2_Stream6_IRQHandler                0x080002f8   Section        0  stm32f4xx_it.o(i.DMA2_Stream6_IRQHandler)
    i.DMA_CalcBaseAndBitshift                0x08000304   Section        0  stm32f4xx_hal_dma.o(i.DMA_CalcBaseAndBitshift)
    DMA_CalcBaseAndBitshift                  0x08000305   Thumb Code    34  stm32f4xx_hal_dma.o(i.DMA_CalcBaseAndBitshift)
    i.DMA_CheckFifoParam                     0x0800032c   Section        0  stm32f4xx_hal_dma.o(i.DMA_CheckFifoParam)
    DMA_CheckFifoParam                       0x0800032d   Thumb Code    84  stm32f4xx_hal_dma.o(i.DMA_CheckFifoParam)
    i.DebugMon_Handler                       0x08000380   Section        0  stm32f4xx_it.o(i.DebugMon_Handler)
    i.Error_Handler                          0x08000382   Section        0  main.o(i.Error_Handler)
    i.Func_LED                               0x08000384   Section        0  freertos.o(i.Func_LED)
    i.Func_SD                                0x080003b8   Section        0  freertos.o(i.Func_SD)
    i.Func_WIFI                              0x080003c0   Section        0  freertos.o(i.Func_WIFI)
    i.Func_usart                             0x08000454   Section        0  freertos.o(i.Func_usart)
    i.HAL_DMA_Abort_IT                       0x080004cc   Section        0  stm32f4xx_hal_dma.o(i.HAL_DMA_Abort_IT)
    i.HAL_DMA_IRQHandler                     0x080004f0   Section        0  stm32f4xx_hal_dma.o(i.HAL_DMA_IRQHandler)
    i.HAL_DMA_Init                           0x08000698   Section        0  stm32f4xx_hal_dma.o(i.HAL_DMA_Init)
    i.HAL_Delay                              0x08000768   Section        0  stm32f4xx_hal.o(i.HAL_Delay)
    i.HAL_GPIO_Init                          0x08000780   Section        0  stm32f4xx_hal_gpio.o(i.HAL_GPIO_Init)
    i.HAL_GPIO_TogglePin                     0x08000930   Section        0  stm32f4xx_hal_gpio.o(i.HAL_GPIO_TogglePin)
    i.HAL_GPIO_WritePin                      0x08000938   Section        0  stm32f4xx_hal_gpio.o(i.HAL_GPIO_WritePin)
    i.HAL_GetTick                            0x08000944   Section        0  stm32f4xx_hal.o(i.HAL_GetTick)
    i.HAL_IncTick                            0x08000950   Section        0  stm32f4xx_hal.o(i.HAL_IncTick)
    i.HAL_Init                               0x08000960   Section        0  stm32f4xx_hal.o(i.HAL_Init)
    i.HAL_InitTick                           0x08000994   Section        0  stm32f4xx_hal_timebase_tim.o(i.HAL_InitTick)
    i.HAL_MspInit                            0x08000a08   Section        0  stm32f4xx_hal_msp.o(i.HAL_MspInit)
    i.HAL_NVIC_EnableIRQ                     0x08000a60   Section        0  stm32f4xx_hal_cortex.o(i.HAL_NVIC_EnableIRQ)
    i.HAL_NVIC_SetPriority                   0x08000a78   Section        0  stm32f4xx_hal_cortex.o(i.HAL_NVIC_SetPriority)
    i.HAL_NVIC_SetPriorityGrouping           0x08000ab8   Section        0  stm32f4xx_hal_cortex.o(i.HAL_NVIC_SetPriorityGrouping)
    i.HAL_RCC_ClockConfig                    0x08000adc   Section        0  stm32f4xx_hal_rcc.o(i.HAL_RCC_ClockConfig)
    i.HAL_RCC_GetClockConfig                 0x08000c58   Section        0  stm32f4xx_hal_rcc.o(i.HAL_RCC_GetClockConfig)
    i.HAL_RCC_GetHCLKFreq                    0x08000c98   Section        0  stm32f4xx_hal_rcc.o(i.HAL_RCC_GetHCLKFreq)
    i.HAL_RCC_GetPCLK1Freq                   0x08000ca4   Section        0  stm32f4xx_hal_rcc.o(i.HAL_RCC_GetPCLK1Freq)
    i.HAL_RCC_GetPCLK2Freq                   0x08000cd4   Section        0  stm32f4xx_hal_rcc.o(i.HAL_RCC_GetPCLK2Freq)
    i.HAL_RCC_GetSysClockFreq                0x08000d04   Section        0  stm32f4xx_hal_rcc.o(i.HAL_RCC_GetSysClockFreq)
    i.HAL_RCC_OscConfig                      0x08000d74   Section        0  stm32f4xx_hal_rcc.o(i.HAL_RCC_OscConfig)
    i.HAL_SD_Get_CardInfo                    0x08001058   Section        0  stm32f4xx_hal_sd.o(i.HAL_SD_Get_CardInfo)
    i.HAL_SD_IRQHandler                      0x0800130c   Section        0  stm32f4xx_hal_sd.o(i.HAL_SD_IRQHandler)
    i.HAL_SD_Init                            0x08001388   Section        0  stm32f4xx_hal_sd.o(i.HAL_SD_Init)
    i.HAL_SD_MspInit                         0x08001428   Section        0  sdio.o(i.HAL_SD_MspInit)
    i.HAL_SD_WideBusOperation_Config         0x08001528   Section        0  stm32f4xx_hal_sd.o(i.HAL_SD_WideBusOperation_Config)
    i.HAL_SD_XferCpltCallback                0x08001586   Section        0  stm32f4xx_hal_sd.o(i.HAL_SD_XferCpltCallback)
    i.HAL_SD_XferErrorCallback               0x08001588   Section        0  stm32f4xx_hal_sd.o(i.HAL_SD_XferErrorCallback)
    i.HAL_SYSTICK_CLKSourceConfig            0x0800158a   Section        0  stm32f4xx_hal_cortex.o(i.HAL_SYSTICK_CLKSourceConfig)
    i.HAL_SYSTICK_Config                     0x080015a2   Section        0  stm32f4xx_hal_cortex.o(i.HAL_SYSTICK_Config)
    i.HAL_TIMEx_BreakCallback                0x080015ca   Section        0  stm32f4xx_hal_tim_ex.o(i.HAL_TIMEx_BreakCallback)
    i.HAL_TIMEx_CommutationCallback          0x080015cc   Section        0  stm32f4xx_hal_tim_ex.o(i.HAL_TIMEx_CommutationCallback)
    i.HAL_TIM_Base_Init                      0x080015ce   Section        0  stm32f4xx_hal_tim.o(i.HAL_TIM_Base_Init)
    i.HAL_TIM_Base_MspInit                   0x08001604   Section        0  stm32f4xx_hal_tim.o(i.HAL_TIM_Base_MspInit)
    i.HAL_TIM_Base_Start_IT                  0x08001606   Section        0  stm32f4xx_hal_tim.o(i.HAL_TIM_Base_Start_IT)
    i.HAL_TIM_IC_CaptureCallback             0x0800161e   Section        0  stm32f4xx_hal_tim.o(i.HAL_TIM_IC_CaptureCallback)
    i.HAL_TIM_IRQHandler                     0x08001620   Section        0  stm32f4xx_hal_tim.o(i.HAL_TIM_IRQHandler)
    i.HAL_TIM_OC_DelayElapsedCallback        0x08001786   Section        0  stm32f4xx_hal_tim.o(i.HAL_TIM_OC_DelayElapsedCallback)
    i.HAL_TIM_PWM_PulseFinishedCallback      0x08001788   Section        0  stm32f4xx_hal_tim.o(i.HAL_TIM_PWM_PulseFinishedCallback)
    i.HAL_TIM_PeriodElapsedCallback          0x0800178c   Section        0  main.o(i.HAL_TIM_PeriodElapsedCallback)
    i.HAL_TIM_TriggerCallback                0x080017a0   Section        0  stm32f4xx_hal_tim.o(i.HAL_TIM_TriggerCallback)
    i.HAL_UART_ErrorCallback                 0x080017a2   Section        0  stm32f4xx_hal_uart.o(i.HAL_UART_ErrorCallback)
    i.HAL_UART_IRQHandler                    0x080017a4   Section        0  stm32f4xx_hal_uart.o(i.HAL_UART_IRQHandler)
    i.HAL_UART_Init                          0x080018b4   Section        0  stm32f4xx_hal_uart.o(i.HAL_UART_Init)
    i.HAL_UART_MspInit                       0x08001918   Section        0  usart.o(i.HAL_UART_MspInit)
    i.HAL_UART_Receive                       0x08001974   Section        0  stm32f4xx_hal_uart.o(i.HAL_UART_Receive)
    i.HAL_UART_RxCpltCallback                0x08001a2c   Section        0  stm32f4xx_hal_uart.o(i.HAL_UART_RxCpltCallback)
    i.HAL_UART_Transmit                      0x08001a2e   Section        0  stm32f4xx_hal_uart.o(i.HAL_UART_Transmit)
    i.HAL_UART_TxCpltCallback                0x08001ae8   Section        0  stm32f4xx_hal_uart.o(i.HAL_UART_TxCpltCallback)
    i.HardFault_Handler                      0x08001aea   Section        0  stm32f4xx_it.o(i.HardFault_Handler)
    i.MX_DMA_Init                            0x08001aec   Section        0  dma.o(i.MX_DMA_Init)
    i.MX_FREERTOS_Init                       0x08001b28   Section        0  freertos.o(i.MX_FREERTOS_Init)
    i.MX_GPIO_Init                           0x08001ba8   Section        0  gpio.o(i.MX_GPIO_Init)
    i.MX_SDIO_SD_Init                        0x08001c30   Section        0  sdio.o(i.MX_SDIO_SD_Init)
    i.MX_USART3_UART_Init                    0x08001c6c   Section        0  usart.o(i.MX_USART3_UART_Init)
    i.MemManage_Handler                      0x08001ca4   Section        0  stm32f4xx_it.o(i.MemManage_Handler)
    i.NMI_Handler                            0x08001ca6   Section        0  stm32f4xx_it.o(i.NMI_Handler)
    i.NVIC_SetPriority                       0x08001ca8   Section        0  stm32f4xx_hal_cortex.o(i.NVIC_SetPriority)
    NVIC_SetPriority                         0x08001ca9   Thumb Code    32  stm32f4xx_hal_cortex.o(i.NVIC_SetPriority)
    i.SDIO_DataConfig                        0x08001cc8   Section        0  stm32f4xx_ll_sdmmc.o(i.SDIO_DataConfig)
    i.SDIO_GetCommandResponse                0x08001cec   Section        0  stm32f4xx_ll_sdmmc.o(i.SDIO_GetCommandResponse)
    i.SDIO_GetPowerState                     0x08001cf2   Section        0  stm32f4xx_ll_sdmmc.o(i.SDIO_GetPowerState)
    i.SDIO_GetResponse                       0x08001cfc   Section        0  stm32f4xx_ll_sdmmc.o(i.SDIO_GetResponse)
    i.SDIO_IRQHandler                        0x08001d0c   Section        0  sd.o(i.SDIO_IRQHandler)
    i.SDIO_Init                              0x08001d18   Section        0  stm32f4xx_ll_sdmmc.o(i.SDIO_Init)
    i.SDIO_PowerState_ON                     0x08001d3c   Section        0  stm32f4xx_ll_sdmmc.o(i.SDIO_PowerState_ON)
    i.SDIO_ReadFIFO                          0x08001d44   Section        0  stm32f4xx_ll_sdmmc.o(i.SDIO_ReadFIFO)
    i.SDIO_SendCommand                       0x08001d4a   Section        0  stm32f4xx_ll_sdmmc.o(i.SDIO_SendCommand)
    i.SD_CmdResp1Error                       0x08001d6c   Section        0  stm32f4xx_hal_sd.o(i.SD_CmdResp1Error)
    SD_CmdResp1Error                         0x08001d6d   Thumb Code   230  stm32f4xx_hal_sd.o(i.SD_CmdResp1Error)
    i.SD_CmdResp2Error                       0x08001e58   Section        0  stm32f4xx_hal_sd.o(i.SD_CmdResp2Error)
    SD_CmdResp2Error                         0x08001e59   Thumb Code    46  stm32f4xx_hal_sd.o(i.SD_CmdResp2Error)
    i.SD_CmdResp6Error                       0x08001e86   Section        0  stm32f4xx_hal_sd.o(i.SD_CmdResp6Error)
    SD_CmdResp6Error                         0x08001e87   Thumb Code   114  stm32f4xx_hal_sd.o(i.SD_CmdResp6Error)
    i.SD_CmdResp7Error                       0x08001ef8   Section        0  stm32f4xx_hal_sd.o(i.SD_CmdResp7Error)
    SD_CmdResp7Error                         0x08001ef9   Thumb Code    64  stm32f4xx_hal_sd.o(i.SD_CmdResp7Error)
    i.SD_FindSCR                             0x08001f38   Section        0  stm32f4xx_hal_sd.o(i.SD_FindSCR)
    SD_FindSCR                               0x08001f39   Thumb Code   266  stm32f4xx_hal_sd.o(i.SD_FindSCR)
    i.SD_Initialize_Cards                    0x08002042   Section        0  stm32f4xx_hal_sd.o(i.SD_Initialize_Cards)
    SD_Initialize_Cards                      0x08002043   Thumb Code   220  stm32f4xx_hal_sd.o(i.SD_Initialize_Cards)
    i.SD_PowerON                             0x08002120   Section        0  stm32f4xx_hal_sd.o(i.SD_PowerON)
    SD_PowerON                               0x08002121   Thumb Code   364  stm32f4xx_hal_sd.o(i.SD_PowerON)
    i.SD_WideBus_Disable                     0x08002294   Section        0  stm32f4xx_hal_sd.o(i.SD_WideBus_Disable)
    SD_WideBus_Disable                       0x08002295   Thumb Code   114  stm32f4xx_hal_sd.o(i.SD_WideBus_Disable)
    i.SD_WideBus_Enable                      0x08002306   Section        0  stm32f4xx_hal_sd.o(i.SD_WideBus_Enable)
    SD_WideBus_Enable                        0x08002307   Thumb Code   116  stm32f4xx_hal_sd.o(i.SD_WideBus_Enable)
    i.StartDefaultTask                       0x0800237a   Section        0  freertos.o(i.StartDefaultTask)
    i.SysTick_Handler                        0x08002382   Section        0  stm32f4xx_it.o(i.SysTick_Handler)
    i.SystemClock_Config                     0x08002388   Section        0  main.o(i.SystemClock_Config)
    i.SystemInit                             0x08002424   Section        0  system_stm32f4xx.o(i.SystemInit)
    i.TIM8_TRG_COM_TIM14_IRQHandler          0x08002478   Section        0  stm32f4xx_it.o(i.TIM8_TRG_COM_TIM14_IRQHandler)
    i.TIM_Base_SetConfig                     0x08002484   Section        0  stm32f4xx_hal_tim.o(i.TIM_Base_SetConfig)
    i.UART_DMAAbortOnError                   0x08002544   Section        0  stm32f4xx_hal_uart.o(i.UART_DMAAbortOnError)
    UART_DMAAbortOnError                     0x08002545   Thumb Code    16  stm32f4xx_hal_uart.o(i.UART_DMAAbortOnError)
    i.UART_EndRxTransfer                     0x08002554   Section        0  stm32f4xx_hal_uart.o(i.UART_EndRxTransfer)
    UART_EndRxTransfer                       0x08002555   Thumb Code    28  stm32f4xx_hal_uart.o(i.UART_EndRxTransfer)
    i.UART_Receive_IT                        0x08002570   Section        0  stm32f4xx_hal_uart.o(i.UART_Receive_IT)
    UART_Receive_IT                          0x08002571   Thumb Code   140  stm32f4xx_hal_uart.o(i.UART_Receive_IT)
    i.UART_SetConfig                         0x080025fc   Section        0  stm32f4xx_hal_uart.o(i.UART_SetConfig)
    UART_SetConfig                           0x080025fd   Thumb Code   676  stm32f4xx_hal_uart.o(i.UART_SetConfig)
    i.UART_Transmit_IT                       0x080028a8   Section        0  stm32f4xx_hal_uart.o(i.UART_Transmit_IT)
    UART_Transmit_IT                         0x080028a9   Thumb Code    98  stm32f4xx_hal_uart.o(i.UART_Transmit_IT)
    i.UART_WaitOnFlagUntilTimeout            0x0800290a   Section        0  stm32f4xx_hal_uart.o(i.UART_WaitOnFlagUntilTimeout)
    UART_WaitOnFlagUntilTimeout              0x0800290b   Thumb Code   100  stm32f4xx_hal_uart.o(i.UART_WaitOnFlagUntilTimeout)
    i.USART1_IRQHandler                      0x08002970   Section        0  usrt.o(i.USART1_IRQHandler)
    i.USART3_IRQHandler                      0x080029dc   Section        0  usrt.o(i.USART3_IRQHandler)
    i.UsageFault_Handler                     0x08002a28   Section        0  stm32f4xx_it.o(i.UsageFault_Handler)
    i.__0printf$bare                         0x08002a2c   Section        0  printfb.o(i.__0printf$bare)
    i.__scatterload_copy                     0x08002a3c   Section       14  handlers.o(i.__scatterload_copy)
    i.__scatterload_null                     0x08002a4a   Section        2  handlers.o(i.__scatterload_null)
    i.__scatterload_zeroinit                 0x08002a4c   Section       14  handlers.o(i.__scatterload_zeroinit)
    i._printf_core                           0x08002a5a   Section        0  printfb.o(i._printf_core)
    _printf_core                             0x08002a5b   Thumb Code    34  printfb.o(i._printf_core)
    i.fputc                                  0x08002a7c   Section        0  usrt.o(i.fputc)
    i.main                                   0x08002a90   Section        0  main.o(i.main)
    i.makeFreeRtosPriority                   0x08002ab2   Section        0  cmsis_os.o(i.makeFreeRtosPriority)
    makeFreeRtosPriority                     0x08002ab3   Thumb Code    12  cmsis_os.o(i.makeFreeRtosPriority)
    i.osDelay                                0x08002abe   Section        0  cmsis_os.o(i.osDelay)
    i.osKernelStart                          0x08002acc   Section        0  cmsis_os.o(i.osKernelStart)
    i.osSystickHandler                       0x08002ad6   Section        0  cmsis_os.o(i.osSystickHandler)
    i.osThreadCreate                         0x08002aea   Section        0  cmsis_os.o(i.osThreadCreate)
    i.prvAddCurrentTaskToDelayedList         0x08002b24   Section        0  tasks.o(i.prvAddCurrentTaskToDelayedList)
    prvAddCurrentTaskToDelayedList           0x08002b25   Thumb Code    48  tasks.o(i.prvAddCurrentTaskToDelayedList)
    i.prvCheckTasksWaitingTermination        0x08002b58   Section        0  tasks.o(i.prvCheckTasksWaitingTermination)
    prvCheckTasksWaitingTermination          0x08002b59   Thumb Code    76  tasks.o(i.prvCheckTasksWaitingTermination)
    i.prvHeapInit                            0x08002bac   Section        0  heap_4.o(i.prvHeapInit)
    prvHeapInit                              0x08002bad   Thumb Code    66  heap_4.o(i.prvHeapInit)
    i.prvIdleTask                            0x08002bf8   Section        0  tasks.o(i.prvIdleTask)
    prvIdleTask                              0x08002bf9   Thumb Code    30  tasks.o(i.prvIdleTask)
    i.prvInsertBlockIntoFreeList             0x08002c20   Section        0  heap_4.o(i.prvInsertBlockIntoFreeList)
    prvInsertBlockIntoFreeList               0x08002c21   Thumb Code    72  heap_4.o(i.prvInsertBlockIntoFreeList)
    i.prvResetNextTaskUnblockTime            0x08002c6c   Section        0  tasks.o(i.prvResetNextTaskUnblockTime)
    prvResetNextTaskUnblockTime              0x08002c6d   Thumb Code    26  tasks.o(i.prvResetNextTaskUnblockTime)
    i.prvTaskExitError                       0x08002c8c   Section        0  port.o(i.prvTaskExitError)
    prvTaskExitError                         0x08002c8d   Thumb Code    36  port.o(i.prvTaskExitError)
    i.pvPortMalloc                           0x08002cb4   Section        0  heap_4.o(i.pvPortMalloc)
    i.pxPortInitialiseStack                  0x08002d8c   Section        0  port.o(i.pxPortInitialiseStack)
    i.uxListRemove                           0x08002db4   Section        0  list.o(i.uxListRemove)
    i.vListInitialise                        0x08002dd8   Section        0  list.o(i.vListInitialise)
    i.vListInitialiseItem                    0x08002dee   Section        0  list.o(i.vListInitialiseItem)
    i.vListInsert                            0x08002df4   Section        0  list.o(i.vListInsert)
    i.vListInsertEnd                         0x08002e24   Section        0  list.o(i.vListInsertEnd)
    i.vPortEnterCritical                     0x08002e3c   Section        0  port.o(i.vPortEnterCritical)
    i.vPortExitCritical                      0x08002e7c   Section        0  port.o(i.vPortExitCritical)
    i.vPortFree                              0x08002ea4   Section        0  heap_4.o(i.vPortFree)
    i.vPortSetupTimerInterrupt               0x08002f00   Section        0  port.o(i.vPortSetupTimerInterrupt)
    i.vTaskDelay                             0x08002f20   Section        0  tasks.o(i.vTaskDelay)
    i.vTaskStartScheduler                    0x08002f88   Section        0  tasks.o(i.vTaskStartScheduler)
    i.vTaskSuspendAll                        0x08002ff0   Section        0  tasks.o(i.vTaskSuspendAll)
    i.vTaskSwitchContext                     0x08003000   Section        0  tasks.o(i.vTaskSwitchContext)
    i.xPortStartScheduler                    0x0800305c   Section        0  port.o(i.xPortStartScheduler)
    i.xPortSysTickHandler                    0x0800313c   Section        0  port.o(i.xPortSysTickHandler)
    i.xTaskGenericCreate                     0x08003168   Section        0  tasks.o(i.xTaskGenericCreate)
    i.xTaskGetSchedulerState                 0x08003324   Section        0  tasks.o(i.xTaskGetSchedulerState)
    i.xTaskIncrementTick                     0x08003340   Section        0  tasks.o(i.xTaskIncrementTick)
    i.xTaskResumeAll                         0x0800340c   Section        0  tasks.o(i.xTaskResumeAll)
    .constdata                               0x080034d0   Section        8  stm32f4xx_hal_dma.o(.constdata)
    flagBitshiftOffset                       0x080034d0   Data           8  stm32f4xx_hal_dma.o(.constdata)
    .constdata                               0x080034d8   Section       16  stm32f4xx_hal_rcc.o(.constdata)
    .constdata                               0x080034e8   Section      140  freertos.o(.constdata)
    .conststring                             0x08003574   Section       55  freertos.o(.conststring)
    .data                                    0x20000000   Section       24  heap_4.o(.data)
    pxEnd                                    0x20000000   Data           4  heap_4.o(.data)
    xFreeBytesRemaining                      0x20000004   Data           4  heap_4.o(.data)
    xMinimumEverFreeBytesRemaining           0x20000008   Data           4  heap_4.o(.data)
    xBlockAllocatedBit                       0x2000000c   Data           4  heap_4.o(.data)
    xStart                                   0x20000010   Data           8  heap_4.o(.data)
    .data                                    0x20000018   Section       56  tasks.o(.data)
    uxTasksDeleted                           0x2000001c   Data           4  tasks.o(.data)
    uxCurrentNumberOfTasks                   0x20000020   Data           4  tasks.o(.data)
    xTickCount                               0x20000024   Data           4  tasks.o(.data)
    uxTopReadyPriority                       0x20000028   Data           4  tasks.o(.data)
    xSchedulerRunning                        0x2000002c   Data           4  tasks.o(.data)
    uxPendedTicks                            0x20000030   Data           4  tasks.o(.data)
    xYieldPending                            0x20000034   Data           4  tasks.o(.data)
    xNumOfOverflows                          0x20000038   Data           4  tasks.o(.data)
    uxTaskNumber                             0x2000003c   Data           4  tasks.o(.data)
    xNextTaskUnblockTime                     0x20000040   Data           4  tasks.o(.data)
    uxSchedulerSuspended                     0x20000044   Data           4  tasks.o(.data)
    pxDelayedTaskList                        0x20000048   Data           4  tasks.o(.data)
    pxOverflowDelayedTaskList                0x2000004c   Data           4  tasks.o(.data)
    .data                                    0x20000050   Section       12  port.o(.data)
    ucMaxSysCallPriority                     0x20000050   Data           1  port.o(.data)
    uxCriticalNesting                        0x20000054   Data           4  port.o(.data)
    ulMaxPRIGROUPValue                       0x20000058   Data           4  port.o(.data)
    .data                                    0x2000005c   Section        4  stm32f4xx_hal.o(.data)
    .data                                    0x20000060   Section        4  system_stm32f4xx.o(.data)
    .data                                    0x20000064   Section       12  freertos.o(.data)
    .data                                    0x20000070   Section        2  usrt.o(.data)
    .data                                    0x20000072   Section        2  usrt.o(.data)
    .data                                    0x20000074   Section        4  usrt.o(.data)
    .bss                                     0x20000078   Section    15360  heap_4.o(.bss)
    ucHeap                                   0x20000078   Data       15360  heap_4.o(.bss)
    .bss                                     0x20003c78   Section      240  tasks.o(.bss)
    pxReadyTasksLists                        0x20003c78   Data         140  tasks.o(.bss)
    xDelayedTaskList1                        0x20003d04   Data          20  tasks.o(.bss)
    xDelayedTaskList2                        0x20003d18   Data          20  tasks.o(.bss)
    xPendingReadyList                        0x20003d2c   Data          20  tasks.o(.bss)
    xTasksWaitingTermination                 0x20003d40   Data          20  tasks.o(.bss)
    xSuspendedTaskList                       0x20003d54   Data          20  tasks.o(.bss)
    .bss                                     0x20003d68   Section       60  stm32f4xx_hal_timebase_tim.o(.bss)
    .bss                                     0x20003da4   Section       64  usart.o(.bss)
    .bss                                     0x20003de8   Section      376  sdio.o(.bss)
    .bss                                     0x20003f60   Section      264  usrt.o(.bss)
    .bss                                     0x20004068   Section      200  usrt.o(.bss)
    STACK                                    0x20004130   Section     1024  startup_stm32f407xx.o(STACK)

    Global Symbols

    Symbol Name                              Value     Ov Type        Size  Object(Section)

    BuildAttributes$$THM_ISAv4$E$P$D$K$B$S$7EM$VFPi3$EXTD16$VFPS$VFMA$PE$A:L22UL41UL21$X:L11$S22US41US21$IEEE1$IW$USESV6$~STKCKD$USESV7$~SHL$OSPACE$ROPI$EBA8$MICROLIB$REQ8$PRES8$EABIv2 0x00000000   Number         0  anon$$obj.o ABSOLUTE
    __ARM_use_no_argv                        0x00000000   Number         0  main.o ABSOLUTE
    __use_no_errno                           0x00000000   Number         0  useno.o ABSOLUTE
    __use_no_exception_handling              0x00000000   Number         0  useno.o ABSOLUTE
    __use_no_fp                              0x00000000   Number         0  useno.o ABSOLUTE
    __use_no_heap                            0x00000000   Number         0  useno.o ABSOLUTE
    __use_no_heap_region                     0x00000000   Number         0  useno.o ABSOLUTE
    __use_no_semihosting                     0x00000000   Number         0  useno.o ABSOLUTE
    __use_no_semihosting_swi                 0x00000000   Number         0  useno.o ABSOLUTE
    __use_no_signal_handling                 0x00000000   Number         0  useno.o ABSOLUTE
    __cpp_initialize__aeabi_                  - Undefined Weak Reference
    __cxa_finalize                            - Undefined Weak Reference
    __decompress                              - Undefined Weak Reference
    _clock_init                               - Undefined Weak Reference
    _microlib_exit                            - Undefined Weak Reference
    __Vectors_Size                           0x00000188   Number         0  startup_stm32f407xx.o ABSOLUTE
    __Vectors                                0x08000000   Data           4  startup_stm32f407xx.o(RESET)
    __Vectors_End                            0x08000188   Data           0  startup_stm32f407xx.o(RESET)
    __main                                   0x08000189   Thumb Code     0  entry.o(.ARM.Collect$$$$00000000)
    _main_stk                                0x08000189   Thumb Code     0  entry2.o(.ARM.Collect$$$$00000001)
    _main_scatterload                        0x0800018d   Thumb Code     0  entry5.o(.ARM.Collect$$$$00000004)
    __main_after_scatterload                 0x08000191   Thumb Code     0  entry5.o(.ARM.Collect$$$$00000004)
    _main_clock                              0x08000191   Thumb Code     0  entry7b.o(.ARM.Collect$$$$00000008)
    _main_cpp_init                           0x08000191   Thumb Code     0  entry8b.o(.ARM.Collect$$$$0000000A)
    _main_init                               0x08000191   Thumb Code     0  entry9a.o(.ARM.Collect$$$$0000000B)
    __rt_final_cpp                           0x08000199   Thumb Code     0  entry10a.o(.ARM.Collect$$$$0000000D)
    __rt_final_exit                          0x08000199   Thumb Code     0  entry11a.o(.ARM.Collect$$$$0000000F)
    SVC_Handler                              0x0800019d   Thumb Code    28  port.o(.emb_text)
    __asm___6_port_c_39a90d8d__prvStartFirstTask 0x080001bd   Thumb Code    28  port.o(.emb_text)
    __asm___6_port_c_39a90d8d__prvEnableVFP  0x080001dd   Thumb Code    16  port.o(.emb_text)
    PendSV_Handler                           0x080001f1   Thumb Code    92  port.o(.emb_text)
    vPortGetIPSR                             0x08000251   Thumb Code     6  port.o(.emb_text)
    Reset_Handler                            0x08000259   Thumb Code     8  startup_stm32f407xx.o(.text)
    ADC_IRQHandler                           0x08000273   Thumb Code     0  startup_stm32f407xx.o(.text)
    CAN1_RX0_IRQHandler                      0x08000273   Thumb Code     0  startup_stm32f407xx.o(.text)
    CAN1_RX1_IRQHandler                      0x08000273   Thumb Code     0  startup_stm32f407xx.o(.text)
    CAN1_SCE_IRQHandler                      0x08000273   Thumb Code     0  startup_stm32f407xx.o(.text)
    CAN1_TX_IRQHandler                       0x08000273   Thumb Code     0  startup_stm32f407xx.o(.text)
    CAN2_RX0_IRQHandler                      0x08000273   Thumb Code     0  startup_stm32f407xx.o(.text)
    CAN2_RX1_IRQHandler                      0x08000273   Thumb Code     0  startup_stm32f407xx.o(.text)
    CAN2_SCE_IRQHandler                      0x08000273   Thumb Code     0  startup_stm32f407xx.o(.text)
    CAN2_TX_IRQHandler                       0x08000273   Thumb Code     0  startup_stm32f407xx.o(.text)
    DCMI_IRQHandler                          0x08000273   Thumb Code     0  startup_stm32f407xx.o(.text)
    DMA1_Stream0_IRQHandler                  0x08000273   Thumb Code     0  startup_stm32f407xx.o(.text)
    DMA1_Stream1_IRQHandler                  0x08000273   Thumb Code     0  startup_stm32f407xx.o(.text)
    DMA1_Stream2_IRQHandler                  0x08000273   Thumb Code     0  startup_stm32f407xx.o(.text)
    DMA1_Stream3_IRQHandler                  0x08000273   Thumb Code     0  startup_stm32f407xx.o(.text)
    DMA1_Stream4_IRQHandler                  0x08000273   Thumb Code     0  startup_stm32f407xx.o(.text)
    DMA1_Stream5_IRQHandler                  0x08000273   Thumb Code     0  startup_stm32f407xx.o(.text)
    DMA1_Stream6_IRQHandler                  0x08000273   Thumb Code     0  startup_stm32f407xx.o(.text)
    DMA1_Stream7_IRQHandler                  0x08000273   Thumb Code     0  startup_stm32f407xx.o(.text)
    DMA2_Stream0_IRQHandler                  0x08000273   Thumb Code     0  startup_stm32f407xx.o(.text)
    DMA2_Stream1_IRQHandler                  0x08000273   Thumb Code     0  startup_stm32f407xx.o(.text)
    DMA2_Stream2_IRQHandler                  0x08000273   Thumb Code     0  startup_stm32f407xx.o(.text)
    DMA2_Stream4_IRQHandler                  0x08000273   Thumb Code     0  startup_stm32f407xx.o(.text)
    DMA2_Stream5_IRQHandler                  0x08000273   Thumb Code     0  startup_stm32f407xx.o(.text)
    DMA2_Stream7_IRQHandler                  0x08000273   Thumb Code     0  startup_stm32f407xx.o(.text)
    ETH_IRQHandler                           0x08000273   Thumb Code     0  startup_stm32f407xx.o(.text)
    ETH_WKUP_IRQHandler                      0x08000273   Thumb Code     0  startup_stm32f407xx.o(.text)
    EXTI0_IRQHandler                         0x08000273   Thumb Code     0  startup_stm32f407xx.o(.text)
    EXTI15_10_IRQHandler                     0x08000273   Thumb Code     0  startup_stm32f407xx.o(.text)
    EXTI1_IRQHandler                         0x08000273   Thumb Code     0  startup_stm32f407xx.o(.text)
    EXTI2_IRQHandler                         0x08000273   Thumb Code     0  startup_stm32f407xx.o(.text)
    EXTI3_IRQHandler                         0x08000273   Thumb Code     0  startup_stm32f407xx.o(.text)
    EXTI4_IRQHandler                         0x08000273   Thumb Code     0  startup_stm32f407xx.o(.text)
    EXTI9_5_IRQHandler                       0x08000273   Thumb Code     0  startup_stm32f407xx.o(.text)
    FLASH_IRQHandler                         0x08000273   Thumb Code     0  startup_stm32f407xx.o(.text)
    FMC_IRQHandler                           0x08000273   Thumb Code     0  startup_stm32f407xx.o(.text)
    FPU_IRQHandler                           0x08000273   Thumb Code     0  startup_stm32f407xx.o(.text)
    HASH_RNG_IRQHandler                      0x08000273   Thumb Code     0  startup_stm32f407xx.o(.text)
    I2C1_ER_IRQHandler                       0x08000273   Thumb Code     0  startup_stm32f407xx.o(.text)
    I2C1_EV_IRQHandler                       0x08000273   Thumb Code     0  startup_stm32f407xx.o(.text)
    I2C2_ER_IRQHandler                       0x08000273   Thumb Code     0  startup_stm32f407xx.o(.text)
    I2C2_EV_IRQHandler                       0x08000273   Thumb Code     0  startup_stm32f407xx.o(.text)
    I2C3_ER_IRQHandler                       0x08000273   Thumb Code     0  startup_stm32f407xx.o(.text)
    I2C3_EV_IRQHandler                       0x08000273   Thumb Code     0  startup_stm32f407xx.o(.text)
    OTG_FS_IRQHandler                        0x08000273   Thumb Code     0  startup_stm32f407xx.o(.text)
    OTG_FS_WKUP_IRQHandler                   0x08000273   Thumb Code     0  startup_stm32f407xx.o(.text)
    OTG_HS_EP1_IN_IRQHandler                 0x08000273   Thumb Code     0  startup_stm32f407xx.o(.text)
    OTG_HS_EP1_OUT_IRQHandler                0x08000273   Thumb Code     0  startup_stm32f407xx.o(.text)
    OTG_HS_IRQHandler                        0x08000273   Thumb Code     0  startup_stm32f407xx.o(.text)
    OTG_HS_WKUP_IRQHandler                   0x08000273   Thumb Code     0  startup_stm32f407xx.o(.text)
    PVD_IRQHandler                           0x08000273   Thumb Code     0  startup_stm32f407xx.o(.text)
    RCC_IRQHandler                           0x08000273   Thumb Code     0  startup_stm32f407xx.o(.text)
    RTC_Alarm_IRQHandler                     0x08000273   Thumb Code     0  startup_stm32f407xx.o(.text)
    RTC_WKUP_IRQHandler                      0x08000273   Thumb Code     0  startup_stm32f407xx.o(.text)
    SPI1_IRQHandler                          0x08000273   Thumb Code     0  startup_stm32f407xx.o(.text)
    SPI2_IRQHandler                          0x08000273   Thumb Code     0  startup_stm32f407xx.o(.text)
    SPI3_IRQHandler                          0x08000273   Thumb Code     0  startup_stm32f407xx.o(.text)
    TAMP_STAMP_IRQHandler                    0x08000273   Thumb Code     0  startup_stm32f407xx.o(.text)
    TIM1_BRK_TIM9_IRQHandler                 0x08000273   Thumb Code     0  startup_stm32f407xx.o(.text)
    TIM1_CC_IRQHandler                       0x08000273   Thumb Code     0  startup_stm32f407xx.o(.text)
    TIM1_TRG_COM_TIM11_IRQHandler            0x08000273   Thumb Code     0  startup_stm32f407xx.o(.text)
    TIM1_UP_TIM10_IRQHandler                 0x08000273   Thumb Code     0  startup_stm32f407xx.o(.text)
    TIM2_IRQHandler                          0x08000273   Thumb Code     0  startup_stm32f407xx.o(.text)
    TIM3_IRQHandler                          0x08000273   Thumb Code     0  startup_stm32f407xx.o(.text)
    TIM4_IRQHandler                          0x08000273   Thumb Code     0  startup_stm32f407xx.o(.text)
    TIM5_IRQHandler                          0x08000273   Thumb Code     0  startup_stm32f407xx.o(.text)
    TIM6_DAC_IRQHandler                      0x08000273   Thumb Code     0  startup_stm32f407xx.o(.text)
    TIM7_IRQHandler                          0x08000273   Thumb Code     0  startup_stm32f407xx.o(.text)
    TIM8_BRK_TIM12_IRQHandler                0x08000273   Thumb Code     0  startup_stm32f407xx.o(.text)
    TIM8_CC_IRQHandler                       0x08000273   Thumb Code     0  startup_stm32f407xx.o(.text)
    TIM8_UP_TIM13_IRQHandler                 0x08000273   Thumb Code     0  startup_stm32f407xx.o(.text)
    UART4_IRQHandler                         0x08000273   Thumb Code     0  startup_stm32f407xx.o(.text)
    UART5_IRQHandler                         0x08000273   Thumb Code     0  startup_stm32f407xx.o(.text)
    USART2_IRQHandler                        0x08000273   Thumb Code     0  startup_stm32f407xx.o(.text)
    USART6_IRQHandler                        0x08000273   Thumb Code     0  startup_stm32f407xx.o(.text)
    WWDG_IRQHandler                          0x08000273   Thumb Code     0  startup_stm32f407xx.o(.text)
    __aeabi_memcpy                           0x0800027d   Thumb Code    36  memcpya.o(.text)
    __aeabi_memcpy4                          0x0800027d   Thumb Code     0  memcpya.o(.text)
    __aeabi_memcpy8                          0x0800027d   Thumb Code     0  memcpya.o(.text)
    __aeabi_memset                           0x080002a1   Thumb Code    14  memseta.o(.text)
    __aeabi_memset4                          0x080002a1   Thumb Code     0  memseta.o(.text)
    __aeabi_memset8                          0x080002a1   Thumb Code     0  memseta.o(.text)
    __aeabi_memclr                           0x080002af   Thumb Code     4  memseta.o(.text)
    __aeabi_memclr4                          0x080002af   Thumb Code     0  memseta.o(.text)
    __aeabi_memclr8                          0x080002af   Thumb Code     0  memseta.o(.text)
    _memset$wrapper                          0x080002b3   Thumb Code    18  memseta.o(.text)
    __scatterload                            0x080002c5   Thumb Code    28  init.o(.text)
    __scatterload_rt2                        0x080002c5   Thumb Code     0  init.o(.text)
    BusFault_Handler                         0x080002e9   Thumb Code     2  stm32f4xx_it.o(i.BusFault_Handler)
    DMA2_Stream3_IRQHandler                  0x080002ed   Thumb Code     6  stm32f4xx_it.o(i.DMA2_Stream3_IRQHandler)
    DMA2_Stream6_IRQHandler                  0x080002f9   Thumb Code     6  stm32f4xx_it.o(i.DMA2_Stream6_IRQHandler)
    DebugMon_Handler                         0x08000381   Thumb Code     2  stm32f4xx_it.o(i.DebugMon_Handler)
    Error_Handler                            0x08000383   Thumb Code     2  main.o(i.Error_Handler)
    Func_LED                                 0x08000385   Thumb Code    46  freertos.o(i.Func_LED)
    Func_SD                                  0x080003b9   Thumb Code     8  freertos.o(i.Func_SD)
    Func_WIFI                                0x080003c1   Thumb Code    94  freertos.o(i.Func_WIFI)
    Func_usart                               0x08000455   Thumb Code    74  freertos.o(i.Func_usart)
    HAL_DMA_Abort_IT                         0x080004cd   Thumb Code    36  stm32f4xx_hal_dma.o(i.HAL_DMA_Abort_IT)
    HAL_DMA_IRQHandler                       0x080004f1   Thumb Code   414  stm32f4xx_hal_dma.o(i.HAL_DMA_IRQHandler)
    HAL_DMA_Init                             0x08000699   Thumb Code   202  stm32f4xx_hal_dma.o(i.HAL_DMA_Init)
    HAL_Delay                                0x08000769   Thumb Code    22  stm32f4xx_hal.o(i.HAL_Delay)
    HAL_GPIO_Init                            0x08000781   Thumb Code   388  stm32f4xx_hal_gpio.o(i.HAL_GPIO_Init)
    HAL_GPIO_TogglePin                       0x08000931   Thumb Code     8  stm32f4xx_hal_gpio.o(i.HAL_GPIO_TogglePin)
    HAL_GPIO_WritePin                        0x08000939   Thumb Code    10  stm32f4xx_hal_gpio.o(i.HAL_GPIO_WritePin)
    HAL_GetTick                              0x08000945   Thumb Code     6  stm32f4xx_hal.o(i.HAL_GetTick)
    HAL_IncTick                              0x08000951   Thumb Code    10  stm32f4xx_hal.o(i.HAL_IncTick)
    HAL_Init                                 0x08000961   Thumb Code    48  stm32f4xx_hal.o(i.HAL_Init)
    HAL_InitTick                             0x08000995   Thumb Code   100  stm32f4xx_hal_timebase_tim.o(i.HAL_InitTick)
    HAL_MspInit                              0x08000a09   Thumb Code    88  stm32f4xx_hal_msp.o(i.HAL_MspInit)
    HAL_NVIC_EnableIRQ                       0x08000a61   Thumb Code    22  stm32f4xx_hal_cortex.o(i.HAL_NVIC_EnableIRQ)
    HAL_NVIC_SetPriority                     0x08000a79   Thumb Code    60  stm32f4xx_hal_cortex.o(i.HAL_NVIC_SetPriority)
    HAL_NVIC_SetPriorityGrouping             0x08000ab9   Thumb Code    26  stm32f4xx_hal_cortex.o(i.HAL_NVIC_SetPriorityGrouping)
    HAL_RCC_ClockConfig                      0x08000add   Thumb Code   364  stm32f4xx_hal_rcc.o(i.HAL_RCC_ClockConfig)
    HAL_RCC_GetClockConfig                   0x08000c59   Thumb Code    54  stm32f4xx_hal_rcc.o(i.HAL_RCC_GetClockConfig)
    HAL_RCC_GetHCLKFreq                      0x08000c99   Thumb Code     6  stm32f4xx_hal_rcc.o(i.HAL_RCC_GetHCLKFreq)
    HAL_RCC_GetPCLK1Freq                     0x08000ca5   Thumb Code    34  stm32f4xx_hal_rcc.o(i.HAL_RCC_GetPCLK1Freq)
    HAL_RCC_GetPCLK2Freq                     0x08000cd5   Thumb Code    34  stm32f4xx_hal_rcc.o(i.HAL_RCC_GetPCLK2Freq)
    HAL_RCC_GetSysClockFreq                  0x08000d05   Thumb Code   104  stm32f4xx_hal_rcc.o(i.HAL_RCC_GetSysClockFreq)
    HAL_RCC_OscConfig                        0x08000d75   Thumb Code   722  stm32f4xx_hal_rcc.o(i.HAL_RCC_OscConfig)
    HAL_SD_Get_CardInfo                      0x08001059   Thumb Code   692  stm32f4xx_hal_sd.o(i.HAL_SD_Get_CardInfo)
    HAL_SD_IRQHandler                        0x0800130d   Thumb Code   124  stm32f4xx_hal_sd.o(i.HAL_SD_IRQHandler)
    HAL_SD_Init                              0x08001389   Thumb Code   160  stm32f4xx_hal_sd.o(i.HAL_SD_Init)
    HAL_SD_MspInit                           0x08001429   Thumb Code   232  sdio.o(i.HAL_SD_MspInit)
    HAL_SD_WideBusOperation_Config           0x08001529   Thumb Code    94  stm32f4xx_hal_sd.o(i.HAL_SD_WideBusOperation_Config)
    HAL_SD_XferCpltCallback                  0x08001587   Thumb Code     2  stm32f4xx_hal_sd.o(i.HAL_SD_XferCpltCallback)
    HAL_SD_XferErrorCallback                 0x08001589   Thumb Code     2  stm32f4xx_hal_sd.o(i.HAL_SD_XferErrorCallback)
    HAL_SYSTICK_CLKSourceConfig              0x0800158b   Thumb Code    24  stm32f4xx_hal_cortex.o(i.HAL_SYSTICK_CLKSourceConfig)
    HAL_SYSTICK_Config                       0x080015a3   Thumb Code    40  stm32f4xx_hal_cortex.o(i.HAL_SYSTICK_Config)
    HAL_TIMEx_BreakCallback                  0x080015cb   Thumb Code     2  stm32f4xx_hal_tim_ex.o(i.HAL_TIMEx_BreakCallback)
    HAL_TIMEx_CommutationCallback            0x080015cd   Thumb Code     2  stm32f4xx_hal_tim_ex.o(i.HAL_TIMEx_CommutationCallback)
    HAL_TIM_Base_Init                        0x080015cf   Thumb Code    54  stm32f4xx_hal_tim.o(i.HAL_TIM_Base_Init)
    HAL_TIM_Base_MspInit                     0x08001605   Thumb Code     2  stm32f4xx_hal_tim.o(i.HAL_TIM_Base_MspInit)
    HAL_TIM_Base_Start_IT                    0x08001607   Thumb Code    24  stm32f4xx_hal_tim.o(i.HAL_TIM_Base_Start_IT)
    HAL_TIM_IC_CaptureCallback               0x0800161f   Thumb Code     2  stm32f4xx_hal_tim.o(i.HAL_TIM_IC_CaptureCallback)
    HAL_TIM_IRQHandler                       0x08001621   Thumb Code   358  stm32f4xx_hal_tim.o(i.HAL_TIM_IRQHandler)
    HAL_TIM_OC_DelayElapsedCallback          0x08001787   Thumb Code     2  stm32f4xx_hal_tim.o(i.HAL_TIM_OC_DelayElapsedCallback)
    HAL_TIM_PWM_PulseFinishedCallback        0x08001789   Thumb Code     2  stm32f4xx_hal_tim.o(i.HAL_TIM_PWM_PulseFinishedCallback)
    HAL_TIM_PeriodElapsedCallback            0x0800178d   Thumb Code    14  main.o(i.HAL_TIM_PeriodElapsedCallback)
    HAL_TIM_TriggerCallback                  0x080017a1   Thumb Code     2  stm32f4xx_hal_tim.o(i.HAL_TIM_TriggerCallback)
    HAL_UART_ErrorCallback                   0x080017a3   Thumb Code     2  stm32f4xx_hal_uart.o(i.HAL_UART_ErrorCallback)
    HAL_UART_IRQHandler                      0x080017a5   Thumb Code   266  stm32f4xx_hal_uart.o(i.HAL_UART_IRQHandler)
    HAL_UART_Init                            0x080018b5   Thumb Code    98  stm32f4xx_hal_uart.o(i.HAL_UART_Init)
    HAL_UART_MspInit                         0x08001919   Thumb Code    80  usart.o(i.HAL_UART_MspInit)
    HAL_UART_Receive                         0x08001975   Thumb Code   184  stm32f4xx_hal_uart.o(i.HAL_UART_Receive)
    HAL_UART_RxCpltCallback                  0x08001a2d   Thumb Code     2  stm32f4xx_hal_uart.o(i.HAL_UART_RxCpltCallback)
    HAL_UART_Transmit                        0x08001a2f   Thumb Code   186  stm32f4xx_hal_uart.o(i.HAL_UART_Transmit)
    HAL_UART_TxCpltCallback                  0x08001ae9   Thumb Code     2  stm32f4xx_hal_uart.o(i.HAL_UART_TxCpltCallback)
    HardFault_Handler                        0x08001aeb   Thumb Code     2  stm32f4xx_it.o(i.HardFault_Handler)
    MX_DMA_Init                              0x08001aed   Thumb Code    56  dma.o(i.MX_DMA_Init)
    MX_FREERTOS_Init                         0x08001b29   Thumb Code   118  freertos.o(i.MX_FREERTOS_Init)
    MX_GPIO_Init                             0x08001ba9   Thumb Code   126  gpio.o(i.MX_GPIO_Init)
    MX_SDIO_SD_Init                          0x08001c31   Thumb Code    50  sdio.o(i.MX_SDIO_SD_Init)
    MX_USART3_UART_Init                      0x08001c6d   Thumb Code    48  usart.o(i.MX_USART3_UART_Init)
    MemManage_Handler                        0x08001ca5   Thumb Code     2  stm32f4xx_it.o(i.MemManage_Handler)
    NMI_Handler                              0x08001ca7   Thumb Code     2  stm32f4xx_it.o(i.NMI_Handler)
    SDIO_DataConfig                          0x08001cc9   Thumb Code    36  stm32f4xx_ll_sdmmc.o(i.SDIO_DataConfig)
    SDIO_GetCommandResponse                  0x08001ced   Thumb Code     6  stm32f4xx_ll_sdmmc.o(i.SDIO_GetCommandResponse)
    SDIO_GetPowerState                       0x08001cf3   Thumb Code     8  stm32f4xx_ll_sdmmc.o(i.SDIO_GetPowerState)
    SDIO_GetResponse                         0x08001cfd   Thumb Code    12  stm32f4xx_ll_sdmmc.o(i.SDIO_GetResponse)
    SDIO_IRQHandler                          0x08001d0d   Thumb Code     6  sd.o(i.SDIO_IRQHandler)
    SDIO_Init                                0x08001d19   Thumb Code    36  stm32f4xx_ll_sdmmc.o(i.SDIO_Init)
    SDIO_PowerState_ON                       0x08001d3d   Thumb Code     8  stm32f4xx_ll_sdmmc.o(i.SDIO_PowerState_ON)
    SDIO_ReadFIFO                            0x08001d45   Thumb Code     6  stm32f4xx_ll_sdmmc.o(i.SDIO_ReadFIFO)
    SDIO_SendCommand                         0x08001d4b   Thumb Code    32  stm32f4xx_ll_sdmmc.o(i.SDIO_SendCommand)
    StartDefaultTask                         0x0800237b   Thumb Code     8  freertos.o(i.StartDefaultTask)
    SysTick_Handler                          0x08002383   Thumb Code     4  stm32f4xx_it.o(i.SysTick_Handler)
    SystemClock_Config                       0x08002389   Thumb Code   148  main.o(i.SystemClock_Config)
    SystemInit                               0x08002425   Thumb Code    66  system_stm32f4xx.o(i.SystemInit)
    TIM8_TRG_COM_TIM14_IRQHandler            0x08002479   Thumb Code     6  stm32f4xx_it.o(i.TIM8_TRG_COM_TIM14_IRQHandler)
    TIM_Base_SetConfig                       0x08002485   Thumb Code   148  stm32f4xx_hal_tim.o(i.TIM_Base_SetConfig)
    USART1_IRQHandler                        0x08002971   Thumb Code   100  usrt.o(i.USART1_IRQHandler)
    USART3_IRQHandler                        0x080029dd   Thumb Code    62  usrt.o(i.USART3_IRQHandler)
    UsageFault_Handler                       0x08002a29   Thumb Code     2  stm32f4xx_it.o(i.UsageFault_Handler)
    __0printf$bare                           0x08002a2d   Thumb Code     8  printfb.o(i.__0printf$bare)
    __1printf$bare                           0x08002a2d   Thumb Code     0  printfb.o(i.__0printf$bare)
    __2printf                                0x08002a2d   Thumb Code     0  printfb.o(i.__0printf$bare)
    __scatterload_copy                       0x08002a3d   Thumb Code    14  handlers.o(i.__scatterload_copy)
    __scatterload_null                       0x08002a4b   Thumb Code     2  handlers.o(i.__scatterload_null)
    __scatterload_zeroinit                   0x08002a4d   Thumb Code    14  handlers.o(i.__scatterload_zeroinit)
    fputc                                    0x08002a7d   Thumb Code    14  usrt.o(i.fputc)
    main                                     0x08002a91   Thumb Code    34  main.o(i.main)
    osDelay                                  0x08002abf   Thumb Code    14  cmsis_os.o(i.osDelay)
    osKernelStart                            0x08002acd   Thumb Code    10  cmsis_os.o(i.osKernelStart)
    osSystickHandler                         0x08002ad7   Thumb Code    20  cmsis_os.o(i.osSystickHandler)
    osThreadCreate                           0x08002aeb   Thumb Code    56  cmsis_os.o(i.osThreadCreate)
    pvPortMalloc                             0x08002cb5   Thumb Code   210  heap_4.o(i.pvPortMalloc)
    pxPortInitialiseStack                    0x08002d8d   Thumb Code    36  port.o(i.pxPortInitialiseStack)
    uxListRemove                             0x08002db5   Thumb Code    36  list.o(i.uxListRemove)
    vListInitialise                          0x08002dd9   Thumb Code    22  list.o(i.vListInitialise)
    vListInitialiseItem                      0x08002def   Thumb Code     6  list.o(i.vListInitialiseItem)
    vListInsert                              0x08002df5   Thumb Code    48  list.o(i.vListInsert)
    vListInsertEnd                           0x08002e25   Thumb Code    24  list.o(i.vListInsertEnd)
    vPortEnterCritical                       0x08002e3d   Thumb Code    54  port.o(i.vPortEnterCritical)
    vPortExitCritical                        0x08002e7d   Thumb Code    34  port.o(i.vPortExitCritical)
    vPortFree                                0x08002ea5   Thumb Code    88  heap_4.o(i.vPortFree)
    vPortSetupTimerInterrupt                 0x08002f01   Thumb Code    26  port.o(i.vPortSetupTimerInterrupt)
    vTaskDelay                               0x08002f21   Thumb Code    94  tasks.o(i.vTaskDelay)
    vTaskStartScheduler                      0x08002f89   Thumb Code    86  tasks.o(i.vTaskStartScheduler)
    vTaskSuspendAll                          0x08002ff1   Thumb Code    10  tasks.o(i.vTaskSuspendAll)
    vTaskSwitchContext                       0x08003001   Thumb Code    82  tasks.o(i.vTaskSwitchContext)
    xPortStartScheduler                      0x0800305d   Thumb Code   202  port.o(i.xPortStartScheduler)
    xPortSysTickHandler                      0x0800313d   Thumb Code    38  port.o(i.xPortSysTickHandler)
    xTaskGenericCreate                       0x08003169   Thumb Code   430  tasks.o(i.xTaskGenericCreate)
    xTaskGetSchedulerState                   0x08003325   Thumb Code    22  tasks.o(i.xTaskGetSchedulerState)
    xTaskIncrementTick                       0x08003341   Thumb Code   194  tasks.o(i.xTaskIncrementTick)
    xTaskResumeAll                           0x0800340d   Thumb Code   182  tasks.o(i.xTaskResumeAll)
    APBAHBPrescTable                         0x080034d8   Data          16  stm32f4xx_hal_rcc.o(.constdata)
    Region$$Table$$Base                      0x080035ac   Number         0  anon$$obj.o(Region$$Table)
    Region$$Table$$Limit                     0x080035cc   Number         0  anon$$obj.o(Region$$Table)
    pxCurrentTCB                             0x20000018   Data           4  tasks.o(.data)
    uwTick                                   0x2000005c   Data           4  stm32f4xx_hal.o(.data)
    SystemCoreClock                          0x20000060   Data           4  system_stm32f4xx.o(.data)
    defaultTaskHandle                        0x20000064   Data           4  freertos.o(.data)
    Task_LEDHandle                           0x20000068   Data           4  freertos.o(.data)
    Task_SDHandle                            0x2000006c   Data           4  freertos.o(.data)
    USART_RX_STA                             0x20000070   Data           2  usrt.o(.data)
    USART3_RX_STA                            0x20000072   Data           2  usrt.o(.data)
    __stdout                                 0x20000074   Data           4  usrt.o(.data)
    htim14                                   0x20003d68   Data          60  stm32f4xx_hal_timebase_tim.o(.bss)
    huart3                                   0x20003da4   Data          64  usart.o(.bss)
    hsd                                      0x20003de8   Data          96  sdio.o(.bss)
    SDCardInfo                               0x20003e48   Data          88  sdio.o(.bss)
    hdma_sdio_rx                             0x20003ea0   Data          96  sdio.o(.bss)
    hdma_sdio_tx                             0x20003f00   Data          96  sdio.o(.bss)
    USART_RX_BUF                             0x20003f60   Data         200  usrt.o(.bss)
    UART1_Handler                            0x20004028   Data          64  usrt.o(.bss)
    USART3_RX_BUF                            0x20004068   Data         200  usrt.o(.bss)
    __initial_sp                             0x20004530   Data           0  startup_stm32f407xx.o(STACK)



==============================================================================

Memory Map of the image

  Image Entry point : 0x08000189

  Load Region LR_IROM1 (Base: 0x08000000, Size: 0x00003644, Max: 0x00100000, ABSOLUTE)

    Execution Region ER_IROM1 (Base: 0x08000000, Size: 0x000035cc, Max: 0x00100000, ABSOLUTE)

    Base Addr    Size         Type   Attr      Idx    E Section Name        Object

    0x08000000   0x00000188   Data   RO         3634    RESET               startup_stm32f407xx.o
    0x08000188   0x00000000   Code   RO         4285  * .ARM.Collect$$$$00000000  mc_w.l(entry.o)
    0x08000188   0x00000004   Code   RO         4554    .ARM.Collect$$$$00000001  mc_w.l(entry2.o)
    0x0800018c   0x00000004   Code   RO         4557    .ARM.Collect$$$$00000004  mc_w.l(entry5.o)
    0x08000190   0x00000000   Code   RO         4559    .ARM.Collect$$$$00000008  mc_w.l(entry7b.o)
    0x08000190   0x00000000   Code   RO         4561    .ARM.Collect$$$$0000000A  mc_w.l(entry8b.o)
    0x08000190   0x00000008   Code   RO         4562    .ARM.Collect$$$$0000000B  mc_w.l(entry9a.o)
    0x08000198   0x00000000   Code   RO         4564    .ARM.Collect$$$$0000000D  mc_w.l(entry10a.o)
    0x08000198   0x00000000   Code   RO         4566    .ARM.Collect$$$$0000000F  mc_w.l(entry11a.o)
    0x08000198   0x00000004   Code   RO         4555    .ARM.Collect$$$$00002712  mc_w.l(entry2.o)
    0x0800019c   0x000000ba   Code   RO          953    .emb_text           port.o
    0x08000256   0x00000002   PAD
    0x08000258   0x00000024   Code   RO         3635    .text               startup_stm32f407xx.o
    0x0800027c   0x00000024   Code   RO         4288    .text               mc_w.l(memcpya.o)
    0x080002a0   0x00000024   Code   RO         4290    .text               mc_w.l(memseta.o)
    0x080002c4   0x00000024   Code   RO         4583    .text               mc_w.l(init.o)
    0x080002e8   0x00000002   Code   RO         3784    i.BusFault_Handler  stm32f4xx_it.o
    0x080002ea   0x00000002   PAD
    0x080002ec   0x0000000c   Code   RO         3785    i.DMA2_Stream3_IRQHandler  stm32f4xx_it.o
    0x080002f8   0x0000000c   Code   RO         3786    i.DMA2_Stream6_IRQHandler  stm32f4xx_it.o
    0x08000304   0x00000028   Code   RO         2420    i.DMA_CalcBaseAndBitshift  stm32f4xx_hal_dma.o
    0x0800032c   0x00000054   Code   RO         2421    i.DMA_CheckFifoParam  stm32f4xx_hal_dma.o
    0x08000380   0x00000002   Code   RO         3787    i.DebugMon_Handler  stm32f4xx_it.o
    0x08000382   0x00000002   Code   RO         3875    i.Error_Handler     main.o
    0x08000384   0x00000034   Code   RO         3702    i.Func_LED          freertos.o
    0x080003b8   0x00000008   Code   RO         3703    i.Func_SD           freertos.o
    0x080003c0   0x00000094   Code   RO         3704    i.Func_WIFI         freertos.o
    0x08000454   0x00000078   Code   RO         3705    i.Func_usart        freertos.o
    0x080004cc   0x00000024   Code   RO         2424    i.HAL_DMA_Abort_IT  stm32f4xx_hal_dma.o
    0x080004f0   0x000001a8   Code   RO         2428    i.HAL_DMA_IRQHandler  stm32f4xx_hal_dma.o
    0x08000698   0x000000d0   Code   RO         2429    i.HAL_DMA_Init      stm32f4xx_hal_dma.o
    0x08000768   0x00000016   Code   RO         1246    i.HAL_Delay         stm32f4xx_hal.o
    0x0800077e   0x00000002   PAD
    0x08000780   0x000001b0   Code   RO         2234    i.HAL_GPIO_Init     stm32f4xx_hal_gpio.o
    0x08000930   0x00000008   Code   RO         2237    i.HAL_GPIO_TogglePin  stm32f4xx_hal_gpio.o
    0x08000938   0x0000000a   Code   RO         2238    i.HAL_GPIO_WritePin  stm32f4xx_hal_gpio.o
    0x08000942   0x00000002   PAD
    0x08000944   0x0000000c   Code   RO         1252    i.HAL_GetTick       stm32f4xx_hal.o
    0x08000950   0x00000010   Code   RO         1253    i.HAL_IncTick       stm32f4xx_hal.o
    0x08000960   0x00000034   Code   RO         1254    i.HAL_Init          stm32f4xx_hal.o
    0x08000994   0x00000074   Code   RO         3927    i.HAL_InitTick      stm32f4xx_hal_timebase_tim.o
    0x08000a08   0x00000058   Code   RO         3679    i.HAL_MspInit       stm32f4xx_hal_msp.o
    0x08000a60   0x00000016   Code   RO         2300    i.HAL_NVIC_EnableIRQ  stm32f4xx_hal_cortex.o
    0x08000a76   0x00000002   PAD
    0x08000a78   0x00000040   Code   RO         2306    i.HAL_NVIC_SetPriority  stm32f4xx_hal_cortex.o
    0x08000ab8   0x00000024   Code   RO         2307    i.HAL_NVIC_SetPriorityGrouping  stm32f4xx_hal_cortex.o
    0x08000adc   0x0000017c   Code   RO         3138    i.HAL_RCC_ClockConfig  stm32f4xx_hal_rcc.o
    0x08000c58   0x00000040   Code   RO         3142    i.HAL_RCC_GetClockConfig  stm32f4xx_hal_rcc.o
    0x08000c98   0x0000000c   Code   RO         3143    i.HAL_RCC_GetHCLKFreq  stm32f4xx_hal_rcc.o
    0x08000ca4   0x00000030   Code   RO         3145    i.HAL_RCC_GetPCLK1Freq  stm32f4xx_hal_rcc.o
    0x08000cd4   0x00000030   Code   RO         3146    i.HAL_RCC_GetPCLK2Freq  stm32f4xx_hal_rcc.o
    0x08000d04   0x00000070   Code   RO         3147    i.HAL_RCC_GetSysClockFreq  stm32f4xx_hal_rcc.o
    0x08000d74   0x000002e4   Code   RO         3150    i.HAL_RCC_OscConfig  stm32f4xx_hal_rcc.o
    0x08001058   0x000002b4   Code   RO         3407    i.HAL_SD_Get_CardInfo  stm32f4xx_hal_sd.o
    0x0800130c   0x0000007c   Code   RO         3409    i.HAL_SD_IRQHandler  stm32f4xx_hal_sd.o
    0x08001388   0x000000a0   Code   RO         3410    i.HAL_SD_Init       stm32f4xx_hal_sd.o
    0x08001428   0x00000100   Code   RO         4034    i.HAL_SD_MspInit    sdio.o
    0x08001528   0x0000005e   Code   RO         3417    i.HAL_SD_WideBusOperation_Config  stm32f4xx_hal_sd.o
    0x08001586   0x00000002   Code   RO         3420    i.HAL_SD_XferCpltCallback  stm32f4xx_hal_sd.o
    0x08001588   0x00000002   Code   RO         3421    i.HAL_SD_XferErrorCallback  stm32f4xx_hal_sd.o
    0x0800158a   0x00000018   Code   RO         2309    i.HAL_SYSTICK_CLKSourceConfig  stm32f4xx_hal_cortex.o
    0x080015a2   0x00000028   Code   RO         2311    i.HAL_SYSTICK_Config  stm32f4xx_hal_cortex.o
    0x080015ca   0x00000002   Code   RO         2778    i.HAL_TIMEx_BreakCallback  stm32f4xx_hal_tim_ex.o
    0x080015cc   0x00000002   Code   RO         2779    i.HAL_TIMEx_CommutationCallback  stm32f4xx_hal_tim_ex.o
    0x080015ce   0x00000036   Code   RO         1448    i.HAL_TIM_Base_Init  stm32f4xx_hal_tim.o
    0x08001604   0x00000002   Code   RO         1450    i.HAL_TIM_Base_MspInit  stm32f4xx_hal_tim.o
    0x08001606   0x00000018   Code   RO         1453    i.HAL_TIM_Base_Start_IT  stm32f4xx_hal_tim.o
    0x0800161e   0x00000002   Code   RO         1477    i.HAL_TIM_IC_CaptureCallback  stm32f4xx_hal_tim.o
    0x08001620   0x00000166   Code   RO         1490    i.HAL_TIM_IRQHandler  stm32f4xx_hal_tim.o
    0x08001786   0x00000002   Code   RO         1493    i.HAL_TIM_OC_DelayElapsedCallback  stm32f4xx_hal_tim.o
    0x08001788   0x00000002   Code   RO         1520    i.HAL_TIM_PWM_PulseFinishedCallback  stm32f4xx_hal_tim.o
    0x0800178a   0x00000002   PAD
    0x0800178c   0x00000014   Code   RO         3876    i.HAL_TIM_PeriodElapsedCallback  main.o
    0x080017a0   0x00000002   Code   RO         1531    i.HAL_TIM_TriggerCallback  stm32f4xx_hal_tim.o
    0x080017a2   0x00000002   Code   RO         2538    i.HAL_UART_ErrorCallback  stm32f4xx_hal_uart.o
    0x080017a4   0x00000110   Code   RO         2541    i.HAL_UART_IRQHandler  stm32f4xx_hal_uart.o
    0x080018b4   0x00000062   Code   RO         2542    i.HAL_UART_Init     stm32f4xx_hal_uart.o
    0x08001916   0x00000002   PAD
    0x08001918   0x0000005c   Code   RO         3992    i.HAL_UART_MspInit  usart.o
    0x08001974   0x000000b8   Code   RO         2545    i.HAL_UART_Receive  stm32f4xx_hal_uart.o
    0x08001a2c   0x00000002   Code   RO         2548    i.HAL_UART_RxCpltCallback  stm32f4xx_hal_uart.o
    0x08001a2e   0x000000ba   Code   RO         2550    i.HAL_UART_Transmit  stm32f4xx_hal_uart.o
    0x08001ae8   0x00000002   Code   RO         2553    i.HAL_UART_TxCpltCallback  stm32f4xx_hal_uart.o
    0x08001aea   0x00000002   Code   RO         3788    i.HardFault_Handler  stm32f4xx_it.o
    0x08001aec   0x0000003c   Code   RO         4075    i.MX_DMA_Init       dma.o
    0x08001b28   0x00000080   Code   RO         3706    i.MX_FREERTOS_Init  freertos.o
    0x08001ba8   0x00000088   Code   RO         3967    i.MX_GPIO_Init      gpio.o
    0x08001c30   0x0000003c   Code   RO         4035    i.MX_SDIO_SD_Init   sdio.o
    0x08001c6c   0x00000038   Code   RO         3993    i.MX_USART3_UART_Init  usart.o
    0x08001ca4   0x00000002   Code   RO         3789    i.MemManage_Handler  stm32f4xx_it.o
    0x08001ca6   0x00000002   Code   RO         3790    i.NMI_Handler       stm32f4xx_it.o
    0x08001ca8   0x00000020   Code   RO         2313    i.NVIC_SetPriority  stm32f4xx_hal_cortex.o
    0x08001cc8   0x00000024   Code   RO         3301    i.SDIO_DataConfig   stm32f4xx_ll_sdmmc.o
    0x08001cec   0x00000006   Code   RO         3302    i.SDIO_GetCommandResponse  stm32f4xx_ll_sdmmc.o
    0x08001cf2   0x00000008   Code   RO         3305    i.SDIO_GetPowerState  stm32f4xx_ll_sdmmc.o
    0x08001cfa   0x00000002   PAD
    0x08001cfc   0x00000010   Code   RO         3306    i.SDIO_GetResponse  stm32f4xx_ll_sdmmc.o
    0x08001d0c   0x0000000c   Code   RO         4225    i.SDIO_IRQHandler   sd.o
    0x08001d18   0x00000024   Code   RO         3307    i.SDIO_Init         stm32f4xx_ll_sdmmc.o
    0x08001d3c   0x00000008   Code   RO         3309    i.SDIO_PowerState_ON  stm32f4xx_ll_sdmmc.o
    0x08001d44   0x00000006   Code   RO         3310    i.SDIO_ReadFIFO     stm32f4xx_ll_sdmmc.o
    0x08001d4a   0x00000020   Code   RO         3311    i.SDIO_SendCommand  stm32f4xx_ll_sdmmc.o
    0x08001d6a   0x00000002   PAD
    0x08001d6c   0x000000ec   Code   RO         3422    i.SD_CmdResp1Error  stm32f4xx_hal_sd.o
    0x08001e58   0x0000002e   Code   RO         3423    i.SD_CmdResp2Error  stm32f4xx_hal_sd.o
    0x08001e86   0x00000072   Code   RO         3424    i.SD_CmdResp6Error  stm32f4xx_hal_sd.o
    0x08001ef8   0x00000040   Code   RO         3425    i.SD_CmdResp7Error  stm32f4xx_hal_sd.o
    0x08001f38   0x0000010a   Code   RO         3430    i.SD_FindSCR        stm32f4xx_hal_sd.o
    0x08002042   0x000000dc   Code   RO         3431    i.SD_Initialize_Cards  stm32f4xx_hal_sd.o
    0x0800211e   0x00000002   PAD
    0x08002120   0x00000174   Code   RO         3433    i.SD_PowerON        stm32f4xx_hal_sd.o
    0x08002294   0x00000072   Code   RO         3434    i.SD_WideBus_Disable  stm32f4xx_hal_sd.o
    0x08002306   0x00000074   Code   RO         3435    i.SD_WideBus_Enable  stm32f4xx_hal_sd.o
    0x0800237a   0x00000008   Code   RO         3707    i.StartDefaultTask  freertos.o
    0x08002382   0x00000004   Code   RO         3791    i.SysTick_Handler   stm32f4xx_it.o
    0x08002386   0x00000002   PAD
    0x08002388   0x0000009c   Code   RO         3877    i.SystemClock_Config  main.o
    0x08002424   0x00000054   Code   RO         3643    i.SystemInit        system_stm32f4xx.o
    0x08002478   0x0000000c   Code   RO         3792    i.TIM8_TRG_COM_TIM14_IRQHandler  stm32f4xx_it.o
    0x08002484   0x000000c0   Code   RO         1532    i.TIM_Base_SetConfig  stm32f4xx_hal_tim.o
    0x08002544   0x00000010   Code   RO         2555    i.UART_DMAAbortOnError  stm32f4xx_hal_uart.o
    0x08002554   0x0000001c   Code   RO         2561    i.UART_EndRxTransfer  stm32f4xx_hal_uart.o
    0x08002570   0x0000008c   Code   RO         2563    i.UART_Receive_IT   stm32f4xx_hal_uart.o
    0x080025fc   0x000002ac   Code   RO         2564    i.UART_SetConfig    stm32f4xx_hal_uart.o
    0x080028a8   0x00000062   Code   RO         2565    i.UART_Transmit_IT  stm32f4xx_hal_uart.o
    0x0800290a   0x00000064   Code   RO         2566    i.UART_WaitOnFlagUntilTimeout  stm32f4xx_hal_uart.o
    0x0800296e   0x00000002   PAD
    0x08002970   0x0000006c   Code   RO         4162    i.USART1_IRQHandler  usrt.o
    0x080029dc   0x0000004c   Code   RO         4163    i.USART3_IRQHandler  usrt.o
    0x08002a28   0x00000002   Code   RO         3793    i.UsageFault_Handler  stm32f4xx_it.o
    0x08002a2a   0x00000002   PAD
    0x08002a2c   0x00000010   Code   RO         4295    i.__0printf$bare    mc_w.l(printfb.o)
    0x08002a3c   0x0000000e   Code   RO         4595    i.__scatterload_copy  mc_w.l(handlers.o)
    0x08002a4a   0x00000002   Code   RO         4596    i.__scatterload_null  mc_w.l(handlers.o)
    0x08002a4c   0x0000000e   Code   RO         4597    i.__scatterload_zeroinit  mc_w.l(handlers.o)
    0x08002a5a   0x00000022   Code   RO         4302    i._printf_core      mc_w.l(printfb.o)
    0x08002a7c   0x00000014   Code   RO         4165    i.fputc             usrt.o
    0x08002a90   0x00000022   Code   RO         3878    i.main              main.o
    0x08002ab2   0x0000000c   Code   RO            5    i.makeFreeRtosPriority  cmsis_os.o
    0x08002abe   0x0000000e   Code   RO            6    i.osDelay           cmsis_os.o
    0x08002acc   0x0000000a   Code   RO            9    i.osKernelStart     cmsis_os.o
    0x08002ad6   0x00000014   Code   RO           38    i.osSystickHandler  cmsis_os.o
    0x08002aea   0x00000038   Code   RO           39    i.osThreadCreate    cmsis_os.o
    0x08002b22   0x00000002   PAD
    0x08002b24   0x00000034   Code   RO          665    i.prvAddCurrentTaskToDelayedList  tasks.o
    0x08002b58   0x00000054   Code   RO          666    i.prvCheckTasksWaitingTermination  tasks.o
    0x08002bac   0x0000004c   Code   RO          607    i.prvHeapInit       heap_4.o
    0x08002bf8   0x00000028   Code   RO          667    i.prvIdleTask       tasks.o
    0x08002c20   0x0000004c   Code   RO          608    i.prvInsertBlockIntoFreeList  heap_4.o
    0x08002c6c   0x00000020   Code   RO          669    i.prvResetNextTaskUnblockTime  tasks.o
    0x08002c8c   0x00000028   Code   RO          954    i.prvTaskExitError  port.o
    0x08002cb4   0x000000d8   Code   RO          609    i.pvPortMalloc      heap_4.o
    0x08002d8c   0x00000028   Code   RO          955    i.pxPortInitialiseStack  port.o
    0x08002db4   0x00000024   Code   RO          571    i.uxListRemove      list.o
    0x08002dd8   0x00000016   Code   RO          572    i.vListInitialise   list.o
    0x08002dee   0x00000006   Code   RO          573    i.vListInitialiseItem  list.o
    0x08002df4   0x00000030   Code   RO          574    i.vListInsert       list.o
    0x08002e24   0x00000018   Code   RO          575    i.vListInsertEnd    list.o
    0x08002e3c   0x00000040   Code   RO          957    i.vPortEnterCritical  port.o
    0x08002e7c   0x00000028   Code   RO          958    i.vPortExitCritical  port.o
    0x08002ea4   0x0000005c   Code   RO          610    i.vPortFree         heap_4.o
    0x08002f00   0x00000020   Code   RO          959    i.vPortSetupTimerInterrupt  port.o
    0x08002f20   0x00000068   Code   RO          679    i.vTaskDelay        tasks.o
    0x08002f88   0x00000068   Code   RO          691    i.vTaskStartScheduler  tasks.o
    0x08002ff0   0x00000010   Code   RO          693    i.vTaskSuspendAll   tasks.o
    0x08003000   0x0000005c   Code   RO          694    i.vTaskSwitchContext  tasks.o
    0x0800305c   0x000000e0   Code   RO          961    i.xPortStartScheduler  port.o
    0x0800313c   0x0000002c   Code   RO          962    i.xPortSysTickHandler  port.o
    0x08003168   0x000001bc   Code   RO          696    i.xTaskGenericCreate  tasks.o
    0x08003324   0x0000001c   Code   RO          700    i.xTaskGetSchedulerState  tasks.o
    0x08003340   0x000000cc   Code   RO          703    i.xTaskIncrementTick  tasks.o
    0x0800340c   0x000000c4   Code   RO          709    i.xTaskResumeAll    tasks.o
    0x080034d0   0x00000008   Data   RO         2435    .constdata          stm32f4xx_hal_dma.o
    0x080034d8   0x00000010   Data   RO         3151    .constdata          stm32f4xx_hal_rcc.o
    0x080034e8   0x0000008c   Data   RO         3708    .constdata          freertos.o
    0x08003574   0x00000037   Data   RO         3709    .conststring        freertos.o
    0x080035ab   0x00000001   PAD
    0x080035ac   0x00000020   Data   RO         4593    Region$$Table       anon$$obj.o


    Execution Region RW_IRAM1 (Base: 0x20000000, Size: 0x00004530, Max: 0x00020000, ABSOLUTE)

    Base Addr    Size         Type   Attr      Idx    E Section Name        Object

    0x20000000   0x00000018   Data   RW          615    .data               heap_4.o
    0x20000018   0x00000038   Data   RW          712    .data               tasks.o
    0x20000050   0x0000000c   Data   RW          963    .data               port.o
    0x2000005c   0x00000004   Data   RW         1260    .data               stm32f4xx_hal.o
    0x20000060   0x00000004   Data   RW         3645    .data               system_stm32f4xx.o
    0x20000064   0x0000000c   Data   RW         3710    .data               freertos.o
    0x20000070   0x00000002   Data   RW         4169    .data               usrt.o
    0x20000072   0x00000002   Data   RW         4170    .data               usrt.o
    0x20000074   0x00000004   Data   RW         4171    .data               usrt.o
    0x20000078   0x00003c00   Zero   RW          614    .bss                heap_4.o
    0x20003c78   0x000000f0   Zero   RW          711    .bss                tasks.o
    0x20003d68   0x0000003c   Zero   RW         3930    .bss                stm32f4xx_hal_timebase_tim.o
    0x20003da4   0x00000040   Zero   RW         3994    .bss                usart.o
    0x20003de4   0x00000004   PAD
    0x20003de8   0x00000178   Zero   RW         4036    .bss                sdio.o
    0x20003f60   0x00000108   Zero   RW         4167    .bss                usrt.o
    0x20004068   0x000000c8   Zero   RW         4168    .bss                usrt.o
    0x20004130   0x00000400   Zero   RW         3632    STACK               startup_stm32f407xx.o


==============================================================================

Image component sizes


      Code (inc. data)   RO Data    RW Data    ZI Data      Debug   Object Name

       112          0          0          0          0      28688   cmsis_os.o
         0          0          0          0          0       8448   croutine.o
        60          4          0          0          0        834   dma.o
       464        116        195         12          0      10822   freertos.o
       136         10          0          0          0       1035   gpio.o
       460         24          0         24      15360       7471   heap_4.o
       136          0          0          0          0       3758   list.o
       212         14          0          0          0       2812   main.o
       670         74          0         12          0       8776   port.o
         0          0          0          0          0       9924   queue.o
        12          6          0          0          0        482   sd.o
       316         34          0          0        376       2030   sdio.o
        36          8        392          0       1024        828   startup_stm32f407xx.o
       102         16          0          4          0       3792   stm32f4xx_hal.o
       218         14          0          0          0      31289   stm32f4xx_hal_cortex.o
       792         22          8          0          0       4959   stm32f4xx_hal_dma.o
       450         44          0          0          0       3273   stm32f4xx_hal_gpio.o
        88          0          0          0          0        558   stm32f4xx_hal_msp.o
         0          0          0          0          0     327096   stm32f4xx_hal_pwr_ex.o
      1404         86         16          0          0       6884   stm32f4xx_hal_rcc.o
      2622         14          0          0          0      17578   stm32f4xx_hal_sd.o
       638         44          0          0          0       7402   stm32f4xx_hal_tim.o
         4          0          0          0          0       1718   stm32f4xx_hal_tim_ex.o
       116         16          0          0         60       1557   stm32f4xx_hal_timebase_tim.o
      1812         14          0          0          0      11178   stm32f4xx_hal_uart.o
        52         18          0          0          0       4967   stm32f4xx_it.o
       148          4          0          0          0       5756   stm32f4xx_ll_sdmmc.o
        84         18          0          4          0       1453   system_stm32f4xx.o
      1396        116          0         56        240      14806   tasks.o
       148         20          0          0         64       1814   usart.o
       204         28          0          8        464       3768   usrt.o

    ----------------------------------------------------------------------
     12920        764        644        120      17592     535756   Object Totals
         0          0         32          0          0          0   (incl. Generated)
        28          0          1          0          4          0   (incl. Padding)

    ----------------------------------------------------------------------

      Code (inc. data)   RO Data    RW Data    ZI Data      Debug   Library Member Name

         0          0          0          0          0          0   entry.o
         0          0          0          0          0          0   entry10a.o
         0          0          0          0          0          0   entry11a.o
         8          4          0          0          0          0   entry2.o
         4          0          0          0          0          0   entry5.o
         0          0          0          0          0          0   entry7b.o
         0          0          0          0          0          0   entry8b.o
         8          4          0          0          0          0   entry9a.o
        30          0          0          0          0          0   handlers.o
        36          8          0          0          0         68   init.o
        36          0          0          0          0         68   memcpya.o
        36          0          0          0          0        108   memseta.o
        50          8          0          0          0        152   printfb.o

    ----------------------------------------------------------------------
       208         24          0          0          0        396   Library Totals
         0          0          0          0          0          0   (incl. Padding)

    ----------------------------------------------------------------------

      Code (inc. data)   RO Data    RW Data    ZI Data      Debug   Library Name

       208         24          0          0          0        396   mc_w.l

    ----------------------------------------------------------------------
       208         24          0          0          0        396   Library Totals

    ----------------------------------------------------------------------

==============================================================================


      Code (inc. data)   RO Data    RW Data    ZI Data      Debug   

     13128        788        644        120      17592     523152   Grand Totals
     13128        788        644        120      17592     523152   ELF Image Totals
     13128        788        644        120          0          0   ROM Totals

==============================================================================

    Total RO  Size (Code + RO Data)                13772 (  13.45kB)
    Total RW  Size (RW Data + ZI Data)             17712 (  17.30kB)
    Total ROM Size (Code + RO Data + RW Data)      13892 (  13.57kB)

==============================================================================

