Component: ARM Compiler 5.06 update 2 (build 183) Tool: armlink [4d35b7]

==============================================================================

Section Cross References

    cmsis_os.o(i.osDelay) refers to tasks.o(i.vTaskDelay) for vTaskDelay
    cmsis_os.o(i.osKernelRunning) refers to tasks.o(i.xTaskGetSchedulerState) for xTaskGetSchedulerState
    cmsis_os.o(i.osKernelStart) refers to tasks.o(i.vTaskStartScheduler) for vTaskStartScheduler
    cmsis_os.o(i.osKernelSysTick) refers to cmsis_os.o(i.inHandlerMode) for inHandlerMode
    cmsis_os.o(i.osKernelSysTick) refers to tasks.o(i.xTaskGetTickCountFromISR) for xTaskGetTickCountFromISR
    cmsis_os.o(i.osKernelSysTick) refers to tasks.o(i.xTaskGetTickCount) for xTaskGetTickCount
    cmsis_os.o(i.osMailAlloc) refers to cmsis_os.o(i.osPoolAlloc) for osPoolAlloc
    cmsis_os.o(i.osMailCAlloc) refers to cmsis_os.o(i.osMailAlloc) for osMailAlloc
    cmsis_os.o(i.osMailCreate) refers to heap_4.o(i.pvPortMalloc) for pvPortMalloc
    cmsis_os.o(i.osMailCreate) refers to queue.o(i.xQueueGenericCreate) for xQueueGenericCreate
    cmsis_os.o(i.osMailCreate) refers to cmsis_os.o(i.osPoolCreate) for osPoolCreate
    cmsis_os.o(i.osMailCreate) refers to heap_4.o(i.vPortFree) for vPortFree
    cmsis_os.o(i.osMailFree) refers to cmsis_os.o(i.osPoolFree) for osPoolFree
    cmsis_os.o(i.osMailGet) refers to cmsis_os.o(i.inHandlerMode) for inHandlerMode
    cmsis_os.o(i.osMailGet) refers to queue.o(i.xQueueReceiveFromISR) for xQueueReceiveFromISR
    cmsis_os.o(i.osMailGet) refers to queue.o(i.xQueueGenericReceive) for xQueueGenericReceive
    cmsis_os.o(i.osMailPut) refers to cmsis_os.o(i.inHandlerMode) for inHandlerMode
    cmsis_os.o(i.osMailPut) refers to queue.o(i.xQueueGenericSendFromISR) for xQueueGenericSendFromISR
    cmsis_os.o(i.osMailPut) refers to queue.o(i.xQueueGenericSend) for xQueueGenericSend
    cmsis_os.o(i.osMessageCreate) refers to queue.o(i.xQueueGenericCreate) for xQueueGenericCreate
    cmsis_os.o(i.osMessageGet) refers to cmsis_os.o(i.inHandlerMode) for inHandlerMode
    cmsis_os.o(i.osMessageGet) refers to queue.o(i.xQueueReceiveFromISR) for xQueueReceiveFromISR
    cmsis_os.o(i.osMessageGet) refers to queue.o(i.xQueueGenericReceive) for xQueueGenericReceive
    cmsis_os.o(i.osMessagePeek) refers to queue.o(i.xQueueGenericReceive) for xQueueGenericReceive
    cmsis_os.o(i.osMessagePut) refers to cmsis_os.o(i.inHandlerMode) for inHandlerMode
    cmsis_os.o(i.osMessagePut) refers to queue.o(i.xQueueGenericSendFromISR) for xQueueGenericSendFromISR
    cmsis_os.o(i.osMessagePut) refers to queue.o(i.xQueueGenericSend) for xQueueGenericSend
    cmsis_os.o(i.osMutexCreate) refers to queue.o(i.xQueueCreateMutex) for xQueueCreateMutex
    cmsis_os.o(i.osMutexDelete) refers to cmsis_os.o(i.inHandlerMode) for inHandlerMode
    cmsis_os.o(i.osMutexDelete) refers to queue.o(i.vQueueDelete) for vQueueDelete
    cmsis_os.o(i.osMutexRelease) refers to cmsis_os.o(i.inHandlerMode) for inHandlerMode
    cmsis_os.o(i.osMutexRelease) refers to queue.o(i.xQueueGiveFromISR) for xQueueGiveFromISR
    cmsis_os.o(i.osMutexRelease) refers to queue.o(i.xQueueGenericSend) for xQueueGenericSend
    cmsis_os.o(i.osMutexWait) refers to cmsis_os.o(i.inHandlerMode) for inHandlerMode
    cmsis_os.o(i.osMutexWait) refers to queue.o(i.xQueueReceiveFromISR) for xQueueReceiveFromISR
    cmsis_os.o(i.osMutexWait) refers to queue.o(i.xQueueGenericReceive) for xQueueGenericReceive
    cmsis_os.o(i.osPoolAlloc) refers to cmsis_os.o(i.inHandlerMode) for inHandlerMode
    cmsis_os.o(i.osPoolAlloc) refers to port.o(i.vPortEnterCritical) for vPortEnterCritical
    cmsis_os.o(i.osPoolAlloc) refers to port.o(i.vPortExitCritical) for vPortExitCritical
    cmsis_os.o(i.osPoolCAlloc) refers to cmsis_os.o(i.osPoolAlloc) for osPoolAlloc
    cmsis_os.o(i.osPoolCreate) refers to heap_4.o(i.pvPortMalloc) for pvPortMalloc
    cmsis_os.o(i.osPoolCreate) refers to heap_4.o(i.vPortFree) for vPortFree
    cmsis_os.o(i.osSemaphoreCreate) refers to queue.o(i.xQueueGenericCreate) for xQueueGenericCreate
    cmsis_os.o(i.osSemaphoreCreate) refers to queue.o(i.xQueueGenericSend) for xQueueGenericSend
    cmsis_os.o(i.osSemaphoreDelete) refers to cmsis_os.o(i.inHandlerMode) for inHandlerMode
    cmsis_os.o(i.osSemaphoreDelete) refers to queue.o(i.vQueueDelete) for vQueueDelete
    cmsis_os.o(i.osSemaphoreRelease) refers to cmsis_os.o(i.inHandlerMode) for inHandlerMode
    cmsis_os.o(i.osSemaphoreRelease) refers to queue.o(i.xQueueGiveFromISR) for xQueueGiveFromISR
    cmsis_os.o(i.osSemaphoreRelease) refers to queue.o(i.xQueueGenericSend) for xQueueGenericSend
    cmsis_os.o(i.osSemaphoreWait) refers to cmsis_os.o(i.inHandlerMode) for inHandlerMode
    cmsis_os.o(i.osSemaphoreWait) refers to queue.o(i.xQueueReceiveFromISR) for xQueueReceiveFromISR
    cmsis_os.o(i.osSemaphoreWait) refers to queue.o(i.xQueueGenericReceive) for xQueueGenericReceive
[...]
    .ARM.Collect$$$$00000008                 0x08000190   Section        0  entry7b.o(.ARM.Collect$$$$00000008)
    .ARM.Collect$$$$0000000A                 0x08000190   Section        0  entry8b.o(.ARM.Collect$$$$0000000A)
    .ARM.Collect$$$$0000000B                 0x08000190   Section        8  entry9a.o(.ARM.Collect$$$$0000000B)
    .ARM.Collect$$$$0000000D                 0x08000198   Section        0  entry10a.o(.ARM.Collect$$$$0000000D)
    .ARM.Collect$$$$0000000F                 0x08000198   Section        0  entry11a.o(.ARM.Collect$$$$0000000F)
    .ARM.Collect$$$$00002712                 0x08000198   Section        4  entry2.o(.ARM.Collect$$$$00002712)
    __lit__00000000                          0x08000198   Data           4  entry2.o(.ARM.Collect$$$$00002712)
    .emb_text                                0x0800019c   Section      186  port.o(.emb_text)
    $v0                                      0x0800019c   Number         0  port.o(.emb_text)
    .text                                    0x08000258   Section       36  startup_stm32f407xx.o(.text)
    $v0                                      0x08000258   Number         0  startup_stm32f407xx.o(.text)
    .text                                    0x0800027c   Section        0  memcpya.o(.text)
    .text                                    0x080002a0   Section        0  memseta.o(.text)
    .text                                    0x080002c4   Section        0  dmul.o(.text)
    .text                                    0x080003a8   Section        0  dfltui.o(.text)
    .text                                    0x080003c2   Section        0  dfixui.o(.text)
    .text                                    0x080003f4   Section        0  uldiv.o(.text)
    .text                                    0x08000456   Section        0  llushr.o(.text)
    .text                                    0x08000476   Section        0  depilogue.o(.text)
    .text                                    0x08000476   Section        0  iusefp.o(.text)
    .text                                    0x08000530   Section       36  init.o(.text)
    .text                                    0x08000554   Section        0  llshl.o(.text)
    i.BusFault_Handler                       0x08000572   Section        0  stm32f4xx_it.o(i.BusFault_Handler)
    i.DMA2_Stream3_IRQHandler                0x08000574   Section        0  stm32f4xx_it.o(i.DMA2_Stream3_IRQHandler)
    i.DMA2_Stream6_IRQHandler                0x08000580   Section        0  stm32f4xx_it.o(i.DMA2_Stream6_IRQHandler)
    i.DMA_CalcBaseAndBitshift                0x0800058c   Section        0  stm32f4xx_hal_dma.o(i.DMA_CalcBaseAndBitshift)
    DMA_CalcBaseAndBitshift                  0x0800058d   Thumb Code    34  stm32f4xx_hal_dma.o(i.DMA_CalcBaseAndBitshift)
    i.DMA_CheckFifoParam                     0x080005b4   Section        0  stm32f4xx_hal_dma.o(i.DMA_CheckFifoParam)
    DMA_CheckFifoParam                       0x080005b5   Thumb Code    84  stm32f4xx_hal_dma.o(i.DMA_CheckFifoParam)
    i.DebugMon_Handler                       0x08000608   Section        0  stm32f4xx_it.o(i.DebugMon_Handler)
    i.Error_Handler                          0x0800060a   Section        0  main.o(i.Error_Handler)
    i.FSMC_NORSRAM_Extended_Timing_Init      0x0800060c   Section        0  stm32f4xx_ll_fsmc.o(i.FSMC_NORSRAM_Extended_Timing_Init)
    i.FSMC_NORSRAM_Init                      0x0800064c   Section        0  stm32f4xx_ll_fsmc.o(i.FSMC_NORSRAM_Init)
    i.FSMC_NORSRAM_Timing_Init               0x080006a0   Section        0  stm32f4xx_ll_fsmc.o(i.FSMC_NORSRAM_Timing_Init)
    i.Func_LED                               0x080006e4   Section        0  freertos.o(i.Func_LED)
    i.Func_WIFI                              0x08000718   Section        0  freertos.o(i.Func_WIFI)
    i.Func_usart                             0x080007fc   Section        0  freertos.o(i.Func_usart)
    i.HAL_DMA_Abort_IT                       0x08000920   Section        0  stm32f4xx_hal_dma.o(i.HAL_DMA_Abort_IT)
    i.HAL_DMA_IRQHandler                     0x08000944   Section        0  stm32f4xx_hal_dma.o(i.HAL_DMA_IRQHandler)
    i.HAL_DMA_Init                           0x08000aec   Section        0  stm32f4xx_hal_dma.o(i.HAL_DMA_Init)
    i.HAL_Delay                              0x08000bbc   Section        0  stm32f4xx_hal.o(i.HAL_Delay)
    i.HAL_FSMC_MspInit                       0x08000bd4   Section        0  fsmc.o(i.HAL_FSMC_MspInit)
    HAL_FSMC_MspInit                         0x08000bd5   Thumb Code   134  fsmc.o(i.HAL_FSMC_MspInit)
    i.HAL_GPIO_Init                          0x08000c74   Section        0  stm32f4xx_hal_gpio.o(i.HAL_GPIO_Init)
    i.HAL_GPIO_TogglePin                     0x08000e24   Section        0  stm32f4xx_hal_gpio.o(i.HAL_GPIO_TogglePin)
    i.HAL_GPIO_WritePin                      0x08000e2c   Section        0  stm32f4xx_hal_gpio.o(i.HAL_GPIO_WritePin)
    i.HAL_GetTick                            0x08000e38   Section        0  stm32f4xx_hal.o(i.HAL_GetTick)
    i.HAL_IncTick                            0x08000e44   Section        0  stm32f4xx_hal.o(i.HAL_IncTick)
    i.HAL_Init                               0x08000e54   Section        0  stm32f4xx_hal.o(i.HAL_Init)
    i.HAL_InitTick                           0x08000e88   Section        0  stm32f4xx_hal_timebase_tim.o(i.HAL_InitTick)
    i.HAL_MspInit                            0x08000efc   Section        0  stm32f4xx_hal_msp.o(i.HAL_MspInit)
    i.HAL_NVIC_EnableIRQ                     0x08000f54   Section        0  stm32f4xx_hal_cortex.o(i.HAL_NVIC_EnableIRQ)
    i.HAL_NVIC_SetPriority                   0x08000f6c   Section        0  stm32f4xx_hal_cortex.o(i.HAL_NVIC_SetPriority)
    i.HAL_NVIC_SetPriorityGrouping           0x08000fac   Section        0  stm32f4xx_hal_cortex.o(i.HAL_NVIC_SetPriorityGrouping)
    i.HAL_RCC_ClockConfig                    0x08000fd0   Section        0  stm32f4xx_hal_rcc.o(i.HAL_RCC_ClockConfig)
    i.HAL_RCC_GetClockConfig                 0x0800114c   Section        0  stm32f4xx_hal_rcc.o(i.HAL_RCC_GetClockConfig)
    i.HAL_RCC_GetHCLKFreq                    0x0800118c   Section        0  stm32f4xx_hal_rcc.o(i.HAL_RCC_GetHCLKFreq)
    i.HAL_RCC_GetPCLK1Freq                   0x08001198   Section        0  stm32f4xx_hal_rcc.o(i.HAL_RCC_GetPCLK1Freq)
    i.HAL_RCC_GetPCLK2Freq                   0x080011c8   Section        0  stm32f4xx_hal_rcc.o(i.HAL_RCC_GetPCLK2Freq)
    i.HAL_RCC_GetSysClockFreq                0x080011f8   Section        0  stm32f4xx_hal_rcc.o(i.HAL_RCC_GetSysClockFreq)
    i.HAL_RCC_OscConfig                      0x08001268   Section        0  stm32f4xx_hal_rcc.o(i.HAL_RCC_OscConfig)
    i.HAL_SD_Get_CardInfo                    0x0800154c   Section        0  stm32f4xx_hal_sd.o(i.HAL_SD_Get_CardInfo)
    i.HAL_SD_IRQHandler                      0x08001800   Section        0  stm32f4xx_hal_sd.o(i.HAL_SD_IRQHandler)
    i.HAL_SD_Init                            0x0800187c   Section        0  stm32f4xx_hal_sd.o(i.HAL_SD_Init)
    i.HAL_SD_MspInit                         0x0800191c   Section        0  sdio.o(i.HAL_SD_MspInit)
    i.HAL_SD_WideBusOperation_Config         0x08001a1c   Section        0  stm32f4xx_hal_sd.o(i.HAL_SD_WideBusOperation_Config)
    i.HAL_SD_XferCpltCallback                0x08001a7a   Section        0  stm32f4xx_hal_sd.o(i.HAL_SD_XferCpltCallback)
    i.HAL_SD_XferErrorCallback               0x08001a7c   Section        0  stm32f4xx_hal_sd.o(i.HAL_SD_XferErrorCallback)
    i.HAL_SRAM_Init                          0x08001a7e   Section        0  stm32f4xx_hal_sram.o(i.HAL_SRAM_Init)
    i.HAL_SRAM_MspInit                       0x08001ad4   Section        0  fsmc.o(i.HAL_SRAM_MspInit)
    i.HAL_SYSTICK_CLKSourceConfig            0x08001ad8   Section        0  stm32f4xx_hal_cortex.o(i.HAL_SYSTICK_CLKSourceConfig)
    i.HAL_SYSTICK_Config                     0x08001af0   Section        0  stm32f4xx_hal_cortex.o(i.HAL_SYSTICK_Config)
    i.HAL_TIMEx_BreakCallback                0x08001b18   Section        0  stm32f4xx_hal_tim_ex.o(i.HAL_TIMEx_BreakCallback)
    i.HAL_TIMEx_CommutationCallback          0x08001b1a   Section        0  stm32f4xx_hal_tim_ex.o(i.HAL_TIMEx_CommutationCallback)
    i.HAL_TIM_Base_Init                      0x08001b1c   Section        0  stm32f4xx_hal_tim.o(i.HAL_TIM_Base_Init)
    i.HAL_TIM_Base_MspInit                   0x08001b52   Section        0  stm32f4xx_hal_tim.o(i.HAL_TIM_Base_MspInit)
    i.HAL_TIM_Base_Start_IT                  0x08001b54   Section        0  stm32f4xx_hal_tim.o(i.HAL_TIM_Base_Start_IT)
    i.HAL_TIM_IC_CaptureCallback             0x08001b6c   Section        0  stm32f4xx_hal_tim.o(i.HAL_TIM_IC_CaptureCallback)
    i.HAL_TIM_IRQHandler                     0x08001b6e   Section        0  stm32f4xx_hal_tim.o(i.HAL_TIM_IRQHandler)
    i.HAL_TIM_OC_DelayElapsedCallback        0x08001cd4   Section        0  stm32f4xx_hal_tim.o(i.HAL_TIM_OC_DelayElapsedCallback)
    i.HAL_TIM_PWM_PulseFinishedCallback      0x08001cd6   Section        0  stm32f4xx_hal_tim.o(i.HAL_TIM_PWM_PulseFinishedCallback)
    i.HAL_TIM_PeriodElapsedCallback          0x08001cd8   Section        0  main.o(i.HAL_TIM_PeriodElapsedCallback)
    i.HAL_TIM_TriggerCallback                0x08001cec   Section        0  stm32f4xx_hal_tim.o(i.HAL_TIM_TriggerCallback)
    i.HAL_UART_ErrorCallback                 0x08001cee   Section        0  stm32f4xx_hal_uart.o(i.HAL_UART_ErrorCallback)
    i.HAL_UART_IRQHandler                    0x08001cf0   Section        0  stm32f4xx_hal_uart.o(i.HAL_UART_IRQHandler)
    i.HAL_UART_Init                          0x08001e00   Section        0  stm32f4xx_hal_uart.o(i.HAL_UART_Init)
    i.HAL_UART_MspInit                       0x08001e64   Section        0  usart.o(i.HAL_UART_MspInit)
    i.HAL_UART_Receive                       0x08001f4c   Section        0  stm32f4xx_hal_uart.o(i.HAL_UART_Receive)
    i.HAL_UART_Receive_IT                    0x08002004   Section        0  stm32f4xx_hal_uart.o(i.HAL_UART_Receive_IT)
    i.HAL_UART_RxCpltCallback                0x0800204c   Section        0  stm32f4xx_hal_uart.o(i.HAL_UART_RxCpltCallback)
    i.HAL_UART_Transmit                      0x0800204e   Section        0  stm32f4xx_hal_uart.o(i.HAL_UART_Transmit)
    i.HAL_UART_TxCpltCallback                0x08002108   Section        0  stm32f4xx_hal_uart.o(i.HAL_UART_TxCpltCallback)
    i.HardFault_Handler                      0x0800210a   Section        0  stm32f4xx_it.o(i.HardFault_Handler)
    i.LCD_Clear                              0x0800210c   Section        0  lcd.o(i.LCD_Clear)
    i.LCD_Display_Dir                        0x08002174   Section        0  lcd.o(i.LCD_Display_Dir)
    i.LCD_Fast_DrawPoint                     0x080022a8   Section        0  lcd.o(i.LCD_Fast_DrawPoint)
    i.LCD_Init                               0x080023c0   Section        0  lcd.o(i.LCD_Init)
    i.LCD_Pow                                0x080058c6   Section        0  lcd.o(i.LCD_Pow)
    i.LCD_RD_DATA                            0x080058d6   Section        0  lcd.o(i.LCD_RD_DATA)
    i.LCD_ReadReg                            0x080058ea   Section        0  lcd.o(i.LCD_ReadReg)
    i.LCD_SSD_BackLightSet                   0x08005900   Section        0  lcd.o(i.LCD_SSD_BackLightSet)
    i.LCD_Scan_Dir                           0x08005950   Section        0  lcd.o(i.LCD_Scan_Dir)
    i.LCD_SetCursor                          0x08005b54   Section        0  lcd.o(i.LCD_SetCursor)
    i.LCD_ShowChar                           0x08005cb0   Section        0  lcd.o(i.LCD_ShowChar)
    i.LCD_ShowNum                            0x08005d84   Section        0  lcd.o(i.LCD_ShowNum)
    i.LCD_ShowString                         0x08005dfa   Section        0  lcd.o(i.LCD_ShowString)
    i.LCD_WR_DATA                            0x08005e4e   Section        0  lcd.o(i.LCD_WR_DATA)
    i.LCD_WR_REG                             0x08005e66   Section        0  lcd.o(i.LCD_WR_REG)
    i.LCD_WriteRAM_Prepare                   0x08005e80   Section        0  lcd.o(i.LCD_WriteRAM_Prepare)
    i.LCD_WriteReg                           0x08005e94   Section        0  lcd.o(i.LCD_WriteReg)
    i.MX_DMA_Init                            0x08005ea0   Section        0  dma.o(i.MX_DMA_Init)
    i.MX_FREERTOS_Init                       0x08005edc   Section        0  freertos.o(i.MX_FREERTOS_Init)
    i.MX_FSMC_Init                           0x08005f44   Section        0  fsmc.o(i.MX_FSMC_Init)
    i.MX_GPIO_Init                           0x08005fc0   Section        0  gpio.o(i.MX_GPIO_Init)
    i.MX_SDIO_SD_Init                        0x08006094   Section        0  sdio.o(i.MX_SDIO_SD_Init)
    i.MX_USART3_UART_Init                    0x080060fc   Section        0  usart.o(i.MX_USART3_UART_Init)
    i.MemManage_Handler                      0x0800615c   Section        0  stm32f4xx_it.o(i.MemManage_Handler)
    i.NMI_Handler                            0x0800615e   Section        0  stm32f4xx_it.o(i.NMI_Handler)
    i.NVIC_SetPriority                       0x08006160   Section        0  stm32f4xx_hal_cortex.o(i.NVIC_SetPriority)
    NVIC_SetPriority                         0x08006161   Thumb Code    32  stm32f4xx_hal_cortex.o(i.NVIC_SetPriority)
    i.SDIO_DataConfig                        0x08006180   Section        0  stm32f4xx_ll_sdmmc.o(i.SDIO_DataConfig)
    i.SDIO_GetCommandResponse                0x080061a4   Section        0  stm32f4xx_ll_sdmmc.o(i.SDIO_GetCommandResponse)
    i.SDIO_GetPowerState                     0x080061aa   Section        0  stm32f4xx_ll_sdmmc.o(i.SDIO_GetPowerState)
    i.SDIO_GetResponse                       0x080061b4   Section        0  stm32f4xx_ll_sdmmc.o(i.SDIO_GetResponse)
    i.SDIO_IRQHandler                        0x080061c4   Section        0  sd.o(i.SDIO_IRQHandler)
    i.SDIO_Init                              0x080061d0   Section        0  stm32f4xx_ll_sdmmc.o(i.SDIO_Init)
    i.SDIO_PowerState_ON                     0x080061f4   Section        0  stm32f4xx_ll_sdmmc.o(i.SDIO_PowerState_ON)
    i.SDIO_ReadFIFO                          0x080061fc   Section        0  stm32f4xx_ll_sdmmc.o(i.SDIO_ReadFIFO)
    i.SDIO_SendCommand                       0x08006202   Section        0  stm32f4xx_ll_sdmmc.o(i.SDIO_SendCommand)
    i.SD_CmdResp1Error                       0x08006224   Section        0  stm32f4xx_hal_sd.o(i.SD_CmdResp1Error)
    SD_CmdResp1Error                         0x08006225   Thumb Code   230  stm32f4xx_hal_sd.o(i.SD_CmdResp1Error)
    i.SD_CmdResp2Error                       0x08006310   Section        0  stm32f4xx_hal_sd.o(i.SD_CmdResp2Error)
    SD_CmdResp2Error                         0x08006311   Thumb Code    46  stm32f4xx_hal_sd.o(i.SD_CmdResp2Error)
    i.SD_CmdResp6Error                       0x0800633e   Section        0  stm32f4xx_hal_sd.o(i.SD_CmdResp6Error)
    SD_CmdResp6Error                         0x0800633f   Thumb Code   114  stm32f4xx_hal_sd.o(i.SD_CmdResp6Error)
    i.SD_CmdResp7Error                       0x080063b0   Section        0  stm32f4xx_hal_sd.o(i.SD_CmdResp7Error)
    SD_CmdResp7Error                         0x080063b1   Thumb Code    64  stm32f4xx_hal_sd.o(i.SD_CmdResp7Error)
    i.SD_FindSCR                             0x080063f0   Section        0  stm32f4xx_hal_sd.o(i.SD_FindSCR)
    SD_FindSCR                               0x080063f1   Thumb Code   266  stm32f4xx_hal_sd.o(i.SD_FindSCR)
    i.SD_Initialize_Cards                    0x080064fa   Section        0  stm32f4xx_hal_sd.o(i.SD_Initialize_Cards)
    SD_Initialize_Cards                      0x080064fb   Thumb Code   220  stm32f4xx_hal_sd.o(i.SD_Initialize_Cards)
    i.SD_PowerON                             0x080065d8   Section        0  stm32f4xx_hal_sd.o(i.SD_PowerON)
    SD_PowerON                               0x080065d9   Thumb Code   364  stm32f4xx_hal_sd.o(i.SD_PowerON)
    i.SD_WideBus_Disable                     0x0800674c   Section        0  stm32f4xx_hal_sd.o(i.SD_WideBus_Disable)
    SD_WideBus_Disable                       0x0800674d   Thumb Code   114  stm32f4xx_hal_sd.o(i.SD_WideBus_Disable)
    i.SD_WideBus_Enable                      0x080067be   Section        0  stm32f4xx_hal_sd.o(i.SD_WideBus_Enable)
    SD_WideBus_Enable                        0x080067bf   Thumb Code   116  stm32f4xx_hal_sd.o(i.SD_WideBus_Enable)
    i.StartDefaultTask                       0x08006832   Section        0  freertos.o(i.StartDefaultTask)
    i.SysTick_Handler                        0x0800683a   Section        0  stm32f4xx_it.o(i.SysTick_Handler)
    i.SystemClock_Config                     0x08006840   Section        0  main.o(i.SystemClock_Config)
    i.SystemInit                             0x080068dc   Section        0  system_stm32f4xx.o(i.SystemInit)
    i.TIM8_TRG_COM_TIM14_IRQHandler          0x08006930   Section        0  stm32f4xx_it.o(i.TIM8_TRG_COM_TIM14_IRQHandler)
    i.TIM_Base_SetConfig                     0x0800693c   Section        0  stm32f4xx_hal_tim.o(i.TIM_Base_SetConfig)
    i.UART_DMAAbortOnError                   0x080069fc   Section        0  stm32f4xx_hal_uart.o(i.UART_DMAAbortOnError)
    UART_DMAAbortOnError                     0x080069fd   Thumb Code    16  stm32f4xx_hal_uart.o(i.UART_DMAAbortOnError)
    i.UART_EndRxTransfer                     0x08006a0c   Section        0  stm32f4xx_hal_uart.o(i.UART_EndRxTransfer)
    UART_EndRxTransfer                       0x08006a0d   Thumb Code    28  stm32f4xx_hal_uart.o(i.UART_EndRxTransfer)
    i.UART_Receive_IT                        0x08006a28   Section        0  stm32f4xx_hal_uart.o(i.UART_Receive_IT)
    UART_Receive_IT                          0x08006a29   Thumb Code   140  stm32f4xx_hal_uart.o(i.UART_Receive_IT)
    i.UART_SetConfig                         0x08006ab4   Section        0  stm32f4xx_hal_uart.o(i.UART_SetConfig)
    UART_SetConfig                           0x08006ab5   Thumb Code   676  stm32f4xx_hal_uart.o(i.UART_SetConfig)
    i.UART_Transmit_IT                       0x08006d60   Section        0  stm32f4xx_hal_uart.o(i.UART_Transmit_IT)
    UART_Transmit_IT                         0x08006d61   Thumb Code    98  stm32f4xx_hal_uart.o(i.UART_Transmit_IT)
    i.UART_WaitOnFlagUntilTimeout            0x08006dc2   Section        0  stm32f4xx_hal_uart.o(i.UART_WaitOnFlagUntilTimeout)
    UART_WaitOnFlagUntilTimeout              0x08006dc3   Thumb Code   100  stm32f4xx_hal_uart.o(i.UART_WaitOnFlagUntilTimeout)
    i.USART1_IRQHandler                      0x08006e28   Section        0  usrt.o(i.USART1_IRQHandler)
    i.USART3_IRQHandler                      0x08006e98   Section        0  usrt.o(i.USART3_IRQHandler)
    i.UsageFault_Handler                     0x08006f08   Section        0  stm32f4xx_it.o(i.UsageFault_Handler)
    i.__0printf$5                            0x08006f0c   Section        0  printf5.o(i.__0printf$5)
    i.__scatterload_copy                     0x08006f2c   Section       14  handlers.o(i.__scatterload_copy)
    i.__scatterload_null                     0x08006f3a   Section        2  handlers.o(i.__scatterload_null)
    i.__scatterload_zeroinit                 0x08006f3c   Section       14  handlers.o(i.__scatterload_zeroinit)
    i._printf_core                           0x08006f4c   Section        0  printf5.o(i._printf_core)
    _printf_core                             0x08006f4d   Thumb Code   658  printf5.o(i._printf_core)
    i.delay_ms                               0x0800720c   Section        0  delay.o(i.delay_ms)
    i.delay_us                               0x08007228   Section        0  delay.o(i.delay_us)
    i.fputc                                  0x0800725c   Section        0  usrt.o(i.fputc)
    i.main                                   0x08007270   Section        0  main.o(i.main)
    i.makeFreeRtosPriority                   0x08007296   Section        0  cmsis_os.o(i.makeFreeRtosPriority)
    makeFreeRtosPriority                     0x08007297   Thumb Code    12  cmsis_os.o(i.makeFreeRtosPriority)
    i.osDelay                                0x080072a2   Section        0  cmsis_os.o(i.osDelay)
    i.osKernelStart                          0x080072b0   Section        0  cmsis_os.o(i.osKernelStart)
    i.osSystickHandler                       0x080072ba   Section        0  cmsis_os.o(i.osSystickHandler)
    i.osThreadCreate                         0x080072ce   Section        0  cmsis_os.o(i.osThreadCreate)
    i.prvAddCurrentTaskToDelayedList         0x08007308   Section        0  tasks.o(i.prvAddCurrentTaskToDelayedList)
    prvAddCurrentTaskToDelayedList           0x08007309   Thumb Code    48  tasks.o(i.prvAddCurrentTaskToDelayedList)
    i.prvCheckTasksWaitingTermination        0x0800733c   Section        0  tasks.o(i.prvCheckTasksWaitingTermination)
    prvCheckTasksWaitingTermination          0x0800733d   Thumb Code    76  tasks.o(i.prvCheckTasksWaitingTermination)
    i.prvHeapInit                            0x08007390   Section        0  heap_4.o(i.prvHeapInit)
    prvHeapInit                              0x08007391   Thumb Code    66  heap_4.o(i.prvHeapInit)
    i.prvIdleTask                            0x080073dc   Section        0  tasks.o(i.prvIdleTask)
    prvIdleTask                              0x080073dd   Thumb Code    30  tasks.o(i.prvIdleTask)
    i.prvInsertBlockIntoFreeList             0x08007404   Section        0  heap_4.o(i.prvInsertBlockIntoFreeList)
    prvInsertBlockIntoFreeList               0x08007405   Thumb Code    72  heap_4.o(i.prvInsertBlockIntoFreeList)
    i.prvResetNextTaskUnblockTime            0x08007450   Section        0  tasks.o(i.prvResetNextTaskUnblockTime)
    prvResetNextTaskUnblockTime              0x08007451   Thumb Code    26  tasks.o(i.prvResetNextTaskUnblockTime)
    i.prvTaskExitError                       0x08007470   Section        0  port.o(i.prvTaskExitError)
    prvTaskExitError                         0x08007471   Thumb Code    36  port.o(i.prvTaskExitError)
    i.pvPortMalloc                           0x08007498   Section        0  heap_4.o(i.pvPortMalloc)
    i.pxPortInitialiseStack                  0x08007570   Section        0  port.o(i.pxPortInitialiseStack)
    i.show_sdcard_info                       0x08007598   Section        0  freertos.o(i.show_sdcard_info)
    i.uxListRemove                           0x080076b0   Section        0  list.o(i.uxListRemove)
    i.vListInitialise                        0x080076d4   Section        0  list.o(i.vListInitialise)
    i.vListInitialiseItem                    0x080076ea   Section        0  list.o(i.vListInitialiseItem)
    i.vListInsert                            0x080076f0   Section        0  list.o(i.vListInsert)
    i.vListInsertEnd                         0x08007720   Section        0  list.o(i.vListInsertEnd)
    i.vPortEnterCritical                     0x08007738   Section        0  port.o(i.vPortEnterCritical)
    i.vPortExitCritical                      0x08007778   Section        0  port.o(i.vPortExitCritical)
    i.vPortFree                              0x080077a0   Section        0  heap_4.o(i.vPortFree)
    i.vPortSetupTimerInterrupt               0x080077fc   Section        0  port.o(i.vPortSetupTimerInterrupt)
    i.vTaskDelay                             0x0800781c   Section        0  tasks.o(i.vTaskDelay)
    i.vTaskStartScheduler                    0x08007884   Section        0  tasks.o(i.vTaskStartScheduler)
    i.vTaskSuspendAll                        0x080078ec   Section        0  tasks.o(i.vTaskSuspendAll)
    i.vTaskSwitchContext                     0x080078fc   Section        0  tasks.o(i.vTaskSwitchContext)
    i.xPortStartScheduler                    0x08007958   Section        0  port.o(i.xPortStartScheduler)
    i.xPortSysTickHandler                    0x08007a38   Section        0  port.o(i.xPortSysTickHandler)
    i.xTaskGenericCreate                     0x08007a64   Section        0  tasks.o(i.xTaskGenericCreate)
    i.xTaskGetSchedulerState                 0x08007c20   Section        0  tasks.o(i.xTaskGetSchedulerState)
    i.xTaskIncrementTick                     0x08007c3c   Section        0  tasks.o(i.xTaskIncrementTick)
    i.xTaskResumeAll                         0x08007d08   Section        0  tasks.o(i.xTaskResumeAll)
    .constdata                               0x08007dcc   Section        8  stm32f4xx_hal_dma.o(.constdata)
    flagBitshiftOffset                       0x08007dcc   Data           8  stm32f4xx_hal_dma.o(.constdata)
    .constdata                               0x08007dd4   Section       16  stm32f4xx_hal_rcc.o(.constdata)
    .constdata                               0x08007de4   Section       80  freertos.o(.constdata)
    .constdata                               0x08007e34   Section     6080  lcd.o(.constdata)
    .conststring                             0x080095f4   Section       47  freertos.o(.conststring)
    .data                                    0x20000000   Section       24  heap_4.o(.data)
    pxEnd                                    0x20000000   Data           4  heap_4.o(.data)
    xFreeBytesRemaining                      0x20000004   Data           4  heap_4.o(.data)
    xMinimumEverFreeBytesRemaining           0x20000008   Data           4  heap_4.o(.data)
    xBlockAllocatedBit                       0x2000000c   Data           4  heap_4.o(.data)
    xStart                                   0x20000010   Data           8  heap_4.o(.data)
    .data                                    0x20000018   Section       56  tasks.o(.data)
    uxTasksDeleted                           0x2000001c   Data           4  tasks.o(.data)
    uxCurrentNumberOfTasks                   0x20000020   Data           4  tasks.o(.data)
    xTickCount                               0x20000024   Data           4  tasks.o(.data)
    uxTopReadyPriority                       0x20000028   Data           4  tasks.o(.data)
    xSchedulerRunning                        0x2000002c   Data           4  tasks.o(.data)
    uxPendedTicks                            0x20000030   Data           4  tasks.o(.data)
    xYieldPending                            0x20000034   Data           4  tasks.o(.data)
    xNumOfOverflows                          0x20000038   Data           4  tasks.o(.data)
    uxTaskNumber                             0x2000003c   Data           4  tasks.o(.data)
    xNextTaskUnblockTime                     0x20000040   Data           4  tasks.o(.data)
    uxSchedulerSuspended                     0x20000044   Data           4  tasks.o(.data)
    pxDelayedTaskList                        0x20000048   Data           4  tasks.o(.data)
    pxOverflowDelayedTaskList                0x2000004c   Data           4  tasks.o(.data)
    .data                                    0x20000050   Section       12  port.o(.data)
    ucMaxSysCallPriority                     0x20000050   Data           1  port.o(.data)
    uxCriticalNesting                        0x20000054   Data           4  port.o(.data)
    ulMaxPRIGROUPValue                       0x20000058   Data           4  port.o(.data)
    .data                                    0x2000005c   Section        4  stm32f4xx_hal.o(.data)
    .data                                    0x20000060   Section        4  system_stm32f4xx.o(.data)
    .data                                    0x20000064   Section        8  freertos.o(.data)
    .data                                    0x2000006c   Section        8  fsmc.o(.data)
    FSMC_Initialized                         0x2000006c   Data           4  fsmc.o(.data)
    FSMC_DeInitialized                       0x20000070   Data           4  fsmc.o(.data)
    .data                                    0x20000074   Section        4  delay.o(.data)
    fac_us                                   0x20000074   Data           4  delay.o(.data)
    .data                                    0x20000078   Section        4  usrt.o(.data)
    .data                                    0x2000007c   Section        4  usrt.o(.data)
    .data                                    0x20000080   Section        1  usrt.o(.data)
    .data                                    0x20000082   Section        4  lcd.o(.data)
    .bss                                     0x20000088   Section    15360  heap_4.o(.bss)
    ucHeap                                   0x20000088   Data       15360  heap_4.o(.bss)
    .bss                                     0x20003c88   Section      240  tasks.o(.bss)
    pxReadyTasksLists                        0x20003c88   Data         140  tasks.o(.bss)
    xDelayedTaskList1                        0x20003d14   Data          20  tasks.o(.bss)
    xDelayedTaskList2                        0x20003d28   Data          20  tasks.o(.bss)
    xPendingReadyList                        0x20003d3c   Data          20  tasks.o(.bss)
    xTasksWaitingTermination                 0x20003d50   Data          20  tasks.o(.bss)
    xSuspendedTaskList                       0x20003d64   Data          20  tasks.o(.bss)
    .bss                                     0x20003d78   Section       60  stm32f4xx_hal_timebase_tim.o(.bss)
    .bss                                     0x20003db4   Section       64  usart.o(.bss)
    .bss                                     0x20003df4   Section       80  fsmc.o(.bss)
    .bss                                     0x20003e48   Section      376  sdio.o(.bss)
    .bss                                     0x20003fc0   Section      464  usrt.o(.bss)
    .bss                                     0x20004190   Section       14  lcd.o(.bss)
    STACK                                    0x200041a0   Section     1024  startup_stm32f407xx.o(STACK)

    Global Symbols

    Symbol Name                              Value     Ov Type        Size  Object(Section)

    BuildAttributes$$THM_ISAv4$E$P$D$K$B$S$7EM$VFPi3$EXTD16$VFPS$VFMA$PE$A:L22UL41UL21$X:L11$S22US41US21$IEEE1$IW$USESV6$~STKCKD$USESV7$~SHL$OSPACE$ROPI$EBA8$MICROLIB$REQ8$PRES8$EABIv2 0x00000000   Number         0  anon$$obj.o ABSOLUTE
    __ARM_use_no_argv                        0x00000000   Number         0  main.o ABSOLUTE
    __use_no_errno                           0x00000000   Number         0  useno.o ABSOLUTE
    __use_no_exception_handling              0x00000000   Number         0  useno.o ABSOLUTE
    __use_no_fp                              0x00000000   Number         0  useno.o ABSOLUTE
    __use_no_heap                            0x00000000   Number         0  useno.o ABSOLUTE
    __use_no_heap_region                     0x00000000   Number         0  useno.o ABSOLUTE
    __use_no_semihosting                     0x00000000   Number         0  useno.o ABSOLUTE
    __use_no_semihosting_swi                 0x00000000   Number         0  useno.o ABSOLUTE
    __use_no_signal_handling                 0x00000000   Number         0  useno.o ABSOLUTE
    _printf_a                                0x00000000   Number         0  stubs.o ABSOLUTE
    _printf_c                                0x00000000   Number         0  stubs.o ABSOLUTE
    _printf_charcount                        0x00000000   Number         0  stubs.o ABSOLUTE
    _printf_d                                0x00000000   Number         0  stubs.o ABSOLUTE
    _printf_e                                0x00000000   Number         0  stubs.o ABSOLUTE
    _printf_f                                0x00000000   Number         0  stubs.o ABSOLUTE
    _printf_flags                            0x00000000   Number         0  stubs.o ABSOLUTE
    _printf_fp_dec                           0x00000000   Number         0  stubs.o ABSOLUTE
    _printf_fp_hex                           0x00000000   Number         0  stubs.o ABSOLUTE
    _printf_g                                0x00000000   Number         0  stubs.o ABSOLUTE
    _printf_i                                0x00000000   Number         0  stubs.o ABSOLUTE
    _printf_int_dec                          0x00000000   Number         0  stubs.o ABSOLUTE
    _printf_l                                0x00000000   Number         0  stubs.o ABSOLUTE
    _printf_lc                               0x00000000   Number         0  stubs.o ABSOLUTE
    _printf_ll                               0x00000000   Number         0  stubs.o ABSOLUTE
    _printf_lld                              0x00000000   Number         0  stubs.o ABSOLUTE
    _printf_lli                              0x00000000   Number         0  stubs.o ABSOLUTE
    _printf_llo                              0x00000000   Number         0  stubs.o ABSOLUTE
    _printf_llu                              0x00000000   Number         0  stubs.o ABSOLUTE
    _printf_llx                              0x00000000   Number         0  stubs.o ABSOLUTE
    _printf_longlong_dec                     0x00000000   Number         0  stubs.o ABSOLUTE
    _printf_longlong_hex                     0x00000000   Number         0  stubs.o ABSOLUTE
    _printf_longlong_oct                     0x00000000   Number         0  stubs.o ABSOLUTE
    _printf_ls                               0x00000000   Number         0  stubs.o ABSOLUTE
    _printf_mbtowc                           0x00000000   Number         0  stubs.o ABSOLUTE
    _printf_n                                0x00000000   Number         0  stubs.o ABSOLUTE
    _printf_o                                0x00000000   Number         0  stubs.o ABSOLUTE
    _printf_p                                0x00000000   Number         0  stubs.o ABSOLUTE
    _printf_percent                          0x00000000   Number         0  stubs.o ABSOLUTE
    _printf_pre_padding                      0x00000000   Number         0  stubs.o ABSOLUTE
    _printf_return_value                     0x00000000   Number         0  stubs.o ABSOLUTE
    _printf_s                                0x00000000   Number         0  stubs.o ABSOLUTE
    _printf_sizespec                         0x00000000   Number         0  stubs.o ABSOLUTE
    _printf_str                              0x00000000   Number         0  stubs.o ABSOLUTE
    _printf_truncate_signed                  0x00000000   Number         0  stubs.o ABSOLUTE
    _printf_truncate_unsigned                0x00000000   Number         0  stubs.o ABSOLUTE
    _printf_u                                0x00000000   Number         0  stubs.o ABSOLUTE
    _printf_wc                               0x00000000   Number         0  stubs.o ABSOLUTE
    _printf_wctomb                           0x00000000   Number         0  stubs.o ABSOLUTE
    _printf_widthprec                        0x00000000   Number         0  stubs.o ABSOLUTE
    _printf_x                                0x00000000   Number         0  stubs.o ABSOLUTE
    __cpp_initialize__aeabi_                  - Undefined Weak Reference
    __cxa_finalize                            - Undefined Weak Reference
    __decompress                              - Undefined Weak Reference
    _clock_init                               - Undefined Weak Reference
    _microlib_exit                            - Undefined Weak Reference
    __Vectors_Size                           0x00000188   Number         0  startup_stm32f407xx.o ABSOLUTE
    __Vectors                                0x08000000   Data           4  startup_stm32f407xx.o(RESET)
    __Vectors_End                            0x08000188   Data           0  startup_stm32f407xx.o(RESET)
    __main                                   0x08000189   Thumb Code     0  entry.o(.ARM.Collect$$$$00000000)
    _main_stk                                0x08000189   Thumb Code     0  entry2.o(.ARM.Collect$$$$00000001)
    _main_scatterload                        0x0800018d   Thumb Code     0  entry5.o(.ARM.Collect$$$$00000004)
    __main_after_scatterload                 0x08000191   Thumb Code     0  entry5.o(.ARM.Collect$$$$00000004)
    _main_clock                              0x08000191   Thumb Code     0  entry7b.o(.ARM.Collect$$$$00000008)
    _main_cpp_init                           0x08000191   Thumb Code     0  entry8b.o(.ARM.Collect$$$$0000000A)
    _main_init                               0x08000191   Thumb Code     0  entry9a.o(.ARM.Collect$$$$0000000B)
    __rt_final_cpp                           0x08000199   Thumb Code     0  entry10a.o(.ARM.Collect$$$$0000000D)
    __rt_final_exit                          0x08000199   Thumb Code     0  entry11a.o(.ARM.Collect$$$$0000000F)
    SVC_Handler                              0x0800019d   Thumb Code    28  port.o(.emb_text)
    __asm___6_port_c_39a90d8d__prvStartFirstTask 0x080001bd   Thumb Code    28  port.o(.emb_text)
    __asm___6_port_c_39a90d8d__prvEnableVFP  0x080001dd   Thumb Code    16  port.o(.emb_text)
    PendSV_Handler                           0x080001f1   Thumb Code    92  port.o(.emb_text)
    vPortGetIPSR                             0x08000251   Thumb Code     6  port.o(.emb_text)
    Reset_Handler                            0x08000259   Thumb Code     8  startup_stm32f407xx.o(.text)
    ADC_IRQHandler                           0x08000273   Thumb Code     0  startup_stm32f407xx.o(.text)
    CAN1_RX0_IRQHandler                      0x08000273   Thumb Code     0  startup_stm32f407xx.o(.text)
    CAN1_RX1_IRQHandler                      0x08000273   Thumb Code     0  startup_stm32f407xx.o(.text)
    CAN1_SCE_IRQHandler                      0x08000273   Thumb Code     0  startup_stm32f407xx.o(.text)
    CAN1_TX_IRQHandler                       0x08000273   Thumb Code     0  startup_stm32f407xx.o(.text)
    CAN2_RX0_IRQHandler                      0x08000273   Thumb Code     0  startup_stm32f407xx.o(.text)
    CAN2_RX1_IRQHandler                      0x08000273   Thumb Code     0  startup_stm32f407xx.o(.text)
    CAN2_SCE_IRQHandler                      0x08000273   Thumb Code     0  startup_stm32f407xx.o(.text)
    CAN2_TX_IRQHandler                       0x08000273   Thumb Code     0  startup_stm32f407xx.o(.text)
    DCMI_IRQHandler                          0x08000273   Thumb Code     0  startup_stm32f407xx.o(.text)
    DMA1_Stream0_IRQHandler                  0x08000273   Thumb Code     0  startup_stm32f407xx.o(.text)
    DMA1_Stream1_IRQHandler                  0x08000273   Thumb Code     0  startup_stm32f407xx.o(.text)
    DMA1_Stream2_IRQHandler                  0x08000273   Thumb Code     0  startup_stm32f407xx.o(.text)
    DMA1_Stream3_IRQHandler                  0x08000273   Thumb Code     0  startup_stm32f407xx.o(.text)
    DMA1_Stream4_IRQHandler                  0x08000273   Thumb Code     0  startup_stm32f407xx.o(.text)
    DMA1_Stream5_IRQHandler                  0x08000273   Thumb Code     0  startup_stm32f407xx.o(.text)
    DMA1_Stream6_IRQHandler                  0x08000273   Thumb Code     0  startup_stm32f407xx.o(.text)
    DMA1_Stream7_IRQHandler                  0x08000273   Thumb Code     0  startup_stm32f407xx.o(.text)
    DMA2_Stream0_IRQHandler                  0x08000273   Thumb Code     0  startup_stm32f407xx.o(.text)
    DMA2_Stream1_IRQHandler                  0x08000273   Thumb Code     0  startup_stm32f407xx.o(.text)
    DMA2_Stream2_IRQHandler                  0x08000273   Thumb Code     0  startup_stm32f407xx.o(.text)
    DMA2_Stream4_IRQHandler                  0x08000273   Thumb Code     0  startup_stm32f407xx.o(.text)
    DMA2_Stream5_IRQHandler                  0x08000273   Thumb Code     0  startup_stm32f407xx.o(.text)
    DMA2_Stream7_IRQHandler                  0x08000273   Thumb Code     0  startup_stm32f407xx.o(.text)
    ETH_IRQHandler                           0x08000273   Thumb Code     0  startup_stm32f407xx.o(.text)
    ETH_WKUP_IRQHandler                      0x08000273   Thumb Code     0  startup_stm32f407xx.o(.text)
    EXTI0_IRQHandler                         0x08000273   Thumb Code     0  startup_stm32f407xx.o(.text)
    EXTI15_10_IRQHandler                     0x08000273   Thumb Code     0  startup_stm32f407xx.o(.text)
    EXTI1_IRQHandler                         0x08000273   Thumb Code     0  startup_stm32f407xx.o(.text)
    EXTI2_IRQHandler                         0x08000273   Thumb Code     0  startup_stm32f407xx.o(.text)
    EXTI3_IRQHandler                         0x08000273   Thumb Code     0  startup_stm32f407xx.o(.text)
    EXTI4_IRQHandler                         0x08000273   Thumb Code     0  startup_stm32f407xx.o(.text)
    EXTI9_5_IRQHandler                       0x08000273   Thumb Code     0  startup_stm32f407xx.o(.text)
    FLASH_IRQHandler                         0x08000273   Thumb Code     0  startup_stm32f407xx.o(.text)
    FMC_IRQHandler                           0x08000273   Thumb Code     0  startup_stm32f407xx.o(.text)
    FPU_IRQHandler                           0x08000273   Thumb Code     0  startup_stm32f407xx.o(.text)
    HASH_RNG_IRQHandler                      0x08000273   Thumb Code     0  startup_stm32f407xx.o(.text)
    I2C1_ER_IRQHandler                       0x08000273   Thumb Code     0  startup_stm32f407xx.o(.text)
    I2C1_EV_IRQHandler                       0x08000273   Thumb Code     0  startup_stm32f407xx.o(.text)
    I2C2_ER_IRQHandler                       0x08000273   Thumb Code     0  startup_stm32f407xx.o(.text)
    I2C2_EV_IRQHandler                       0x08000273   Thumb Code     0  startup_stm32f407xx.o(.text)
    I2C3_ER_IRQHandler                       0x08000273   Thumb Code     0  startup_stm32f407xx.o(.text)
    I2C3_EV_IRQHandler                       0x08000273   Thumb Code     0  startup_stm32f407xx.o(.text)
    OTG_FS_IRQHandler                        0x08000273   Thumb Code     0  startup_stm32f407xx.o(.text)
    OTG_FS_WKUP_IRQHandler                   0x08000273   Thumb Code     0  startup_stm32f407xx.o(.text)
    OTG_HS_EP1_IN_IRQHandler                 0x08000273   Thumb Code     0  startup_stm32f407xx.o(.text)
    OTG_HS_EP1_OUT_IRQHandler                0x08000273   Thumb Code     0  startup_stm32f407xx.o(.text)
    OTG_HS_IRQHandler                        0x08000273   Thumb Code     0  startup_stm32f407xx.o(.text)
    OTG_HS_WKUP_IRQHandler                   0x08000273   Thumb Code     0  startup_stm32f407xx.o(.text)
    PVD_IRQHandler                           0x08000273   Thumb Code     0  startup_stm32f407xx.o(.text)
    RCC_IRQHandler                           0x08000273   Thumb Code     0  startup_stm32f407xx.o(.text)
    RTC_Alarm_IRQHandler                     0x08000273   Thumb Code     0  startup_stm32f407xx.o(.text)
    RTC_WKUP_IRQHandler                      0x08000273   Thumb Code     0  startup_stm32f407xx.o(.text)
    SPI1_IRQHandler                          0x08000273   Thumb Code     0  startup_stm32f407xx.o(.text)
    SPI2_IRQHandler                          0x08000273   Thumb Code     0  startup_stm32f407xx.o(.text)
    SPI3_IRQHandler                          0x08000273   Thumb Code     0  startup_stm32f407xx.o(.text)
    TAMP_STAMP_IRQHandler                    0x08000273   Thumb Code     0  startup_stm32f407xx.o(.text)
    TIM1_BRK_TIM9_IRQHandler                 0x08000273   Thumb Code     0  startup_stm32f407xx.o(.text)
    TIM1_CC_IRQHandler                       0x08000273   Thumb Code     0  startup_stm32f407xx.o(.text)
    TIM1_TRG_COM_TIM11_IRQHandler            0x08000273   Thumb Code     0  startup_stm32f407xx.o(.text)
    TIM1_UP_TIM10_IRQHandler                 0x08000273   Thumb Code     0  startup_stm32f407xx.o(.text)
    TIM2_IRQHandler                          0x08000273   Thumb Code     0  startup_stm32f407xx.o(.text)
    TIM3_IRQHandler                          0x08000273   Thumb Code     0  startup_stm32f407xx.o(.text)
    TIM4_IRQHandler                          0x08000273   Thumb Code     0  startup_stm32f407xx.o(.text)
    TIM5_IRQHandler                          0x08000273   Thumb Code     0  startup_stm32f407xx.o(.text)
    TIM6_DAC_IRQHandler                      0x08000273   Thumb Code     0  startup_stm32f407xx.o(.text)
    TIM7_IRQHandler                          0x08000273   Thumb Code     0  startup_stm32f407xx.o(.text)
    TIM8_BRK_TIM12_IRQHandler                0x08000273   Thumb Code     0  startup_stm32f407xx.o(.text)
    TIM8_CC_IRQHandler                       0x08000273   Thumb Code     0  startup_stm32f407xx.o(.text)
    TIM8_UP_TIM13_IRQHandler                 0x08000273   Thumb Code     0  startup_stm32f407xx.o(.text)
    UART4_IRQHandler                         0x08000273   Thumb Code     0  startup_stm32f407xx.o(.text)
    UART5_IRQHandler                         0x08000273   Thumb Code     0  startup_stm32f407xx.o(.text)
    USART2_IRQHandler                        0x08000273   Thumb Code     0  startup_stm32f407xx.o(.text)
    USART6_IRQHandler                        0x08000273   Thumb Code     0  startup_stm32f407xx.o(.text)
    WWDG_IRQHandler                          0x08000273   Thumb Code     0  startup_stm32f407xx.o(.text)
    __aeabi_memcpy                           0x0800027d   Thumb Code    36  memcpya.o(.text)
    __aeabi_memcpy4                          0x0800027d   Thumb Code     0  memcpya.o(.text)
    __aeabi_memcpy8                          0x0800027d   Thumb Code     0  memcpya.o(.text)
    __aeabi_memset                           0x080002a1   Thumb Code    14  memseta.o(.text)
    __aeabi_memset4                          0x080002a1   Thumb Code     0  memseta.o(.text)
    __aeabi_memset8                          0x080002a1   Thumb Code     0  memseta.o(.text)
    __aeabi_memclr                           0x080002af   Thumb Code     4  memseta.o(.text)
    __aeabi_memclr4                          0x080002af   Thumb Code     0  memseta.o(.text)
    __aeabi_memclr8                          0x080002af   Thumb Code     0  memseta.o(.text)
    _memset$wrapper                          0x080002b3   Thumb Code    18  memseta.o(.text)
    __aeabi_dmul                             0x080002c5   Thumb Code   228  dmul.o(.text)
    __aeabi_ui2d                             0x080003a9   Thumb Code    26  dfltui.o(.text)
    __aeabi_d2uiz                            0x080003c3   Thumb Code    50  dfixui.o(.text)
    __aeabi_uldivmod                         0x080003f5   Thumb Code    98  uldiv.o(.text)
    __aeabi_llsr                             0x08000457   Thumb Code    32  llushr.o(.text)
    _ll_ushift_r                             0x08000457   Thumb Code     0  llushr.o(.text)
    __I$use$fp                               0x08000477   Thumb Code     0  iusefp.o(.text)
    _double_round                            0x08000477   Thumb Code    30  depilogue.o(.text)
    _double_epilogue                         0x08000495   Thumb Code   156  depilogue.o(.text)
    __scatterload                            0x08000531   Thumb Code    28  init.o(.text)
    __scatterload_rt2                        0x08000531   Thumb Code     0  init.o(.text)
    __aeabi_llsl                             0x08000555   Thumb Code    30  llshl.o(.text)
    _ll_shift_l                              0x08000555   Thumb Code     0  llshl.o(.text)
    BusFault_Handler                         0x08000573   Thumb Code     2  stm32f4xx_it.o(i.BusFault_Handler)
    DMA2_Stream3_IRQHandler                  0x08000575   Thumb Code     6  stm32f4xx_it.o(i.DMA2_Stream3_IRQHandler)
    DMA2_Stream6_IRQHandler                  0x08000581   Thumb Code     6  stm32f4xx_it.o(i.DMA2_Stream6_IRQHandler)
    DebugMon_Handler                         0x08000609   Thumb Code     2  stm32f4xx_it.o(i.DebugMon_Handler)
    Error_Handler                            0x0800060b   Thumb Code     2  main.o(i.Error_Handler)
    FSMC_NORSRAM_Extended_Timing_Init        0x0800060d   Thumb Code    60  stm32f4xx_ll_fsmc.o(i.FSMC_NORSRAM_Extended_Timing_Init)
    FSMC_NORSRAM_Init                        0x0800064d   Thumb Code    80  stm32f4xx_ll_fsmc.o(i.FSMC_NORSRAM_Init)
    FSMC_NORSRAM_Timing_Init                 0x080006a1   Thumb Code    64  stm32f4xx_ll_fsmc.o(i.FSMC_NORSRAM_Timing_Init)
    Func_LED                                 0x080006e5   Thumb Code    46  freertos.o(i.Func_LED)
    Func_WIFI                                0x08000719   Thumb Code   140  freertos.o(i.Func_WIFI)
    Func_usart                               0x080007fd   Thumb Code   164  freertos.o(i.Func_usart)
    HAL_DMA_Abort_IT                         0x08000921   Thumb Code    36  stm32f4xx_hal_dma.o(i.HAL_DMA_Abort_IT)
    HAL_DMA_IRQHandler                       0x08000945   Thumb Code   414  stm32f4xx_hal_dma.o(i.HAL_DMA_IRQHandler)
    HAL_DMA_Init                             0x08000aed   Thumb Code   202  stm32f4xx_hal_dma.o(i.HAL_DMA_Init)
    HAL_Delay                                0x08000bbd   Thumb Code    22  stm32f4xx_hal.o(i.HAL_Delay)
    HAL_GPIO_Init                            0x08000c75   Thumb Code   388  stm32f4xx_hal_gpio.o(i.HAL_GPIO_Init)
    HAL_GPIO_TogglePin                       0x08000e25   Thumb Code     8  stm32f4xx_hal_gpio.o(i.HAL_GPIO_TogglePin)
    HAL_GPIO_WritePin                        0x08000e2d   Thumb Code    10  stm32f4xx_hal_gpio.o(i.HAL_GPIO_WritePin)
    HAL_GetTick                              0x08000e39   Thumb Code     6  stm32f4xx_hal.o(i.HAL_GetTick)
    HAL_IncTick                              0x08000e45   Thumb Code    10  stm32f4xx_hal.o(i.HAL_IncTick)
    HAL_Init                                 0x08000e55   Thumb Code    48  stm32f4xx_hal.o(i.HAL_Init)
    HAL_InitTick                             0x08000e89   Thumb Code   100  stm32f4xx_hal_timebase_tim.o(i.HAL_InitTick)
    HAL_MspInit                              0x08000efd   Thumb Code    88  stm32f4xx_hal_msp.o(i.HAL_MspInit)
    HAL_NVIC_EnableIRQ                       0x08000f55   Thumb Code    22  stm32f4xx_hal_cortex.o(i.HAL_NVIC_EnableIRQ)
    HAL_NVIC_SetPriority                     0x08000f6d   Thumb Code    60  stm32f4xx_hal_cortex.o(i.HAL_NVIC_SetPriority)
    HAL_NVIC_SetPriorityGrouping             0x08000fad   Thumb Code    26  stm32f4xx_hal_cortex.o(i.HAL_NVIC_SetPriorityGrouping)
    HAL_RCC_ClockConfig                      0x08000fd1   Thumb Code   364  stm32f4xx_hal_rcc.o(i.HAL_RCC_ClockConfig)
    HAL_RCC_GetClockConfig                   0x0800114d   Thumb Code    54  stm32f4xx_hal_rcc.o(i.HAL_RCC_GetClockConfig)
    HAL_RCC_GetHCLKFreq                      0x0800118d   Thumb Code     6  stm32f4xx_hal_rcc.o(i.HAL_RCC_GetHCLKFreq)
    HAL_RCC_GetPCLK1Freq                     0x08001199   Thumb Code    34  stm32f4xx_hal_rcc.o(i.HAL_RCC_GetPCLK1Freq)
    HAL_RCC_GetPCLK2Freq                     0x080011c9   Thumb Code    34  stm32f4xx_hal_rcc.o(i.HAL_RCC_GetPCLK2Freq)
    HAL_RCC_GetSysClockFreq                  0x080011f9   Thumb Code   104  stm32f4xx_hal_rcc.o(i.HAL_RCC_GetSysClockFreq)
    HAL_RCC_OscConfig                        0x08001269   Thumb Code   722  stm32f4xx_hal_rcc.o(i.HAL_RCC_OscConfig)
    HAL_SD_Get_CardInfo                      0x0800154d   Thumb Code   692  stm32f4xx_hal_sd.o(i.HAL_SD_Get_CardInfo)
    HAL_SD_IRQHandler                        0x08001801   Thumb Code   124  stm32f4xx_hal_sd.o(i.HAL_SD_IRQHandler)
    HAL_SD_Init                              0x0800187d   Thumb Code   160  stm32f4xx_hal_sd.o(i.HAL_SD_Init)
    HAL_SD_MspInit                           0x0800191d   Thumb Code   232  sdio.o(i.HAL_SD_MspInit)
    HAL_SD_WideBusOperation_Config           0x08001a1d   Thumb Code    94  stm32f4xx_hal_sd.o(i.HAL_SD_WideBusOperation_Config)
    HAL_SD_XferCpltCallback                  0x08001a7b   Thumb Code     2  stm32f4xx_hal_sd.o(i.HAL_SD_XferCpltCallback)
    HAL_SD_XferErrorCallback                 0x08001a7d   Thumb Code     2  stm32f4xx_hal_sd.o(i.HAL_SD_XferErrorCallback)
    HAL_SRAM_Init                            0x08001a7f   Thumb Code    86  stm32f4xx_hal_sram.o(i.HAL_SRAM_Init)
    HAL_SRAM_MspInit                         0x08001ad5   Thumb Code     4  fsmc.o(i.HAL_SRAM_MspInit)
    HAL_SYSTICK_CLKSourceConfig              0x08001ad9   Thumb Code    24  stm32f4xx_hal_cortex.o(i.HAL_SYSTICK_CLKSourceConfig)
    HAL_SYSTICK_Config                       0x08001af1   Thumb Code    40  stm32f4xx_hal_cortex.o(i.HAL_SYSTICK_Config)
    HAL_TIMEx_BreakCallback                  0x08001b19   Thumb Code     2  stm32f4xx_hal_tim_ex.o(i.HAL_TIMEx_BreakCallback)
    HAL_TIMEx_CommutationCallback            0x08001b1b   Thumb Code     2  stm32f4xx_hal_tim_ex.o(i.HAL_TIMEx_CommutationCallback)
    HAL_TIM_Base_Init                        0x08001b1d   Thumb Code    54  stm32f4xx_hal_tim.o(i.HAL_TIM_Base_Init)
    HAL_TIM_Base_MspInit                     0x08001b53   Thumb Code     2  stm32f4xx_hal_tim.o(i.HAL_TIM_Base_MspInit)
    HAL_TIM_Base_Start_IT                    0x08001b55   Thumb Code    24  stm32f4xx_hal_tim.o(i.HAL_TIM_Base_Start_IT)
    HAL_TIM_IC_CaptureCallback               0x08001b6d   Thumb Code     2  stm32f4xx_hal_tim.o(i.HAL_TIM_IC_CaptureCallback)
    HAL_TIM_IRQHandler                       0x08001b6f   Thumb Code   358  stm32f4xx_hal_tim.o(i.HAL_TIM_IRQHandler)
    HAL_TIM_OC_DelayElapsedCallback          0x08001cd5   Thumb Code     2  stm32f4xx_hal_tim.o(i.HAL_TIM_OC_DelayElapsedCallback)
    HAL_TIM_PWM_PulseFinishedCallback        0x08001cd7   Thumb Code     2  stm32f4xx_hal_tim.o(i.HAL_TIM_PWM_PulseFinishedCallback)
    HAL_TIM_PeriodElapsedCallback            0x08001cd9   Thumb Code    14  main.o(i.HAL_TIM_PeriodElapsedCallback)
    HAL_TIM_TriggerCallback                  0x08001ced   Thumb Code     2  stm32f4xx_hal_tim.o(i.HAL_TIM_TriggerCallback)
    HAL_UART_ErrorCallback                   0x08001cef   Thumb Code     2  stm32f4xx_hal_uart.o(i.HAL_UART_ErrorCallback)
    HAL_UART_IRQHandler                      0x08001cf1   Thumb Code   266  stm32f4xx_hal_uart.o(i.HAL_UART_IRQHandler)
    HAL_UART_Init                            0x08001e01   Thumb Code    98  stm32f4xx_hal_uart.o(i.HAL_UART_Init)
    HAL_UART_MspInit                         0x08001e65   Thumb Code   212  usart.o(i.HAL_UART_MspInit)
    HAL_UART_Receive                         0x08001f4d   Thumb Code   184  stm32f4xx_hal_uart.o(i.HAL_UART_Receive)
    HAL_UART_Receive_IT                      0x08002005   Thumb Code    72  stm32f4xx_hal_uart.o(i.HAL_UART_Receive_IT)
    HAL_UART_RxCpltCallback                  0x0800204d   Thumb Code     2  stm32f4xx_hal_uart.o(i.HAL_UART_RxCpltCallback)
    HAL_UART_Transmit                        0x0800204f   Thumb Code   186  stm32f4xx_hal_uart.o(i.HAL_UART_Transmit)
    HAL_UART_TxCpltCallback                  0x08002109   Thumb Code     2  stm32f4xx_hal_uart.o(i.HAL_UART_TxCpltCallback)
    HardFault_Handler                        0x0800210b   Thumb Code     2  stm32f4xx_it.o(i.HardFault_Handler)
    LCD_Clear                                0x0800210d   Thumb Code    98  lcd.o(i.LCD_Clear)
    LCD_Display_Dir                          0x08002175   Thumb Code   304  lcd.o(i.LCD_Display_Dir)
    LCD_Fast_DrawPoint                       0x080022a9   Thumb Code   276  lcd.o(i.LCD_Fast_DrawPoint)
    LCD_Init                                 0x080023c1   Thumb Code 13574  lcd.o(i.LCD_Init)
    LCD_Pow                                  0x080058c7   Thumb Code    16  lcd.o(i.LCD_Pow)
    LCD_RD_DATA                              0x080058d7   Thumb Code    20  lcd.o(i.LCD_RD_DATA)
    LCD_ReadReg                              0x080058eb   Thumb Code    20  lcd.o(i.LCD_ReadReg)
    LCD_SSD_BackLightSet                     0x08005901   Thumb Code    72  lcd.o(i.LCD_SSD_BackLightSet)
    LCD_Scan_Dir                             0x08005951   Thumb Code   510  lcd.o(i.LCD_Scan_Dir)
    LCD_SetCursor                            0x08005b55   Thumb Code   344  lcd.o(i.LCD_SetCursor)
    LCD_ShowChar                             0x08005cb1   Thumb Code   190  lcd.o(i.LCD_ShowChar)
    LCD_ShowNum                              0x08005d85   Thumb Code   118  lcd.o(i.LCD_ShowNum)
    LCD_ShowString                           0x08005dfb   Thumb Code    84  lcd.o(i.LCD_ShowString)
    LCD_WR_DATA                              0x08005e4f   Thumb Code    24  lcd.o(i.LCD_WR_DATA)
    LCD_WR_REG                               0x08005e67   Thumb Code    24  lcd.o(i.LCD_WR_REG)
    LCD_WriteRAM_Prepare                     0x08005e81   Thumb Code    14  lcd.o(i.LCD_WriteRAM_Prepare)
    LCD_WriteReg                             0x08005e95   Thumb Code    12  lcd.o(i.LCD_WriteReg)
    MX_DMA_Init                              0x08005ea1   Thumb Code    56  dma.o(i.MX_DMA_Init)
    MX_FREERTOS_Init                         0x08005edd   Thumb Code    96  freertos.o(i.MX_FREERTOS_Init)
    MX_FSMC_Init                             0x08005f45   Thumb Code   116  fsmc.o(i.MX_FSMC_Init)
    MX_GPIO_Init                             0x08005fc1   Thumb Code   198  gpio.o(i.MX_GPIO_Init)
    MX_SDIO_SD_Init                          0x08006095   Thumb Code    60  sdio.o(i.MX_SDIO_SD_Init)
    MX_USART3_UART_Init                      0x080060fd   Thumb Code    76  usart.o(i.MX_USART3_UART_Init)
    MemManage_Handler                        0x0800615d   Thumb Code     2  stm32f4xx_it.o(i.MemManage_Handler)
    NMI_Handler                              0x0800615f   Thumb Code     2  stm32f4xx_it.o(i.NMI_Handler)
    SDIO_DataConfig                          0x08006181   Thumb Code    36  stm32f4xx_ll_sdmmc.o(i.SDIO_DataConfig)
    SDIO_GetCommandResponse                  0x080061a5   Thumb Code     6  stm32f4xx_ll_sdmmc.o(i.SDIO_GetCommandResponse)
    SDIO_GetPowerState                       0x080061ab   Thumb Code     8  stm32f4xx_ll_sdmmc.o(i.SDIO_GetPowerState)
    SDIO_GetResponse                         0x080061b5   Thumb Code    12  stm32f4xx_ll_sdmmc.o(i.SDIO_GetResponse)
    SDIO_IRQHandler                          0x080061c5   Thumb Code     6  sd.o(i.SDIO_IRQHandler)
    SDIO_Init                                0x080061d1   Thumb Code    36  stm32f4xx_ll_sdmmc.o(i.SDIO_Init)
    SDIO_PowerState_ON                       0x080061f5   Thumb Code     8  stm32f4xx_ll_sdmmc.o(i.SDIO_PowerState_ON)
    SDIO_ReadFIFO                            0x080061fd   Thumb Code     6  stm32f4xx_ll_sdmmc.o(i.SDIO_ReadFIFO)
    SDIO_SendCommand                         0x08006203   Thumb Code    32  stm32f4xx_ll_sdmmc.o(i.SDIO_SendCommand)
    StartDefaultTask                         0x08006833   Thumb Code     8  freertos.o(i.StartDefaultTask)
    SysTick_Handler                          0x0800683b   Thumb Code     4  stm32f4xx_it.o(i.SysTick_Handler)
    SystemClock_Config                       0x08006841   Thumb Code   148  main.o(i.SystemClock_Config)
    SystemInit                               0x080068dd   Thumb Code    66  system_stm32f4xx.o(i.SystemInit)
    TIM8_TRG_COM_TIM14_IRQHandler            0x08006931   Thumb Code     6  stm32f4xx_it.o(i.TIM8_TRG_COM_TIM14_IRQHandler)
    TIM_Base_SetConfig                       0x0800693d   Thumb Code   148  stm32f4xx_hal_tim.o(i.TIM_Base_SetConfig)
    USART1_IRQHandler                        0x08006e29   Thumb Code    98  usrt.o(i.USART1_IRQHandler)
    USART3_IRQHandler                        0x08006e99   Thumb Code    98  usrt.o(i.USART3_IRQHandler)
    UsageFault_Handler                       0x08006f09   Thumb Code     2  stm32f4xx_it.o(i.UsageFault_Handler)
    __0printf$5                              0x08006f0d   Thumb Code    22  printf5.o(i.__0printf$5)
    __1printf$5                              0x08006f0d   Thumb Code     0  printf5.o(i.__0printf$5)
    __2printf                                0x08006f0d   Thumb Code     0  printf5.o(i.__0printf$5)
    __scatterload_copy                       0x08006f2d   Thumb Code    14  handlers.o(i.__scatterload_copy)
    __scatterload_null                       0x08006f3b   Thumb Code     2  handlers.o(i.__scatterload_null)
    __scatterload_zeroinit                   0x08006f3d   Thumb Code    14  handlers.o(i.__scatterload_zeroinit)
    delay_ms                                 0x0800720d   Thumb Code    26  delay.o(i.delay_ms)
    delay_us                                 0x08007229   Thumb Code    48  delay.o(i.delay_us)
    fputc                                    0x0800725d   Thumb Code    14  usrt.o(i.fputc)
    main                                     0x08007271   Thumb Code    38  main.o(i.main)
    osDelay                                  0x080072a3   Thumb Code    14  cmsis_os.o(i.osDelay)
    osKernelStart                            0x080072b1   Thumb Code    10  cmsis_os.o(i.osKernelStart)
    osSystickHandler                         0x080072bb   Thumb Code    20  cmsis_os.o(i.osSystickHandler)
    osThreadCreate                           0x080072cf   Thumb Code    56  cmsis_os.o(i.osThreadCreate)
    pvPortMalloc                             0x08007499   Thumb Code   210  heap_4.o(i.pvPortMalloc)
    pxPortInitialiseStack                    0x08007571   Thumb Code    36  port.o(i.pxPortInitialiseStack)
    show_sdcard_info                         0x08007599   Thumb Code    88  freertos.o(i.show_sdcard_info)
    uxListRemove                             0x080076b1   Thumb Code    36  list.o(i.uxListRemove)
    vListInitialise                          0x080076d5   Thumb Code    22  list.o(i.vListInitialise)
    vListInitialiseItem                      0x080076eb   Thumb Code     6  list.o(i.vListInitialiseItem)
    vListInsert                              0x080076f1   Thumb Code    48  list.o(i.vListInsert)
    vListInsertEnd                           0x08007721   Thumb Code    24  list.o(i.vListInsertEnd)
    vPortEnterCritical                       0x08007739   Thumb Code    54  port.o(i.vPortEnterCritical)
    vPortExitCritical                        0x08007779   Thumb Code    34  port.o(i.vPortExitCritical)
    vPortFree                                0x080077a1   Thumb Code    88  heap_4.o(i.vPortFree)
    vPortSetupTimerInterrupt                 0x080077fd   Thumb Code    26  port.o(i.vPortSetupTimerInterrupt)
    vTaskDelay                               0x0800781d   Thumb Code    94  tasks.o(i.vTaskDelay)
    vTaskStartScheduler                      0x08007885   Thumb Code    86  tasks.o(i.vTaskStartScheduler)
    vTaskSuspendAll                          0x080078ed   Thumb Code    10  tasks.o(i.vTaskSuspendAll)
    vTaskSwitchContext                       0x080078fd   Thumb Code    82  tasks.o(i.vTaskSwitchContext)
    xPortStartScheduler                      0x08007959   Thumb Code   202  port.o(i.xPortStartScheduler)
    xPortSysTickHandler                      0x08007a39   Thumb Code    38  port.o(i.xPortSysTickHandler)
    xTaskGenericCreate                       0x08007a65   Thumb Code   430  tasks.o(i.xTaskGenericCreate)
    xTaskGetSchedulerState                   0x08007c21   Thumb Code    22  tasks.o(i.xTaskGetSchedulerState)
    xTaskIncrementTick                       0x08007c3d   Thumb Code   194  tasks.o(i.xTaskIncrementTick)
    xTaskResumeAll                           0x08007d09   Thumb Code   182  tasks.o(i.xTaskResumeAll)
    APBAHBPrescTable                         0x08007dd4   Data          16  stm32f4xx_hal_rcc.o(.constdata)
    asc2_1206                                0x08007e34   Data        1140  lcd.o(.constdata)
    asc2_1608                                0x080082a8   Data        1520  lcd.o(.constdata)
    asc2_2412                                0x08008898   Data        3420  lcd.o(.constdata)
    Region$$Table$$Base                      0x08009624   Number         0  anon$$obj.o(Region$$Table)
    Region$$Table$$Limit                     0x08009644   Number         0  anon$$obj.o(Region$$Table)
    pxCurrentTCB                             0x20000018   Data           4  tasks.o(.data)
    uwTick                                   0x2000005c   Data           4  stm32f4xx_hal.o(.data)
    SystemCoreClock                          0x20000060   Data           4  system_stm32f4xx.o(.data)
    defaultTaskHandle                        0x20000064   Data           4  freertos.o(.data)
    Task_LEDHandle                           0x20000068   Data           4  freertos.o(.data)
    USART_RX_STA                             0x20000078   Data           2  usrt.o(.data)
    USART3_RX_STA                            0x2000007a   Data           2  usrt.o(.data)
    __stdout                                 0x2000007c   Data           4  usrt.o(.data)
    aRxBuffer                                0x20000080   Data           1  usrt.o(.data)
    POINT_COLOR                              0x20000082   Data           2  lcd.o(.data)
    BACK_COLOR                               0x20000084   Data           2  lcd.o(.data)
    htim14                                   0x20003d78   Data          60  stm32f4xx_hal_timebase_tim.o(.bss)
    huart3                                   0x20003db4   Data          64  usart.o(.bss)
    hsram1                                   0x20003df4   Data          80  fsmc.o(.bss)
    hsd                                      0x20003e48   Data          96  sdio.o(.bss)
    SDCardInfo                               0x20003ea8   Data          88  sdio.o(.bss)
    hdma_sdio_rx                             0x20003f00   Data          96  sdio.o(.bss)
    hdma_sdio_tx                             0x20003f60   Data          96  sdio.o(.bss)
    USART_RX_BUF                             0x20003fc0   Data         200  usrt.o(.bss)
    USART3_RX_BUF                            0x20004088   Data         200  usrt.o(.bss)
    UART1_Handler                            0x20004150   Data          64  usrt.o(.bss)
    lcddev                                   0x20004190   Data          14  lcd.o(.bss)
    __initial_sp                             0x200045a0   Data           0  startup_stm32f407xx.o(STACK)



==============================================================================

Memory Map of the image

  Image Entry point : 0x08000189

  Load Region LR_IROM1 (Base: 0x08000000, Size: 0x000096cc, Max: 0x00100000, ABSOLUTE)

    Execution Region ER_IROM1 (Base: 0x08000000, Size: 0x00009644, Max: 0x00100000, ABSOLUTE)

    Base Addr    Size         Type   Attr      Idx    E Section Name        Object

    0x08000000   0x00000188   Data   RO         3904    RESET               startup_stm32f407xx.o
    0x08000188   0x00000000   Code   RO         4821  * .ARM.Collect$$$$00000000  mc_w.l(entry.o)
    0x08000188   0x00000004   Code   RO         5097    .ARM.Collect$$$$00000001  mc_w.l(entry2.o)
    0x0800018c   0x00000004   Code   RO         5100    .ARM.Collect$$$$00000004  mc_w.l(entry5.o)
    0x08000190   0x00000000   Code   RO         5102    .ARM.Collect$$$$00000008  mc_w.l(entry7b.o)
    0x08000190   0x00000000   Code   RO         5104    .ARM.Collect$$$$0000000A  mc_w.l(entry8b.o)
    0x08000190   0x00000008   Code   RO         5105    .ARM.Collect$$$$0000000B  mc_w.l(entry9a.o)
    0x08000198   0x00000000   Code   RO         5107    .ARM.Collect$$$$0000000D  mc_w.l(entry10a.o)
    0x08000198   0x00000000   Code   RO         5109    .ARM.Collect$$$$0000000F  mc_w.l(entry11a.o)
    0x08000198   0x00000004   Code   RO         5098    .ARM.Collect$$$$00002712  mc_w.l(entry2.o)
    0x0800019c   0x000000ba   Code   RO          953    .emb_text           port.o
    0x08000256   0x00000002   PAD
    0x08000258   0x00000024   Code   RO         3905    .text               startup_stm32f407xx.o
    0x0800027c   0x00000024   Code   RO         4824    .text               mc_w.l(memcpya.o)
    0x080002a0   0x00000024   Code   RO         4826    .text               mc_w.l(memseta.o)
    0x080002c4   0x000000e4   Code   RO         5091    .text               mf_w.l(dmul.o)
    0x080003a8   0x0000001a   Code   RO         5093    .text               mf_w.l(dfltui.o)
    0x080003c2   0x00000032   Code   RO         5095    .text               mf_w.l(dfixui.o)
    0x080003f4   0x00000062   Code   RO         5113    .text               mc_w.l(uldiv.o)
    0x08000456   0x00000020   Code   RO         5115    .text               mc_w.l(llushr.o)
    0x08000476   0x00000000   Code   RO         5117    .text               mc_w.l(iusefp.o)
    0x08000476   0x000000ba   Code   RO         5118    .text               mf_w.l(depilogue.o)
    0x08000530   0x00000024   Code   RO         5128    .text               mc_w.l(init.o)
    0x08000554   0x0000001e   Code   RO         5130    .text               mc_w.l(llshl.o)
    0x08000572   0x00000002   Code   RO         4069    i.BusFault_Handler  stm32f4xx_it.o
    0x08000574   0x0000000c   Code   RO         4070    i.DMA2_Stream3_IRQHandler  stm32f4xx_it.o
    0x08000580   0x0000000c   Code   RO         4071    i.DMA2_Stream6_IRQHandler  stm32f4xx_it.o
    0x0800058c   0x00000028   Code   RO         2426    i.DMA_CalcBaseAndBitshift  stm32f4xx_hal_dma.o
    0x080005b4   0x00000054   Code   RO         2427    i.DMA_CheckFifoParam  stm32f4xx_hal_dma.o
    0x08000608   0x00000002   Code   RO         4072    i.DebugMon_Handler  stm32f4xx_it.o
    0x0800060a   0x00000002   Code   RO         4160    i.Error_Handler     main.o
    0x0800060c   0x00000040   Code   RO         3435    i.FSMC_NORSRAM_Extended_Timing_Init  stm32f4xx_ll_fsmc.o
    0x0800064c   0x00000054   Code   RO         3436    i.FSMC_NORSRAM_Init  stm32f4xx_ll_fsmc.o
    0x080006a0   0x00000044   Code   RO         3437    i.FSMC_NORSRAM_Timing_Init  stm32f4xx_ll_fsmc.o
    0x080006e4   0x00000034   Code   RO         3972    i.Func_LED          freertos.o
    0x08000718   0x000000e4   Code   RO         3973    i.Func_WIFI         freertos.o
    0x080007fc   0x00000124   Code   RO         3974    i.Func_usart        freertos.o
    0x08000920   0x00000024   Code   RO         2430    i.HAL_DMA_Abort_IT  stm32f4xx_hal_dma.o
    0x08000944   0x000001a8   Code   RO         2434    i.HAL_DMA_IRQHandler  stm32f4xx_hal_dma.o
    0x08000aec   0x000000d0   Code   RO         2435    i.HAL_DMA_Init      stm32f4xx_hal_dma.o
    0x08000bbc   0x00000016   Code   RO         1252    i.HAL_Delay         stm32f4xx_hal.o
    0x08000bd2   0x00000002   PAD
    0x08000bd4   0x000000a0   Code   RO         4317    i.HAL_FSMC_MspInit  fsmc.o
    0x08000c74   0x000001b0   Code   RO         2240    i.HAL_GPIO_Init     stm32f4xx_hal_gpio.o
    0x08000e24   0x00000008   Code   RO         2243    i.HAL_GPIO_TogglePin  stm32f4xx_hal_gpio.o
    0x08000e2c   0x0000000a   Code   RO         2244    i.HAL_GPIO_WritePin  stm32f4xx_hal_gpio.o
    0x08000e36   0x00000002   PAD
    0x08000e38   0x0000000c   Code   RO         1258    i.HAL_GetTick       stm32f4xx_hal.o
    0x08000e44   0x00000010   Code   RO         1259    i.HAL_IncTick       stm32f4xx_hal.o
    0x08000e54   0x00000034   Code   RO         1260    i.HAL_Init          stm32f4xx_hal.o
    0x08000e88   0x00000074   Code   RO         4211    i.HAL_InitTick      stm32f4xx_hal_timebase_tim.o
    0x08000efc   0x00000058   Code   RO         3949    i.HAL_MspInit       stm32f4xx_hal_msp.o
    0x08000f54   0x00000016   Code   RO         2306    i.HAL_NVIC_EnableIRQ  stm32f4xx_hal_cortex.o
    0x08000f6a   0x00000002   PAD
    0x08000f6c   0x00000040   Code   RO         2312    i.HAL_NVIC_SetPriority  stm32f4xx_hal_cortex.o
    0x08000fac   0x00000024   Code   RO         2313    i.HAL_NVIC_SetPriorityGrouping  stm32f4xx_hal_cortex.o
    0x08000fd0   0x0000017c   Code   RO         3144    i.HAL_RCC_ClockConfig  stm32f4xx_hal_rcc.o
    0x0800114c   0x00000040   Code   RO         3148    i.HAL_RCC_GetClockConfig  stm32f4xx_hal_rcc.o
    0x0800118c   0x0000000c   Code   RO         3149    i.HAL_RCC_GetHCLKFreq  stm32f4xx_hal_rcc.o
    0x08001198   0x00000030   Code   RO         3151    i.HAL_RCC_GetPCLK1Freq  stm32f4xx_hal_rcc.o
    0x080011c8   0x00000030   Code   RO         3152    i.HAL_RCC_GetPCLK2Freq  stm32f4xx_hal_rcc.o
    0x080011f8   0x00000070   Code   RO         3153    i.HAL_RCC_GetSysClockFreq  stm32f4xx_hal_rcc.o
    0x08001268   0x000002e4   Code   RO         3156    i.HAL_RCC_OscConfig  stm32f4xx_hal_rcc.o
    0x0800154c   0x000002b4   Code   RO         3677    i.HAL_SD_Get_CardInfo  stm32f4xx_hal_sd.o
    0x08001800   0x0000007c   Code   RO         3679    i.HAL_SD_IRQHandler  stm32f4xx_hal_sd.o
    0x0800187c   0x000000a0   Code   RO         3680    i.HAL_SD_Init       stm32f4xx_hal_sd.o
    0x0800191c   0x00000100   Code   RO         4390    i.HAL_SD_MspInit    sdio.o
    0x08001a1c   0x0000005e   Code   RO         3687    i.HAL_SD_WideBusOperation_Config  stm32f4xx_hal_sd.o
    0x08001a7a   0x00000002   Code   RO         3690    i.HAL_SD_XferCpltCallback  stm32f4xx_hal_sd.o
    0x08001a7c   0x00000002   Code   RO         3691    i.HAL_SD_XferErrorCallback  stm32f4xx_hal_sd.o
    0x08001a7e   0x00000056   Code   RO         3311    i.HAL_SRAM_Init     stm32f4xx_hal_sram.o
    0x08001ad4   0x00000004   Code   RO         4319    i.HAL_SRAM_MspInit  fsmc.o
    0x08001ad8   0x00000018   Code   RO         2315    i.HAL_SYSTICK_CLKSourceConfig  stm32f4xx_hal_cortex.o
    0x08001af0   0x00000028   Code   RO         2317    i.HAL_SYSTICK_Config  stm32f4xx_hal_cortex.o
    0x08001b18   0x00000002   Code   RO         2784    i.HAL_TIMEx_BreakCallback  stm32f4xx_hal_tim_ex.o
    0x08001b1a   0x00000002   Code   RO         2785    i.HAL_TIMEx_CommutationCallback  stm32f4xx_hal_tim_ex.o
    0x08001b1c   0x00000036   Code   RO         1454    i.HAL_TIM_Base_Init  stm32f4xx_hal_tim.o
    0x08001b52   0x00000002   Code   RO         1456    i.HAL_TIM_Base_MspInit  stm32f4xx_hal_tim.o
    0x08001b54   0x00000018   Code   RO         1459    i.HAL_TIM_Base_Start_IT  stm32f4xx_hal_tim.o
    0x08001b6c   0x00000002   Code   RO         1483    i.HAL_TIM_IC_CaptureCallback  stm32f4xx_hal_tim.o
    0x08001b6e   0x00000166   Code   RO         1496    i.HAL_TIM_IRQHandler  stm32f4xx_hal_tim.o
    0x08001cd4   0x00000002   Code   RO         1499    i.HAL_TIM_OC_DelayElapsedCallback  stm32f4xx_hal_tim.o
    0x08001cd6   0x00000002   Code   RO         1526    i.HAL_TIM_PWM_PulseFinishedCallback  stm32f4xx_hal_tim.o
    0x08001cd8   0x00000014   Code   RO         4161    i.HAL_TIM_PeriodElapsedCallback  main.o
    0x08001cec   0x00000002   Code   RO         1537    i.HAL_TIM_TriggerCallback  stm32f4xx_hal_tim.o
    0x08001cee   0x00000002   Code   RO         2544    i.HAL_UART_ErrorCallback  stm32f4xx_hal_uart.o
    0x08001cf0   0x00000110   Code   RO         2547    i.HAL_UART_IRQHandler  stm32f4xx_hal_uart.o
    0x08001e00   0x00000062   Code   RO         2548    i.HAL_UART_Init     stm32f4xx_hal_uart.o
    0x08001e62   0x00000002   PAD
    0x08001e64   0x000000e8   Code   RO         4276    i.HAL_UART_MspInit  usart.o
    0x08001f4c   0x000000b8   Code   RO         2551    i.HAL_UART_Receive  stm32f4xx_hal_uart.o
    0x08002004   0x00000048   Code   RO         2553    i.HAL_UART_Receive_IT  stm32f4xx_hal_uart.o
    0x0800204c   0x00000002   Code   RO         2554    i.HAL_UART_RxCpltCallback  stm32f4xx_hal_uart.o
    0x0800204e   0x000000ba   Code   RO         2556    i.HAL_UART_Transmit  stm32f4xx_hal_uart.o
    0x08002108   0x00000002   Code   RO         2559    i.HAL_UART_TxCpltCallback  stm32f4xx_hal_uart.o
    0x0800210a   0x00000002   Code   RO         4073    i.HardFault_Handler  stm32f4xx_it.o
    0x0800210c   0x00000068   Code   RO         4552    i.LCD_Clear         lcd.o
    0x08002174   0x00000134   Code   RO         4556    i.LCD_Display_Dir   lcd.o
    0x080022a8   0x00000118   Code   RO         4561    i.LCD_Fast_DrawPoint  lcd.o
    0x080023c0   0x00003506   Code   RO         4563    i.LCD_Init          lcd.o
    0x080058c6   0x00000010   Code   RO         4564    i.LCD_Pow           lcd.o
    0x080058d6   0x00000014   Code   RO         4565    i.LCD_RD_DATA       lcd.o
    0x080058ea   0x00000014   Code   RO         4567    i.LCD_ReadReg       lcd.o
    0x080058fe   0x00000002   PAD
    0x08005900   0x00000050   Code   RO         4568    i.LCD_SSD_BackLightSet  lcd.o
    0x08005950   0x00000204   Code   RO         4569    i.LCD_Scan_Dir      lcd.o
    0x08005b54   0x0000015c   Code   RO         4570    i.LCD_SetCursor     lcd.o
    0x08005cb0   0x000000d4   Code   RO         4572    i.LCD_ShowChar      lcd.o
    0x08005d84   0x00000076   Code   RO         4573    i.LCD_ShowNum       lcd.o
    0x08005dfa   0x00000054   Code   RO         4574    i.LCD_ShowString    lcd.o
    0x08005e4e   0x00000018   Code   RO         4576    i.LCD_WR_DATA       lcd.o
    0x08005e66   0x00000018   Code   RO         4577    i.LCD_WR_REG        lcd.o
    0x08005e7e   0x00000002   PAD
    0x08005e80   0x00000014   Code   RO         4579    i.LCD_WriteRAM_Prepare  lcd.o
    0x08005e94   0x0000000c   Code   RO         4580    i.LCD_WriteReg      lcd.o
    0x08005ea0   0x0000003c   Code   RO         4365    i.MX_DMA_Init       dma.o
    0x08005edc   0x00000068   Code   RO         3975    i.MX_FREERTOS_Init  freertos.o
    0x08005f44   0x0000007c   Code   RO         4320    i.MX_FSMC_Init      fsmc.o
    0x08005fc0   0x000000d4   Code   RO         4251    i.MX_GPIO_Init      gpio.o
    0x08006094   0x00000068   Code   RO         4391    i.MX_SDIO_SD_Init   sdio.o
    0x080060fc   0x00000060   Code   RO         4277    i.MX_USART3_UART_Init  usart.o
    0x0800615c   0x00000002   Code   RO         4074    i.MemManage_Handler  stm32f4xx_it.o
    0x0800615e   0x00000002   Code   RO         4075    i.NMI_Handler       stm32f4xx_it.o
    0x08006160   0x00000020   Code   RO         2319    i.NVIC_SetPriority  stm32f4xx_hal_cortex.o
    0x08006180   0x00000024   Code   RO         3571    i.SDIO_DataConfig   stm32f4xx_ll_sdmmc.o
    0x080061a4   0x00000006   Code   RO         3572    i.SDIO_GetCommandResponse  stm32f4xx_ll_sdmmc.o
    0x080061aa   0x00000008   Code   RO         3575    i.SDIO_GetPowerState  stm32f4xx_ll_sdmmc.o
    0x080061b2   0x00000002   PAD
    0x080061b4   0x00000010   Code   RO         3576    i.SDIO_GetResponse  stm32f4xx_ll_sdmmc.o
    0x080061c4   0x0000000c   Code   RO         4761    i.SDIO_IRQHandler   sd.o
    0x080061d0   0x00000024   Code   RO         3577    i.SDIO_Init         stm32f4xx_ll_sdmmc.o
    0x080061f4   0x00000008   Code   RO         3579    i.SDIO_PowerState_ON  stm32f4xx_ll_sdmmc.o
    0x080061fc   0x00000006   Code   RO         3580    i.SDIO_ReadFIFO     stm32f4xx_ll_sdmmc.o
    0x08006202   0x00000020   Code   RO         3581    i.SDIO_SendCommand  stm32f4xx_ll_sdmmc.o
    0x08006222   0x00000002   PAD
    0x08006224   0x000000ec   Code   RO         3692    i.SD_CmdResp1Error  stm32f4xx_hal_sd.o
    0x08006310   0x0000002e   Code   RO         3693    i.SD_CmdResp2Error  stm32f4xx_hal_sd.o
    0x0800633e   0x00000072   Code   RO         3694    i.SD_CmdResp6Error  stm32f4xx_hal_sd.o
    0x080063b0   0x00000040   Code   RO         3695    i.SD_CmdResp7Error  stm32f4xx_hal_sd.o
    0x080063f0   0x0000010a   Code   RO         3700    i.SD_FindSCR        stm32f4xx_hal_sd.o
    0x080064fa   0x000000dc   Code   RO         3701    i.SD_Initialize_Cards  stm32f4xx_hal_sd.o
    0x080065d6   0x00000002   PAD
    0x080065d8   0x00000174   Code   RO         3703    i.SD_PowerON        stm32f4xx_hal_sd.o
    0x0800674c   0x00000072   Code   RO         3704    i.SD_WideBus_Disable  stm32f4xx_hal_sd.o
    0x080067be   0x00000074   Code   RO         3705    i.SD_WideBus_Enable  stm32f4xx_hal_sd.o
    0x08006832   0x00000008   Code   RO         3976    i.StartDefaultTask  freertos.o
    0x0800683a   0x00000004   Code   RO         4076    i.SysTick_Handler   stm32f4xx_it.o
    0x0800683e   0x00000002   PAD
    0x08006840   0x0000009c   Code   RO         4162    i.SystemClock_Config  main.o
    0x080068dc   0x00000054   Code   RO         3913    i.SystemInit        system_stm32f4xx.o
    0x08006930   0x0000000c   Code   RO         4077    i.TIM8_TRG_COM_TIM14_IRQHandler  stm32f4xx_it.o
    0x0800693c   0x000000c0   Code   RO         1538    i.TIM_Base_SetConfig  stm32f4xx_hal_tim.o
    0x080069fc   0x00000010   Code   RO         2561    i.UART_DMAAbortOnError  stm32f4xx_hal_uart.o
    0x08006a0c   0x0000001c   Code   RO         2567    i.UART_EndRxTransfer  stm32f4xx_hal_uart.o
    0x08006a28   0x0000008c   Code   RO         2569    i.UART_Receive_IT   stm32f4xx_hal_uart.o
    0x08006ab4   0x000002ac   Code   RO         2570    i.UART_SetConfig    stm32f4xx_hal_uart.o
    0x08006d60   0x00000062   Code   RO         2571    i.UART_Transmit_IT  stm32f4xx_hal_uart.o
    0x08006dc2   0x00000064   Code   RO         2572    i.UART_WaitOnFlagUntilTimeout  stm32f4xx_hal_uart.o
    0x08006e26   0x00000002   PAD
    0x08006e28   0x00000070   Code   RO         4490    i.USART1_IRQHandler  usrt.o
    0x08006e98   0x00000070   Code   RO         4491    i.USART3_IRQHandler  usrt.o
    0x08006f08   0x00000002   Code   RO         4078    i.UsageFault_Handler  stm32f4xx_it.o
    0x08006f0a   0x00000002   PAD
    0x08006f0c   0x00000020   Code   RO         4963    i.__0printf$5       mc_w.l(printf5.o)
    0x08006f2c   0x0000000e   Code   RO         5136    i.__scatterload_copy  mc_w.l(handlers.o)
    0x08006f3a   0x00000002   Code   RO         5137    i.__scatterload_null  mc_w.l(handlers.o)
    0x08006f3c   0x0000000e   Code   RO         5138    i.__scatterload_zeroinit  mc_w.l(handlers.o)
    0x08006f4a   0x00000002   PAD
    0x08006f4c   0x000002c0   Code   RO         4970    i._printf_core      mc_w.l(printf5.o)
    0x0800720c   0x0000001a   Code   RO         4432    i.delay_ms          delay.o
    0x08007226   0x00000002   PAD
    0x08007228   0x00000034   Code   RO         4433    i.delay_us          delay.o
    0x0800725c   0x00000014   Code   RO         4493    i.fputc             usrt.o
    0x08007270   0x00000026   Code   RO         4163    i.main              main.o
    0x08007296   0x0000000c   Code   RO            5    i.makeFreeRtosPriority  cmsis_os.o
    0x080072a2   0x0000000e   Code   RO            6    i.osDelay           cmsis_os.o
    0x080072b0   0x0000000a   Code   RO            9    i.osKernelStart     cmsis_os.o
    0x080072ba   0x00000014   Code   RO           38    i.osSystickHandler  cmsis_os.o
    0x080072ce   0x00000038   Code   RO           39    i.osThreadCreate    cmsis_os.o
    0x08007306   0x00000002   PAD
    0x08007308   0x00000034   Code   RO          665    i.prvAddCurrentTaskToDelayedList  tasks.o
    0x0800733c   0x00000054   Code   RO          666    i.prvCheckTasksWaitingTermination  tasks.o
    0x08007390   0x0000004c   Code   RO          607    i.prvHeapInit       heap_4.o
    0x080073dc   0x00000028   Code   RO          667    i.prvIdleTask       tasks.o
    0x08007404   0x0000004c   Code   RO          608    i.prvInsertBlockIntoFreeList  heap_4.o
    0x08007450   0x00000020   Code   RO          669    i.prvResetNextTaskUnblockTime  tasks.o
    0x08007470   0x00000028   Code   RO          954    i.prvTaskExitError  port.o
    0x08007498   0x000000d8   Code   RO          609    i.pvPortMalloc      heap_4.o
    0x08007570   0x00000028   Code   RO          955    i.pxPortInitialiseStack  port.o
    0x08007598   0x00000118   Code   RO         3977    i.show_sdcard_info  freertos.o
    0x080076b0   0x00000024   Code   RO          571    i.uxListRemove      list.o
    0x080076d4   0x00000016   Code   RO          572    i.vListInitialise   list.o
    0x080076ea   0x00000006   Code   RO          573    i.vListInitialiseItem  list.o
    0x080076f0   0x00000030   Code   RO          574    i.vListInsert       list.o
    0x08007720   0x00000018   Code   RO          575    i.vListInsertEnd    list.o
    0x08007738   0x00000040   Code   RO          957    i.vPortEnterCritical  port.o
    0x08007778   0x00000028   Code   RO          958    i.vPortExitCritical  port.o
    0x080077a0   0x0000005c   Code   RO          610    i.vPortFree         heap_4.o
    0x080077fc   0x00000020   Code   RO          959    i.vPortSetupTimerInterrupt  port.o
    0x0800781c   0x00000068   Code   RO          679    i.vTaskDelay        tasks.o
    0x08007884   0x00000068   Code   RO          691    i.vTaskStartScheduler  tasks.o
    0x080078ec   0x00000010   Code   RO          693    i.vTaskSuspendAll   tasks.o
    0x080078fc   0x0000005c   Code   RO          694    i.vTaskSwitchContext  tasks.o
    0x08007958   0x000000e0   Code   RO          961    i.xPortStartScheduler  port.o
    0x08007a38   0x0000002c   Code   RO          962    i.xPortSysTickHandler  port.o
    0x08007a64   0x000001bc   Code   RO          696    i.xTaskGenericCreate  tasks.o
    0x08007c20   0x0000001c   Code   RO          700    i.xTaskGetSchedulerState  tasks.o
    0x08007c3c   0x000000cc   Code   RO          703    i.xTaskIncrementTick  tasks.o
    0x08007d08   0x000000c4   Code   RO          709    i.xTaskResumeAll    tasks.o
    0x08007dcc   0x00000008   Data   RO         2441    .constdata          stm32f4xx_hal_dma.o
    0x08007dd4   0x00000010   Data   RO         3157    .constdata          stm32f4xx_hal_rcc.o
    0x08007de4   0x00000050   Data   RO         3978    .constdata          freertos.o
    0x08007e34   0x000017c0   Data   RO         4583    .constdata          lcd.o
    0x080095f4   0x0000002f   Data   RO         3979    .conststring        freertos.o
    0x08009623   0x00000001   PAD
    0x08009624   0x00000020   Data   RO         5134    Region$$Table       anon$$obj.o


    Execution Region RW_IRAM1 (Base: 0x20000000, Size: 0x000045a0, Max: 0x00020000, ABSOLUTE)

    Base Addr    Size         Type   Attr      Idx    E Section Name        Object

    0x20000000   0x00000018   Data   RW          615    .data               heap_4.o
    0x20000018   0x00000038   Data   RW          712    .data               tasks.o
    0x20000050   0x0000000c   Data   RW          963    .data               port.o
    0x2000005c   0x00000004   Data   RW         1266    .data               stm32f4xx_hal.o
    0x20000060   0x00000004   Data   RW         3915    .data               system_stm32f4xx.o
    0x20000064   0x00000008   Data   RW         3980    .data               freertos.o
    0x2000006c   0x00000008   Data   RW         4322    .data               fsmc.o
    0x20000074   0x00000004   Data   RW         4434    .data               delay.o
    0x20000078   0x00000004   Data   RW         4496    .data               usrt.o
    0x2000007c   0x00000004   Data   RW         4497    .data               usrt.o
    0x20000080   0x00000001   Data   RW         4498    .data               usrt.o
    0x20000081   0x00000001   PAD
    0x20000082   0x00000004   Data   RW         4585    .data               lcd.o
    0x20000086   0x00000002   PAD
    0x20000088   0x00003c00   Zero   RW          614    .bss                heap_4.o
    0x20003c88   0x000000f0   Zero   RW          711    .bss                tasks.o
    0x20003d78   0x0000003c   Zero   RW         4214    .bss                stm32f4xx_hal_timebase_tim.o
    0x20003db4   0x00000040   Zero   RW         4278    .bss                usart.o
    0x20003df4   0x00000050   Zero   RW         4321    .bss                fsmc.o
    0x20003e44   0x00000004   PAD
    0x20003e48   0x00000178   Zero   RW         4392    .bss                sdio.o
    0x20003fc0   0x000001d0   Zero   RW         4495    .bss                usrt.o
    0x20004190   0x0000000e   Zero   RW         4582    .bss                lcd.o
    0x2000419e   0x00000002   PAD
    0x200041a0   0x00000400   Zero   RW         3902    STACK               startup_stm32f407xx.o


==============================================================================

Image component sizes


      Code (inc. data)   RO Data    RW Data    ZI Data      Debug   Object Name

       112          0          0          0          0      28728   cmsis_os.o
         0          0          0          0          0       8460   croutine.o
        78          4          0          4          0       1450   delay.o
        60          4          0          0          0        838   dma.o
       964        422        127          8          0      10833   freertos.o
       288         34          0          8         80       2443   fsmc.o
       212         14          0          0          0       1139   gpio.o
       460         24          0         24      15360       7487   heap_4.o
     15760        110       6080          4         14      23093   lcd.o
       136          0          0          0          0       3778   list.o
       216         14          0          0          0       2868   main.o
       670         74          0         12          0       8804   port.o
         0          0          0          0          0       9936   queue.o
        12          6          0          0          0        482   sd.o
       360         68          0          0        376       2098   sdio.o
        36          8        392          0       1024        832   startup_stm32f407xx.o
       102         16          0          4          0       3804   stm32f4xx_hal.o
       218         14          0          0          0      31301   stm32f4xx_hal_cortex.o
       792         22          8          0          0       4983   stm32f4xx_hal_dma.o
       450         44          0          0          0       3289   stm32f4xx_hal_gpio.o
        88          0          0          0          0        562   stm32f4xx_hal_msp.o
         0          0          0          0          0     342300   stm32f4xx_hal_pwr_ex.o
      1404         86         16          0          0       6916   stm32f4xx_hal_rcc.o
      2622         14          0          0          0      17626   stm32f4xx_hal_sd.o
        86          0          0          0          0       1288   stm32f4xx_hal_sram.o
       638         44          0          0          0       7438   stm32f4xx_hal_tim.o
         4          0          0          0          0       1726   stm32f4xx_hal_tim_ex.o
       116         16          0          0         60       1565   stm32f4xx_hal_timebase_tim.o
      1884         14          0          0          0      12048   stm32f4xx_hal_uart.o
        52         18          0          0          0       4999   stm32f4xx_it.o
       216         12          0          0          0       2863   stm32f4xx_ll_fsmc.o
       148          4          0          0          0       5784   stm32f4xx_ll_sdmmc.o
        84         18          0          4          0       1461   system_stm32f4xx.o
      1396        116          0         56        240      14842   tasks.o
       328         40          0          0         64       2014   usart.o
       244         34          0          9        464       3836   usrt.o

    ----------------------------------------------------------------------
     30266       1294       6656        136      17688     583914   Object Totals
         0          0         32          0          0          0   (incl. Generated)
        30          0          1          3          6          0   (incl. Padding)

    ----------------------------------------------------------------------

      Code (inc. data)   RO Data    RW Data    ZI Data      Debug   Library Member Name

         0          0          0          0          0          0   entry.o
         0          0          0          0          0          0   entry10a.o
         0          0          0          0          0          0   entry11a.o
         8          4          0          0          0          0   entry2.o
         4          0          0          0          0          0   entry5.o
         0          0          0          0          0          0   entry7b.o
         0          0          0          0          0          0   entry8b.o
         8          4          0          0          0          0   entry9a.o
        30          0          0          0          0          0   handlers.o
        36          8          0          0          0         68   init.o
         0          0          0          0          0          0   iusefp.o
        30          0          0          0          0         68   llshl.o
        32          0          0          0          0         68   llushr.o
        36          0          0          0          0         68   memcpya.o
        36          0          0          0          0        108   memseta.o
       736         56          0          0          0        184   printf5.o
        98          0          0          0          0         92   uldiv.o
       186          0          0          0          0        176   depilogue.o
        50          0          0          0          0         76   dfixui.o
        26          0          0          0          0         76   dfltui.o
       228          0          0          0          0         96   dmul.o

    ----------------------------------------------------------------------
      1546         72          0          0          0       1080   Library Totals
         2          0          0          0          0          0   (incl. Padding)

    ----------------------------------------------------------------------

      Code (inc. data)   RO Data    RW Data    ZI Data      Debug   Library Name

      1054         72          0          0          0        656   mc_w.l
       490          0          0          0          0        424   mf_w.l

    ----------------------------------------------------------------------
      1546         72          0          0          0       1080   Library Totals

    ----------------------------------------------------------------------

==============================================================================


      Code (inc. data)   RO Data    RW Data    ZI Data      Debug   

     31812       1366       6656        136      17688     568978   Grand Totals
     31812       1366       6656        136      17688     568978   ELF Image Totals
     31812       1366       6656        136          0          0   ROM Totals

==============================================================================

    Total RO  Size (Code + RO Data)                38468 (  37.57kB)
    Total RW  Size (RW Data + ZI Data)             17824 (  17.41kB)
    Total ROM Size (Code + RO Data + RW Data)      38604 (  37.70kB)

==============================================================================

